#! /usr/bin/vvp
:ivl_version "12.0 (stable)";
:ivl_delay_selection "TYPICAL";
:vpi_time_precision + 0;
:vpi_module "/usr/lib/x86_64-linux-gnu/ivl/system.vpi";
:vpi_module "/usr/lib/x86_64-linux-gnu/ivl/vhdl_sys.vpi";
:vpi_module "/usr/lib/x86_64-linux-gnu/ivl/vhdl_textio.vpi";
:vpi_module "/usr/lib/x86_64-linux-gnu/ivl/v2005_math.vpi";
:vpi_module "/usr/lib/x86_64-linux-gnu/ivl/va_math.vpi";
:vpi_module "/usr/lib/x86_64-linux-gnu/ivl/v2009.vpi";
S_0x5d8fcffac120 .scope package, "$unit" "$unit" 2 1;
 .timescale 0 0;
S_0x5d8fcffaa500 .scope module, "tb" "tb" 3 1;
 .timescale 0 0;
P_0x5d8fcffad6a0 .param/l "depth" 0 3 3, +C4<00000000000000000000000000000100>;
P_0x5d8fcffad6e0 .param/l "max_transfers" 1 3 214, +C4<00000000000000000000000001100100>;
P_0x5d8fcffad720 .param/l "width" 0 3 3, +C4<00000000000000000000000000000100>;
v0x5d8fcffe1d90_0 .var "a_count", 32 0;
v0x5d8fcffe1e90_0 .var "a_data", 3 0;
v0x5d8fcffe1f50_0 .var/queue "a_queue", 4;
v0x5d8fcffe2020_0 .net "a_ready", 0 0, L_0x5d8fcffab230;  1 drivers
v0x5d8fcffe2110_0 .var "a_valid", 0 0;
v0x5d8fcffe2250_0 .var "b_count", 32 0;
v0x5d8fcffe2310_0 .var "b_data", 3 0;
v0x5d8fcffe23d0_0 .var/queue "b_queue", 4;
v0x5d8fcffe2470_0 .net "b_ready", 0 0, L_0x5d8fcffe36f0;  1 drivers
v0x5d8fcffe2510_0 .var "b_valid", 0 0;
v0x5d8fcffe2600_0 .var "clk", 0 0;
v0x5d8fcffe26a0_0 .var/2u "cycle", 31 0;
v0x5d8fcffe2780_0 .var "n_cycles", 32 0;
v0x5d8fcffe2860_0 .var "rst", 0 0;
v0x5d8fcffe2900_0 .var "sum_count", 32 0;
v0x5d8fcffe29e0_0 .net "sum_data", 3 0, L_0x5d8fcffe4b60;  1 drivers
v0x5d8fcffe2aa0_0 .var "sum_data_expected", 3 0;
v0x5d8fcffe2c90_0 .var "sum_ready", 0 0;
v0x5d8fcffe2d80_0 .net "sum_valid", 0 0, L_0x5d8fcffe4820;  1 drivers
v0x5d8fcffe2e70_0 .var "was_reset", 0 0;
S_0x5d8fcffa9d10 .scope begin, "$ivl_for_loop0" "$ivl_for_loop0" 3 160, 3 160 0, S_0x5d8fcffaa500;
 .timescale 0 0;
v0x5d8fcffa4db0_0 .var/2s "i", 31 0;
S_0x5d8fcffd9b60 .scope begin, "$ivl_for_loop1" "$ivl_for_loop1" 3 170, 3 170 0, S_0x5d8fcffaa500;
 .timescale 0 0;
v0x5d8fcffa4eb0_0 .var/2s "i", 31 0;
S_0x5d8fcffd9d50 .scope module, "dut" "a_plus_b_using_fifos" 3 35, 4 1 0, S_0x5d8fcffaa500;
 .timescale 0 0;
    .port_info 0 /INPUT 1 "clk";
    .port_info 1 /INPUT 1 "rst";
    .port_info 2 /INPUT 1 "a_valid";
    .port_info 3 /OUTPUT 1 "a_ready";
    .port_info 4 /INPUT 4 "a_data";
    .port_info 5 /INPUT 1 "b_valid";
    .port_info 6 /OUTPUT 1 "b_ready";
    .port_info 7 /INPUT 4 "b_data";
    .port_info 8 /OUTPUT 1 "sum_valid";
    .port_info 9 /INPUT 1 "sum_ready";
    .port_info 10 /OUTPUT 4 "sum_data";
P_0x5d8fcffbd220 .param/l "depth" 0 4 3, +C4<00000000000000000000000000000100>;
P_0x5d8fcffbd260 .param/l "width" 0 4 3, +C4<00000000000000000000000000000100>;
L_0x5d8fcffe41b0 .functor AND 1, L_0x5d8fcffac620, L_0x5d8fcffe3900, C4<1>, C4<1>;
L_0x5d8fcffe4430 .functor AND 1, L_0x5d8fcffe3900, L_0x5d8fcffe4650, C4<1>, C4<1>;
L_0x5d8fcffe45c0 .functor AND 1, L_0x5d8fcffac620, L_0x5d8fcffe4650, C4<1>, C4<1>;
v0x5d8fcffe0c60_0 .net "a_data", 3 0, v0x5d8fcffe1e90_0;  1 drivers
v0x5d8fcffe0d40_0 .net "a_down_data", 3 0, L_0x5d8fcffa5960;  1 drivers
v0x5d8fcffe0e00_0 .net "a_down_ready", 0 0, L_0x5d8fcffe4430;  1 drivers
v0x5d8fcffe0ea0_0 .net "a_down_valid", 0 0, L_0x5d8fcffac620;  1 drivers
v0x5d8fcffe0f70_0 .net "a_ready", 0 0, L_0x5d8fcffab230;  alias, 1 drivers
v0x5d8fcffe1010_0 .net "a_valid", 0 0, v0x5d8fcffe2110_0;  1 drivers
v0x5d8fcffe10e0_0 .net "b_data", 3 0, v0x5d8fcffe2310_0;  1 drivers
v0x5d8fcffe11d0_0 .net "b_down_data", 3 0, L_0x5d8fcffe3cb0;  1 drivers
v0x5d8fcffe12c0_0 .net "b_down_ready", 0 0, L_0x5d8fcffe45c0;  1 drivers
v0x5d8fcffe13f0_0 .net "b_down_valid", 0 0, L_0x5d8fcffe3900;  1 drivers
v0x5d8fcffe1490_0 .net "b_ready", 0 0, L_0x5d8fcffe36f0;  alias, 1 drivers
v0x5d8fcffe1560_0 .net "b_valid", 0 0, v0x5d8fcffe2510_0;  1 drivers
v0x5d8fcffe1630_0 .net "clk", 0 0, v0x5d8fcffe2600_0;  1 drivers
v0x5d8fcffe16d0_0 .net "rst", 0 0, v0x5d8fcffe2860_0;  1 drivers
v0x5d8fcffe1770_0 .net "sum_data", 3 0, L_0x5d8fcffe4b60;  alias, 1 drivers
v0x5d8fcffe1810_0 .net "sum_ready", 0 0, v0x5d8fcffe2c90_0;  1 drivers
v0x5d8fcffe18b0_0 .net "sum_up_data", 3 0, L_0x5d8fcffe4390;  1 drivers
v0x5d8fcffe1ab0_0 .net "sum_up_ready", 0 0, L_0x5d8fcffe4650;  1 drivers
v0x5d8fcffe1b50_0 .net "sum_up_valid", 0 0, L_0x5d8fcffe41b0;  1 drivers
v0x5d8fcffe1c20_0 .net "sum_valid", 0 0, L_0x5d8fcffe4820;  alias, 1 drivers
L_0x5d8fcffe4390 .arith/sum 4, L_0x5d8fcffa5960, L_0x5d8fcffe3cb0;
S_0x5d8fcffda000 .scope module, "fifo_a" "ff_fifo_wrapped_in_valid_ready" 4 32, 5 1 0, S_0x5d8fcffd9d50;
 .timescale 0 0;
    .port_info 0 /INPUT 1 "clk";
    .port_info 1 /INPUT 1 "rst";
    .port_info 2 /INPUT 1 "up_valid";
    .port_info 3 /OUTPUT 1 "up_ready";
    .port_info 4 /INPUT 4 "up_data";
    .port_info 5 /OUTPUT 1 "down_valid";
    .port_info 6 /INPUT 1 "down_ready";
    .port_info 7 /OUTPUT 4 "down_data";
P_0x5d8fcffbf1b0 .param/l "depth" 0 5 3, +C4<00000000000000000000000000000100>;
P_0x5d8fcffbf1f0 .param/l "width" 0 5 3, +C4<00000000000000000000000000000100>;
L_0x5d8fcffab230 .functor NOT 1, L_0x5d8fcffe3630, C4<0>, C4<0>, C4<0>;
L_0x5d8fcffabf80 .functor AND 1, v0x5d8fcffe2110_0, L_0x5d8fcffab230, C4<1>, C4<1>;
L_0x5d8fcffac620 .functor NOT 1, L_0x5d8fcff9f830, C4<0>, C4<0>, C4<0>;
L_0x5d8fcffa4c10 .functor AND 1, L_0x5d8fcffac620, L_0x5d8fcffe4430, C4<1>, C4<1>;
v0x5d8fcffdb770_0 .net "clk", 0 0, v0x5d8fcffe2600_0;  alias, 1 drivers
v0x5d8fcffdb830_0 .net "down_data", 3 0, L_0x5d8fcffa5960;  alias, 1 drivers
v0x5d8fcffdb900_0 .net "down_ready", 0 0, L_0x5d8fcffe4430;  alias, 1 drivers
v0x5d8fcffdb9d0_0 .net "down_valid", 0 0, L_0x5d8fcffac620;  alias, 1 drivers
v0x5d8fcffdba70_0 .net "fifo_empty", 0 0, L_0x5d8fcff9f830;  1 drivers
v0x5d8fcffdbb10_0 .net "fifo_full", 0 0, L_0x5d8fcffe3630;  1 drivers
v0x5d8fcffdbbe0_0 .net "fifo_pop", 0 0, L_0x5d8fcffa4c10;  1 drivers
v0x5d8fcffdbcb0_0 .net "fifo_push", 0 0, L_0x5d8fcffabf80;  1 drivers
v0x5d8fcffdbd80_0 .net "rst", 0 0, v0x5d8fcffe2860_0;  alias, 1 drivers
v0x5d8fcffdbe50_0 .net "up_data", 3 0, v0x5d8fcffe1e90_0;  alias, 1 drivers
v0x5d8fcffdbf20_0 .net "up_ready", 0 0, L_0x5d8fcffab230;  alias, 1 drivers
v0x5d8fcffdbfc0_0 .net "up_valid", 0 0, v0x5d8fcffe2110_0;  alias, 1 drivers
S_0x5d8fcffda330 .scope module, "fifo" "flip_flop_fifo" 5 31, 6 1 0, S_0x5d8fcffda000;
 .timescale 0 0;
    .port_info 0 /INPUT 1 "clk";
    .port_info 1 /INPUT 1 "rst";
    .port_info 2 /INPUT 1 "push";
    .port_info 3 /INPUT 1 "pop";
    .port_info 4 /INPUT 4 "write_data";
    .port_info 5 /OUTPUT 4 "read_data";
    .port_info 6 /OUTPUT 1 "empty";
    .port_info 7 /OUTPUT 1 "full";
P_0x5d8fcffda530 .param/l "depth" 0 6 3, +C4<00000000000000000000000000000100>;
P_0x5d8fcffda570 .param/l "max_ptr" 1 6 19, +C4<11>;
P_0x5d8fcffda5b0 .param/l "pointer_width" 1 6 18, +C4<00000000000000000000000000000010>;
P_0x5d8fcffda5f0 .param/l "width" 0 6 3, +C4<00000000000000000000000000000100>;
L_0x5d8fcffa5960 .functor BUFZ 4, L_0x5d8fcffe3160, C4<0000>, C4<0000>, C4<0000>;
L_0x5d8fcffa6000 .functor XNOR 1, v0x5d8fcffdb4d0_0, v0x5d8fcffdb080_0, C4<0>, C4<0>;
L_0x5d8fcff9f830 .functor AND 1, L_0x5d8fcffe3390, L_0x5d8fcffa6000, C4<1>, C4<1>;
L_0x5d8fcffe3520 .functor XOR 1, v0x5d8fcffdb4d0_0, v0x5d8fcffdb080_0, C4<0>, C4<0>;
L_0x5d8fcffe3630 .functor AND 1, L_0x5d8fcffe3390, L_0x5d8fcffe3520, C4<1>, C4<1>;
v0x5d8fcffa5b00_0 .net *"_ivl_0", 3 0, L_0x5d8fcffe3160;  1 drivers
v0x5d8fcffa5bd0_0 .net *"_ivl_10", 0 0, L_0x5d8fcffa6000;  1 drivers
v0x5d8fcffa6120_0 .net *"_ivl_14", 0 0, L_0x5d8fcffe3520;  1 drivers
v0x5d8fcff9f9d0_0 .net *"_ivl_2", 3 0, L_0x5d8fcffe3200;  1 drivers
L_0x721c51f57018 .functor BUFT 1, C4<00>, C4<0>, C4<0>, C4<0>;
v0x5d8fcff9fad0_0 .net *"_ivl_5", 1 0, L_0x721c51f57018;  1 drivers
v0x5d8fcffdaa60_0 .net "clk", 0 0, v0x5d8fcffe2600_0;  alias, 1 drivers
v0x5d8fcffdab20 .array "data", 3 0, 3 0;
v0x5d8fcffdabe0_0 .net "empty", 0 0, L_0x5d8fcff9f830;  alias, 1 drivers
v0x5d8fcffdaca0_0 .net "equal_ptrs", 0 0, L_0x5d8fcffe3390;  1 drivers
v0x5d8fcffdad60_0 .net "full", 0 0, L_0x5d8fcffe3630;  alias, 1 drivers
v0x5d8fcffdae20_0 .net "pop", 0 0, L_0x5d8fcffa4c10;  alias, 1 drivers
v0x5d8fcffdaee0_0 .net "push", 0 0, L_0x5d8fcffabf80;  alias, 1 drivers
v0x5d8fcffdafa0_0 .var "rd_ptr", 1 0;
v0x5d8fcffdb080_0 .var "rd_ptr_odd_circle", 0 0;
v0x5d8fcffdb140_0 .net "read_data", 3 0, L_0x5d8fcffa5960;  alias, 1 drivers
v0x5d8fcffdb220_0 .net "rst", 0 0, v0x5d8fcffe2860_0;  alias, 1 drivers
v0x5d8fcffdb2e0_0 .var "wr_ptr", 1 0;
v0x5d8fcffdb4d0_0 .var "wr_ptr_odd_circle", 0 0;
v0x5d8fcffdb590_0 .net "write_data", 3 0, v0x5d8fcffe1e90_0;  alias, 1 drivers
E_0x5d8fcff72ca0 .event posedge, v0x5d8fcffdaa60_0;
E_0x5d8fcff72a60 .event posedge, v0x5d8fcffdb220_0, v0x5d8fcffdaa60_0;
L_0x5d8fcffe3160 .array/port v0x5d8fcffdab20, L_0x5d8fcffe3200;
L_0x5d8fcffe3200 .concat [ 2 2 0 0], v0x5d8fcffdafa0_0, L_0x721c51f57018;
L_0x5d8fcffe3390 .cmp/eq 2, v0x5d8fcffdb2e0_0, v0x5d8fcffdafa0_0;
S_0x5d8fcffdc100 .scope module, "fifo_b" "ff_fifo_wrapped_in_valid_ready" 4 56, 5 1 0, S_0x5d8fcffd9d50;
 .timescale 0 0;
    .port_info 0 /INPUT 1 "clk";
    .port_info 1 /INPUT 1 "rst";
    .port_info 2 /INPUT 1 "up_valid";
    .port_info 3 /OUTPUT 1 "up_ready";
    .port_info 4 /INPUT 4 "up_data";
    .port_info 5 /OUTPUT 1 "down_valid";
    .port_info 6 /INPUT 1 "down_ready";
    .port_info 7 /OUTPUT 4 "down_data";
P_0x5d8fcffbd020 .param/l "depth" 0 5 3, +C4<00000000000000000000000000000100>;
P_0x5d8fcffbd060 .param/l "width" 0 5 3, +C4<00000000000000000000000000000100>;
L_0x5d8fcffe36f0 .functor NOT 1, L_0x5d8fcffe40f0, C4<0>, C4<0>, C4<0>;
L_0x5d8fcffe37b0 .functor AND 1, v0x5d8fcffe2510_0, L_0x5d8fcffe36f0, C4<1>, C4<1>;
L_0x5d8fcffe3900 .functor NOT 1, L_0x5d8fcffe3ed0, C4<0>, C4<0>, C4<0>;
L_0x5d8fcffe39c0 .functor AND 1, L_0x5d8fcffe3900, L_0x5d8fcffe45c0, C4<1>, C4<1>;
v0x5d8fcffddce0_0 .net "clk", 0 0, v0x5d8fcffe2600_0;  alias, 1 drivers
v0x5d8fcffddda0_0 .net "down_data", 3 0, L_0x5d8fcffe3cb0;  alias, 1 drivers
v0x5d8fcffdde60_0 .net "down_ready", 0 0, L_0x5d8fcffe45c0;  alias, 1 drivers
v0x5d8fcffddf00_0 .net "down_valid", 0 0, L_0x5d8fcffe3900;  alias, 1 drivers
v0x5d8fcffddfa0_0 .net "fifo_empty", 0 0, L_0x5d8fcffe3ed0;  1 drivers
v0x5d8fcffde040_0 .net "fifo_full", 0 0, L_0x5d8fcffe40f0;  1 drivers
v0x5d8fcffde0e0_0 .net "fifo_pop", 0 0, L_0x5d8fcffe39c0;  1 drivers
v0x5d8fcffde1b0_0 .net "fifo_push", 0 0, L_0x5d8fcffe37b0;  1 drivers
v0x5d8fcffde280_0 .net "rst", 0 0, v0x5d8fcffe2860_0;  alias, 1 drivers
v0x5d8fcffde320_0 .net "up_data", 3 0, v0x5d8fcffe2310_0;  alias, 1 drivers
v0x5d8fcffde3f0_0 .net "up_ready", 0 0, L_0x5d8fcffe36f0;  alias, 1 drivers
v0x5d8fcffde490_0 .net "up_valid", 0 0, v0x5d8fcffe2510_0;  alias, 1 drivers
S_0x5d8fcffdc4d0 .scope module, "fifo" "flip_flop_fifo" 5 31, 6 1 0, S_0x5d8fcffdc100;
 .timescale 0 0;
    .port_info 0 /INPUT 1 "clk";
    .port_info 1 /INPUT 1 "rst";
    .port_info 2 /INPUT 1 "push";
    .port_info 3 /INPUT 1 "pop";
    .port_info 4 /INPUT 4 "write_data";
    .port_info 5 /OUTPUT 4 "read_data";
    .port_info 6 /OUTPUT 1 "empty";
    .port_info 7 /OUTPUT 1 "full";
P_0x5d8fcffdc6b0 .param/l "depth" 0 6 3, +C4<00000000000000000000000000000100>;
P_0x5d8fcffdc6f0 .param/l "max_ptr" 1 6 19, +C4<11>;
P_0x5d8fcffdc730 .param/l "pointer_width" 1 6 18, +C4<00000000000000000000000000000010>;
P_0x5d8fcffdc770 .param/l "width" 0 6 3, +C4<00000000000000000000000000000100>;
L_0x5d8fcffe3cb0 .functor BUFZ 4, L_0x5d8fcffe3ad0, C4<0000>, C4<0000>, C4<0000>;
L_0x5d8fcffe3e60 .functor XNOR 1, v0x5d8fcffdd9f0_0, v0x5d8fcffdd5c0_0, C4<0>, C4<0>;
L_0x5d8fcffe3ed0 .functor AND 1, L_0x5d8fcffe3d70, L_0x5d8fcffe3e60, C4<1>, C4<1>;
L_0x5d8fcffe3fe0 .functor XOR 1, v0x5d8fcffdd9f0_0, v0x5d8fcffdd5c0_0, C4<0>, C4<0>;
L_0x5d8fcffe40f0 .functor AND 1, L_0x5d8fcffe3d70, L_0x5d8fcffe3fe0, C4<1>, C4<1>;
v0x5d8fcffdcaf0_0 .net *"_ivl_0", 3 0, L_0x5d8fcffe3ad0;  1 drivers
v0x5d8fcffdcbd0_0 .net *"_ivl_10", 0 0, L_0x5d8fcffe3e60;  1 drivers
v0x5d8fcffdcc90_0 .net *"_ivl_14", 0 0, L_0x5d8fcffe3fe0;  1 drivers
v0x5d8fcffdcd60_0 .net *"_ivl_2", 3 0, L_0x5d8fcffe3b70;  1 drivers
L_0x721c51f57060 .functor BUFT 1, C4<00>, C4<0>, C4<0>, C4<0>;
v0x5d8fcffdce40_0 .net *"_ivl_5", 1 0, L_0x721c51f57060;  1 drivers
v0x5d8fcffdcf70_0 .net "clk", 0 0, v0x5d8fcffe2600_0;  alias, 1 drivers
v0x5d8fcffdd060 .array "data", 3 0, 3 0;
v0x5d8fcffdd120_0 .net "empty", 0 0, L_0x5d8fcffe3ed0;  alias, 1 drivers
v0x5d8fcffdd1e0_0 .net "equal_ptrs", 0 0, L_0x5d8fcffe3d70;  1 drivers
v0x5d8fcffdd2a0_0 .net "full", 0 0, L_0x5d8fcffe40f0;  alias, 1 drivers
v0x5d8fcffdd360_0 .net "pop", 0 0, L_0x5d8fcffe39c0;  alias, 1 drivers
v0x5d8fcffdd420_0 .net "push", 0 0, L_0x5d8fcffe37b0;  alias, 1 drivers
v0x5d8fcffdd4e0_0 .var "rd_ptr", 1 0;
v0x5d8fcffdd5c0_0 .var "rd_ptr_odd_circle", 0 0;
v0x5d8fcffdd680_0 .net "read_data", 3 0, L_0x5d8fcffe3cb0;  alias, 1 drivers
v0x5d8fcffdd760_0 .net "rst", 0 0, v0x5d8fcffe2860_0;  alias, 1 drivers
v0x5d8fcffdd800_0 .var "wr_ptr", 1 0;
v0x5d8fcffdd9f0_0 .var "wr_ptr_odd_circle", 0 0;
v0x5d8fcffddab0_0 .net "write_data", 3 0, v0x5d8fcffe2310_0;  alias, 1 drivers
L_0x5d8fcffe3ad0 .array/port v0x5d8fcffdd060, L_0x5d8fcffe3b70;
L_0x5d8fcffe3b70 .concat [ 2 2 0 0], v0x5d8fcffdd4e0_0, L_0x721c51f57060;
L_0x5d8fcffe3d70 .cmp/eq 2, v0x5d8fcffdd800_0, v0x5d8fcffdd4e0_0;
S_0x5d8fcffde5f0 .scope module, "fifo_sum" "ff_fifo_wrapped_in_valid_ready" 4 83, 5 1 0, S_0x5d8fcffd9d50;
 .timescale 0 0;
    .port_info 0 /INPUT 1 "clk";
    .port_info 1 /INPUT 1 "rst";
    .port_info 2 /INPUT 1 "up_valid";
    .port_info 3 /OUTPUT 1 "up_ready";
    .port_info 4 /INPUT 4 "up_data";
    .port_info 5 /OUTPUT 1 "down_valid";
    .port_info 6 /INPUT 1 "down_ready";
    .port_info 7 /OUTPUT 4 "down_data";
P_0x5d8fcffbdde0 .param/l "depth" 0 5 3, +C4<00000000000000000000000000000100>;
P_0x5d8fcffbde20 .param/l "width" 0 5 3, +C4<00000000000000000000000000000100>;
L_0x5d8fcffe4650 .functor NOT 1, L_0x5d8fcffe4fe0, C4<0>, C4<0>, C4<0>;
L_0x5d8fcffe4790 .functor AND 1, L_0x5d8fcffe41b0, L_0x5d8fcffe4650, C4<1>, C4<1>;
L_0x5d8fcffe4820 .functor NOT 1, L_0x5d8fcffe4dc0, C4<0>, C4<0>, C4<0>;
L_0x5d8fcffe48b0 .functor AND 1, L_0x5d8fcffe4820, v0x5d8fcffe2c90_0, C4<1>, C4<1>;
v0x5d8fcffe02f0_0 .net "clk", 0 0, v0x5d8fcffe2600_0;  alias, 1 drivers
v0x5d8fcffe03b0_0 .net "down_data", 3 0, L_0x5d8fcffe4b60;  alias, 1 drivers
v0x5d8fcffe0470_0 .net "down_ready", 0 0, v0x5d8fcffe2c90_0;  alias, 1 drivers
v0x5d8fcffe0540_0 .net "down_valid", 0 0, L_0x5d8fcffe4820;  alias, 1 drivers
v0x5d8fcffe05e0_0 .net "fifo_empty", 0 0, L_0x5d8fcffe4dc0;  1 drivers
v0x5d8fcffe0680_0 .net "fifo_full", 0 0, L_0x5d8fcffe4fe0;  1 drivers
v0x5d8fcffe0750_0 .net "fifo_pop", 0 0, L_0x5d8fcffe48b0;  1 drivers
v0x5d8fcffe0820_0 .net "fifo_push", 0 0, L_0x5d8fcffe4790;  1 drivers
v0x5d8fcffe08f0_0 .net "rst", 0 0, v0x5d8fcffe2860_0;  alias, 1 drivers
v0x5d8fcffe0990_0 .net "up_data", 3 0, L_0x5d8fcffe4390;  alias, 1 drivers
v0x5d8fcffe0a60_0 .net "up_ready", 0 0, L_0x5d8fcffe4650;  alias, 1 drivers
v0x5d8fcffe0b00_0 .net "up_valid", 0 0, L_0x5d8fcffe41b0;  alias, 1 drivers
S_0x5d8fcffdea60 .scope module, "fifo" "flip_flop_fifo" 5 31, 6 1 0, S_0x5d8fcffde5f0;
 .timescale 0 0;
    .port_info 0 /INPUT 1 "clk";
    .port_info 1 /INPUT 1 "rst";
    .port_info 2 /INPUT 1 "push";
    .port_info 3 /INPUT 1 "pop";
    .port_info 4 /INPUT 4 "write_data";
    .port_info 5 /OUTPUT 4 "read_data";
    .port_info 6 /OUTPUT 1 "empty";
    .port_info 7 /OUTPUT 1 "full";
P_0x5d8fcffdec40 .param/l "depth" 0 6 3, +C4<00000000000000000000000000000100>;
P_0x5d8fcffdec80 .param/l "max_ptr" 1 6 19, +C4<11>;
P_0x5d8fcffdecc0 .param/l "pointer_width" 1 6 18, +C4<00000000000000000000000000000010>;
P_0x5d8fcffded00 .param/l "width" 0 6 3, +C4<00000000000000000000000000000100>;
L_0x5d8fcffe4b60 .functor BUFZ 4, L_0x5d8fcffe49d0, C4<0000>, C4<0000>, C4<0000>;
L_0x5d8fcffe4d50 .functor XNOR 1, v0x5d8fcffe0050_0, v0x5d8fcffdfb90_0, C4<0>, C4<0>;
L_0x5d8fcffe4dc0 .functor AND 1, L_0x5d8fcffe4c60, L_0x5d8fcffe4d50, C4<1>, C4<1>;
L_0x5d8fcffe4ed0 .functor XOR 1, v0x5d8fcffe0050_0, v0x5d8fcffdfb90_0, C4<0>, C4<0>;
L_0x5d8fcffe4fe0 .functor AND 1, L_0x5d8fcffe4c60, L_0x5d8fcffe4ed0, C4<1>, C4<1>;
v0x5d8fcffdf080_0 .net *"_ivl_0", 3 0, L_0x5d8fcffe49d0;  1 drivers
v0x5d8fcffdf160_0 .net *"_ivl_10", 0 0, L_0x5d8fcffe4d50;  1 drivers
v0x5d8fcffdf220_0 .net *"_ivl_14", 0 0, L_0x5d8fcffe4ed0;  1 drivers
v0x5d8fcffdf2f0_0 .net *"_ivl_2", 3 0, L_0x5d8fcffe4a70;  1 drivers
L_0x721c51f570a8 .functor BUFT 1, C4<00>, C4<0>, C4<0>, C4<0>;
v0x5d8fcffdf3d0_0 .net *"_ivl_5", 1 0, L_0x721c51f570a8;  1 drivers
v0x5d8fcffdf500_0 .net "clk", 0 0, v0x5d8fcffe2600_0;  alias, 1 drivers
v0x5d8fcffdf5a0 .array "data", 3 0, 3 0;
v0x5d8fcffdf660_0 .net "empty", 0 0, L_0x5d8fcffe4dc0;  alias, 1 drivers
v0x5d8fcffdf720_0 .net "equal_ptrs", 0 0, L_0x5d8fcffe4c60;  1 drivers
v0x5d8fcffdf870_0 .net "full", 0 0, L_0x5d8fcffe4fe0;  alias, 1 drivers
v0x5d8fcffdf930_0 .net "pop", 0 0, L_0x5d8fcffe48b0;  alias, 1 drivers
v0x5d8fcffdf9f0_0 .net "push", 0 0, L_0x5d8fcffe4790;  alias, 1 drivers
v0x5d8fcffdfab0_0 .var "rd_ptr", 1 0;
v0x5d8fcffdfb90_0 .var "rd_ptr_odd_circle", 0 0;
v0x5d8fcffdfc50_0 .net "read_data", 3 0, L_0x5d8fcffe4b60;  alias, 1 drivers
v0x5d8fcffdfd30_0 .net "rst", 0 0, v0x5d8fcffe2860_0;  alias, 1 drivers
v0x5d8fcffdfe60_0 .var "wr_ptr", 1 0;
v0x5d8fcffe0050_0 .var "wr_ptr_odd_circle", 0 0;
v0x5d8fcffe0110_0 .net "write_data", 3 0, L_0x5d8fcffe4390;  alias, 1 drivers
L_0x5d8fcffe49d0 .array/port v0x5d8fcffdf5a0, L_0x5d8fcffe4a70;
L_0x5d8fcffe4a70 .concat [ 2 2 0 0], v0x5d8fcffdfab0_0, L_0x721c51f570a8;
L_0x5d8fcffe4c60 .cmp/eq 2, v0x5d8fcffdfe60_0, v0x5d8fcffdfab0_0;
    .scope S_0x5d8fcffda330;
T_0 ;
    %wait E_0x5d8fcff72a60;
    %load/vec4 v0x5d8fcffdb220_0;
    %flag_set/vec4 8;
    %jmp/0xz  T_0.0, 8;
    %pushi/vec4 0, 0, 2;
    %assign/vec4 v0x5d8fcffdb2e0_0, 0;
    %pushi/vec4 0, 0, 1;
    %assign/vec4 v0x5d8fcffdb4d0_0, 0;
    %jmp T_0.1;
T_0.0 ;
    %load/vec4 v0x5d8fcffdaee0_0;
    %flag_set/vec4 8;
    %jmp/0xz  T_0.2, 8;
    %load/vec4 v0x5d8fcffdb2e0_0;
    %cmpi/e 3, 0, 2;
    %jmp/0xz  T_0.4, 4;
    %pushi/vec4 0, 0, 2;
    %assign/vec4 v0x5d8fcffdb2e0_0, 0;
    %load/vec4 v0x5d8fcffdb4d0_0;
    %inv;
    %assign/vec4 v0x5d8fcffdb4d0_0, 0;
    %jmp T_0.5;
T_0.4 ;
    %load/vec4 v0x5d8fcffdb2e0_0;
    %addi 1, 0, 2;
    %assign/vec4 v0x5d8fcffdb2e0_0, 0;
T_0.5 ;
T_0.2 ;
T_0.1 ;
    %jmp T_0;
    .thread T_0;
    .scope S_0x5d8fcffda330;
T_1 ;
    %wait E_0x5d8fcff72a60;
    %load/vec4 v0x5d8fcffdb220_0;
    %flag_set/vec4 8;
    %jmp/0xz  T_1.0, 8;
    %pushi/vec4 0, 0, 2;
    %assign/vec4 v0x5d8fcffdafa0_0, 0;
    %pushi/vec4 0, 0, 1;
    %assign/vec4 v0x5d8fcffdb080_0, 0;
    %jmp T_1.1;
T_1.0 ;
    %load/vec4 v0x5d8fcffdae20_0;
    %flag_set/vec4 8;
    %jmp/0xz  T_1.2, 8;
    %load/vec4 v0x5d8fcffdafa0_0;
    %cmpi/e 3, 0, 2;
    %jmp/0xz  T_1.4, 4;
    %pushi/vec4 0, 0, 2;
    %assign/vec4 v0x5d8fcffdafa0_0, 0;
    %load/vec4 v0x5d8fcffdb080_0;
    %inv;
    %assign/vec4 v0x5d8fcffdb080_0, 0;
    %jmp T_1.5;
T_1.4 ;
    %load/vec4 v0x5d8fcffdafa0_0;
    %addi 1, 0, 2;
    %assign/vec4 v0x5d8fcffdafa0_0, 0;
T_1.5 ;
T_1.2 ;
T_1.1 ;
    %jmp T_1;
    .thread T_1;
    .scope S_0x5d8fcffda330;
T_2 ;
    %wait E_0x5d8fcff72ca0;
    %load/vec4 v0x5d8fcffdaee0_0;
    %flag_set/vec4 8;
    %jmp/0xz  T_2.0, 8;
    %load/vec4 v0x5d8fcffdb590_0;
    %load/vec4 v0x5d8fcffdb2e0_0;
    %pad/u 4;
    %ix/vec4 3;
    %ix/load 4, 0, 0; Constant delay
    %assign/vec4/a/d v0x5d8fcffdab20, 0, 4;
T_2.0 ;
    %jmp T_2;
    .thread T_2;
    .scope S_0x5d8fcffdc4d0;
T_3 ;
    %wait E_0x5d8fcff72a60;
    %load/vec4 v0x5d8fcffdd760_0;
    %flag_set/vec4 8;
    %jmp/0xz  T_3.0, 8;
    %pushi/vec4 0, 0, 2;
    %assign/vec4 v0x5d8fcffdd800_0, 0;
    %pushi/vec4 0, 0, 1;
    %assign/vec4 v0x5d8fcffdd9f0_0, 0;
    %jmp T_3.1;
T_3.0 ;
    %load/vec4 v0x5d8fcffdd420_0;
    %flag_set/vec4 8;
    %jmp/0xz  T_3.2, 8;
    %load/vec4 v0x5d8fcffdd800_0;
    %cmpi/e 3, 0, 2;
    %jmp/0xz  T_3.4, 4;
    %pushi/vec4 0, 0, 2;
    %assign/vec4 v0x5d8fcffdd800_0, 0;
    %load/vec4 v0x5d8fcffdd9f0_0;
    %inv;
    %assign/vec4 v0x5d8fcffdd9f0_0, 0;
    %jmp T_3.5;
T_3.4 ;
    %load/vec4 v0x5d8fcffdd800_0;
    %addi 1, 0, 2;
    %assign/vec4 v0x5d8fcffdd800_0, 0;
T_3.5 ;
T_3.2 ;
T_3.1 ;
    %jmp T_3;
    .thread T_3;
    .scope S_0x5d8fcffdc4d0;
T_4 ;
    %wait E_0x5d8fcff72a60;
    %load/vec4 v0x5d8fcffdd760_0;
    %flag_set/vec4 8;
    %jmp/0xz  T_4.0, 8;
    %pushi/vec4 0, 0, 2;
    %assign/vec4 v0x5d8fcffdd4e0_0, 0;
    %pushi/vec4 0, 0, 1;
    %assign/vec4 v0x5d8fcffdd5c0_0, 0;
    %jmp T_4.1;
T_4.0 ;
    %load/vec4 v0x5d8fcffdd360_0;
    %flag_set/vec4 8;
    %jmp/0xz  T_4.2, 8;
    %load/vec4 v0x5d8fcffdd4e0_0;
    %cmpi/e 3, 0, 2;
    %jmp/0xz  T_4.4, 4;
    %pushi/vec4 0, 0, 2;
    %assign/vec4 v0x5d8fcffdd4e0_0, 0;
    %load/vec4 v0x5d8fcffdd5c0_0;
    %inv;
    %assign/vec4 v0x5d8fcffdd5c0_0, 0;
    %jmp T_4.5;
T_4.4 ;
    %load/vec4 v0x5d8fcffdd4e0_0;
    %addi 1, 0, 2;
    %assign/vec4 v0x5d8fcffdd4e0_0, 0;
T_4.5 ;
T_4.2 ;
T_4.1 ;
    %jmp T_4;
    .thread T_4;
    .scope S_0x5d8fcffdc4d0;
T_5 ;
    %wait E_0x5d8fcff72ca0;
    %load/vec4 v0x5d8fcffdd420_0;
    %flag_set/vec4 8;
    %jmp/0xz  T_5.0, 8;
    %load/vec4 v0x5d8fcffddab0_0;
    %load/vec4 v0x5d8fcffdd800_0;
    %pad/u 4;
    %ix/vec4 3;
    %ix/load 4, 0, 0; Constant delay
    %assign/vec4/a/d v0x5d8fcffdd060, 0, 4;
T_5.0 ;
    %jmp T_5;
    .thread T_5;
    .scope S_0x5d8fcffdea60;
T_6 ;
    %wait E_0x5d8fcff72a60;
    %load/vec4 v0x5d8fcffdfd30_0;
    %flag_set/vec4 8;
    %jmp/0xz  T_6.0, 8;
    %pushi/vec4 0, 0, 2;
    %assign/vec4 v0x5d8fcffdfe60_0, 0;
    %pushi/vec4 0, 0, 1;
    %assign/vec4 v0x5d8fcffe0050_0, 0;
    %jmp T_6.1;
T_6.0 ;
    %load/vec4 v0x5d8fcffdf9f0_0;
    %flag_set/vec4 8;
    %jmp/0xz  T_6.2, 8;
    %load/vec4 v0x5d8fcffdfe60_0;
    %cmpi/e 3, 0, 2;
    %jmp/0xz  T_6.4, 4;
    %pushi/vec4 0, 0, 2;
    %assign/vec4 v0x5d8fcffdfe60_0, 0;
    %load/vec4 v0x5d8fcffe0050_0;
    %inv;
    %assign/vec4 v0x5d8fcffe0050_0, 0;
    %jmp T_6.5;
T_6.4 ;
    %load/vec4 v0x5d8fcffdfe60_0;
    %addi 1, 0, 2;
    %assign/vec4 v0x5d8fcffdfe60_0, 0;
T_6.5 ;
T_6.2 ;
T_6.1 ;
    %jmp T_6;
    .thread T_6;
    .scope S_0x5d8fcffdea60;
T_7 ;
    %wait E_0x5d8fcff72a60;
    %load/vec4 v0x5d8fcffdfd30_0;
    %flag_set/vec4 8;
    %jmp/0xz  T_7.0, 8;
    %pushi/vec4 0, 0, 2;
    %assign/vec4 v0x5d8fcffdfab0_0, 0;
    %pushi/vec4 0, 0, 1;
    %assign/vec4 v0x5d8fcffdfb90_0, 0;
    %jmp T_7.1;
T_7.0 ;
    %load/vec4 v0x5d8fcffdf930_0;
    %flag_set/vec4 8;
    %jmp/0xz  T_7.2, 8;
    %load/vec4 v0x5d8fcffdfab0_0;
    %cmpi/e 3, 0, 2;
    %jmp/0xz  T_7.4, 4;
    %pushi/vec4 0, 0, 2;
    %assign/vec4 v0x5d8fcffdfab0_0, 0;
    %load/vec4 v0x5d8fcffdfb90_0;
    %inv;
    %assign/vec4 v0x5d8fcffdfb90_0, 0;
    %jmp T_7.5;
T_7.4 ;
    %load/vec4 v0x5d8fcffdfab0_0;
    %addi 1, 0, 2;
    %assign/vec4 v0x5d8fcffdfab0_0, 0;
T_7.5 ;
T_7.2 ;
T_7.1 ;
    %jmp T_7;
    .thread T_7;
    .scope S_0x5d8fcffdea60;
T_8 ;
    %wait E_0x5d8fcff72ca0;
    %load/vec4 v0x5d8fcffdf9f0_0;
    %flag_set/vec4 8;
    %jmp/0xz  T_8.0, 8;
    %load/vec4 v0x5d8fcffe0110_0;
    %load/vec4 v0x5d8fcffdfe60_0;
    %pad/u 4;
    %ix/vec4 3;
    %ix/load 4, 0, 0; Constant delay
    %assign/vec4/a/d v0x5d8fcffdf5a0, 0, 4;
T_8.0 ;
    %jmp T_8;
    .thread T_8;
    .scope S_0x5d8fcffaa500;
T_9 ;
    %pushi/vec4 0, 0, 32;
    %store/vec4 v0x5d8fcffe26a0_0, 0, 32;
    %pushi/vec4 0, 0, 1;
    %store/vec4 v0x5d8fcffe2e70_0, 0, 1;
    %end;
    .thread T_9, $init;
    .scope S_0x5d8fcffaa500;
T_10 ;
    %pushi/vec4 1, 0, 1;
    %store/vec4 v0x5d8fcffe2600_0, 0, 1;
T_10.0 ;
    %delay 5, 0;
    %load/vec4 v0x5d8fcffe2600_0;
    %inv;
    %store/vec4 v0x5d8fcffe2600_0, 0, 1;
    %jmp T_10.0;
    %end;
    .thread T_10;
    .scope S_0x5d8fcffaa500;
T_11 ;
    %pushi/vec4 10000, 0, 32;
T_11.0 %dup/vec4;
    %pushi/vec4 0, 0, 32;
    %cmp/s;
    %jmp/1xz T_11.1, 5;
    %jmp/1 T_11.1, 4;
    %pushi/vec4 1, 0, 32;
    %sub;
    %wait E_0x5d8fcff72ca0;
    %jmp T_11.0;
T_11.1 ;
    %pop/vec4 1;
    %vpi_call/w 3 49 "$display", "Timeout!" {0 0 0};
    %vpi_call/w 3 50 "$finish" {0 0 0};
    %end;
    .thread T_11;
    .scope S_0x5d8fcffaa500;
T_12 ;
    %wait E_0x5d8fcff72ca0;
    %vpi_call/w 3 60 "$write", "time %7d cycle %5d", $time, v0x5d8fcffe26a0_0 {0 0 0};
    %load/vec4 v0x5d8fcffe26a0_0;
    %addi 1, 0, 32;
    %cast2;
    %assign/vec4 v0x5d8fcffe26a0_0, 0;
    %load/vec4 v0x5d8fcffe2860_0;
    %flag_set/vec4 8;
    %jmp/0xz  T_12.0, 8;
    %vpi_call/w 3 63 "$write", " rst" {0 0 0};
    %jmp T_12.1;
T_12.0 ;
    %vpi_call/w 3 63 "$write", "    " {0 0 0};
T_12.1 ;
    %load/vec4 v0x5d8fcffe2110_0;
    %flag_set/vec4 8;
    %jmp/0xz  T_12.2, 8;
    %vpi_call/w 3 65 "$write", " a_valid" {0 0 0};
    %jmp T_12.3;
T_12.2 ;
    %vpi_call/w 3 65 "$write", "        " {0 0 0};
T_12.3 ;
    %load/vec4 v0x5d8fcffe2020_0;
    %flag_set/vec4 8;
    %jmp/0xz  T_12.4, 8;
    %vpi_call/w 3 66 "$write", " a_ready" {0 0 0};
    %jmp T_12.5;
T_12.4 ;
    %vpi_call/w 3 66 "$write", "        " {0 0 0};
T_12.5 ;
    %load/vec4 v0x5d8fcffe2110_0;
    %load/vec4 v0x5d8fcffe2020_0;
    %and;
    %flag_set/vec4 8;
    %jmp/0xz  T_12.6, 8;
    %vpi_call/w 3 69 "$write", " %h", v0x5d8fcffe1e90_0 {0 0 0};
    %jmp T_12.7;
T_12.6 ;
    %vpi_call/w 3 71 "$write", "  " {0 0 0};
T_12.7 ;
    %load/vec4 v0x5d8fcffe2510_0;
    %flag_set/vec4 8;
    %jmp/0xz  T_12.8, 8;
    %vpi_call/w 3 73 "$write", " b_valid" {0 0 0};
    %jmp T_12.9;
T_12.8 ;
    %vpi_call/w 3 73 "$write", "        " {0 0 0};
T_12.9 ;
    %load/vec4 v0x5d8fcffe2470_0;
    %flag_set/vec4 8;
    %jmp/0xz  T_12.10, 8;
    %vpi_call/w 3 74 "$write", " b_ready" {0 0 0};
    %jmp T_12.11;
T_12.10 ;
    %vpi_call/w 3 74 "$write", "        " {0 0 0};
T_12.11 ;
    %load/vec4 v0x5d8fcffe2510_0;
    %load/vec4 v0x5d8fcffe2470_0;
    %and;
    %flag_set/vec4 8;
    %jmp/0xz  T_12.12, 8;
    %vpi_call/w 3 77 "$write", " %h", v0x5d8fcffe2310_0 {0 0 0};
    %jmp T_12.13;
T_12.12 ;
    %vpi_call/w 3 79 "$write", "  " {0 0 0};
T_12.13 ;
    %load/vec4 v0x5d8fcffe2d80_0;
    %flag_set/vec4 8;
    %jmp/0xz  T_12.14, 8;
    %vpi_call/w 3 81 "$write", " sum_valid" {0 0 0};
    %jmp T_12.15;
T_12.14 ;
    %vpi_call/w 3 81 "$write", "          " {0 0 0};
T_12.15 ;
    %load/vec4 v0x5d8fcffe2c90_0;
    %flag_set/vec4 8;
    %jmp/0xz  T_12.16, 8;
    %vpi_call/w 3 82 "$write", " sum_ready" {0 0 0};
    %jmp T_12.17;
T_12.16 ;
    %vpi_call/w 3 82 "$write", "          " {0 0 0};
T_12.17 ;
    %load/vec4 v0x5d8fcffe2d80_0;
    %load/vec4 v0x5d8fcffe2c90_0;
    %and;
    %flag_set/vec4 8;
    %jmp/0xz  T_12.18, 8;
    %vpi_call/w 3 85 "$write", " %h", v0x5d8fcffe29e0_0 {0 0 0};
    %jmp T_12.19;
T_12.18 ;
    %vpi_call/w 3 87 "$write", "  " {0 0 0};
T_12.19 ;
    %vpi_call/w 3 89 "$display" {0 0 0};
    %jmp T_12;
    .thread T_12;
    .scope S_0x5d8fcffaa500;
T_13 ;
    %wait E_0x5d8fcff72ca0;
    %load/vec4 v0x5d8fcffe2860_0;
    %flag_set/vec4 8;
    %jmp/0xz  T_13.0, 8;
    %ix/load 4, 0, 0;
    %null;
    %store/obj v0x5d8fcffe1f50_0;
    %ix/load 4, 0, 0;
    %null;
    %store/obj v0x5d8fcffe23d0_0;
    %pushi/vec4 1, 0, 1;
    %store/vec4 v0x5d8fcffe2e70_0, 0, 1;
    %jmp T_13.1;
T_13.0 ;
    %load/vec4 v0x5d8fcffe2e70_0;
    %flag_set/vec4 8;
    %jmp/0xz  T_13.2, 8;
    %load/vec4 v0x5d8fcffe2110_0;
    %load/vec4 v0x5d8fcffe2020_0;
    %and;
    %flag_set/vec4 8;
    %jmp/0xz  T_13.4, 8;
    %ix/load 4, 0, 0;
    %load/vec4 v0x5d8fcffe1e90_0;
    %store/qb/v v0x5d8fcffe1f50_0, 4, 4;
T_13.4 ;
    %load/vec4 v0x5d8fcffe2510_0;
    %load/vec4 v0x5d8fcffe2470_0;
    %and;
    %flag_set/vec4 8;
    %jmp/0xz  T_13.6, 8;
    %ix/load 4, 0, 0;
    %load/vec4 v0x5d8fcffe2310_0;
    %store/qb/v v0x5d8fcffe23d0_0, 4, 4;
T_13.6 ;
    %load/vec4 v0x5d8fcffe2d80_0;
    %load/vec4 v0x5d8fcffe2c90_0;
    %and;
    %flag_set/vec4 8;
    %jmp/0xz  T_13.8, 8;
    %vpi_func 3 125 "$size" 32, v0x5d8fcffe1f50_0 {0 0 0};
    %cmpi/e 0, 0, 32;
    %jmp/1 T_13.12, 4;
    %flag_mov 8, 4;
    %vpi_func 3 125 "$size" 32, v0x5d8fcffe23d0_0 {0 0 0};
    %cmpi/e 0, 0, 32;
    %flag_or 4, 8;
T_13.12;
    %jmp/0xz  T_13.10, 4;
    %vpi_call/w 3 127 "$display", "\012ERROR: unexpected sum %h", v0x5d8fcffe29e0_0 {0 0 0};
    %jmp T_13.11;
T_13.10 ;
    %ix/load 3, 0, 0;
    %flag_set/imm 4, 0;
    %load/dar/vec4 v0x5d8fcffe1f50_0;
    %ix/load 3, 0, 0;
    %flag_set/imm 4, 0;
    %load/dar/vec4 v0x5d8fcffe23d0_0;
    %add;
    %store/vec4 v0x5d8fcffe2aa0_0, 0, 4;
    %ix/load 3, 0, 0;
    %flag_set/imm 4, 0;
    %delete/elem v0x5d8fcffe1f50_0;
    %ix/load 3, 0, 0;
    %flag_set/imm 4, 0;
    %delete/elem v0x5d8fcffe23d0_0;
    %load/vec4 v0x5d8fcffe2aa0_0;
    %load/vec4 v0x5d8fcffe29e0_0;
    %cmp/ne;
    %jmp/0xz  T_13.13, 6;
    %vpi_call/w 3 142 "$display", "\012ERROR: downstream data mismatch. Expected %h, actual %h", v0x5d8fcffe2aa0_0, v0x5d8fcffe29e0_0 {0 0 0};
T_13.13 ;
T_13.11 ;
T_13.8 ;
T_13.2 ;
T_13.1 ;
    %jmp T_13;
    .thread T_13;
    .scope S_0x5d8fcffaa500;
T_14 ;
    %vpi_func 3 156 "$size" 32, v0x5d8fcffe1f50_0 {0 0 0};
    %cmpi/ne 0, 0, 32;
    %jmp/0xz  T_14.0, 4;
    %vpi_call/w 3 158 "$write", "\012ERROR: data is left sitting in the model a_queue:" {0 0 0};
    %fork t_1, S_0x5d8fcffa9d10;
    %jmp t_0;
    .scope S_0x5d8fcffa9d10;
t_1 ;
    %pushi/vec4 0, 0, 32;
    %store/vec4 v0x5d8fcffa4db0_0, 0, 32;
T_14.2 ;
    %load/vec4 v0x5d8fcffa4db0_0;
    %vpi_func 3 160 "$size" 32, v0x5d8fcffe1f50_0 {0 0 0};
    %cmp/s;
    %jmp/0xz T_14.3, 5;
    %vpi_func 3 161 "$size" 32, v0x5d8fcffe1f50_0 {0 0 0};
    %load/vec4 v0x5d8fcffa4db0_0;
    %sub;
    %subi 1, 0, 32;
    %ix/vec4/s 3;
    %load/dar/vec4 v0x5d8fcffe1f50_0;
    %vpi_call/w 3 161 "$write", " %h", S<0,vec4,u4> {1 0 0};
    ; show_stmt_assign_vector: Get l-value for compressed += operand
    %load/vec4 v0x5d8fcffa4db0_0;
    %pushi/vec4 1, 0, 32;
    %add;
    %cast2;
    %store/vec4 v0x5d8fcffa4db0_0, 0, 32;
    %jmp T_14.2;
T_14.3 ;
    %end;
    .scope S_0x5d8fcffaa500;
t_0 %join;
    %vpi_call/w 3 163 "$display" {0 0 0};
T_14.0 ;
    %vpi_func 3 166 "$size" 32, v0x5d8fcffe23d0_0 {0 0 0};
    %cmpi/ne 0, 0, 32;
    %jmp/0xz  T_14.4, 4;
    %vpi_call/w 3 168 "$write", "\012ERROR: data is left sitting in the model b_queue:" {0 0 0};
    %fork t_3, S_0x5d8fcffd9b60;
    %jmp t_2;
    .scope S_0x5d8fcffd9b60;
t_3 ;
    %pushi/vec4 0, 0, 32;
    %store/vec4 v0x5d8fcffa4eb0_0, 0, 32;
T_14.6 ;
    %load/vec4 v0x5d8fcffa4eb0_0;
    %vpi_func 3 170 "$size" 32, v0x5d8fcffe23d0_0 {0 0 0};
    %cmp/s;
    %jmp/0xz T_14.7, 5;
    %vpi_func 3 171 "$size" 32, v0x5d8fcffe23d0_0 {0 0 0};
    %load/vec4 v0x5d8fcffa4eb0_0;
    %sub;
    %subi 1, 0, 32;
    %ix/vec4/s 3;
    %load/dar/vec4 v0x5d8fcffe23d0_0;
    %vpi_call/w 3 171 "$write", " %h", S<0,vec4,u4> {1 0 0};
    ; show_stmt_assign_vector: Get l-value for compressed += operand
    %load/vec4 v0x5d8fcffa4eb0_0;
    %pushi/vec4 1, 0, 32;
    %add;
    %cast2;
    %store/vec4 v0x5d8fcffa4eb0_0, 0, 32;
    %jmp T_14.6;
T_14.7 ;
    %end;
    .scope S_0x5d8fcffaa500;
t_2 %join;
    %vpi_call/w 3 173 "$display" {0 0 0};
T_14.4 ;
    %end;
    .thread T_14, $final;
    .scope S_0x5d8fcffaa500;
T_15 ;
    %wait E_0x5d8fcff72ca0;
    %load/vec4 v0x5d8fcffe2860_0;
    %flag_set/vec4 8;
    %jmp/0xz  T_15.0, 8;
    %pushi/vec4 0, 0, 33;
    %assign/vec4 v0x5d8fcffe2780_0, 0;
    %pushi/vec4 0, 0, 33;
    %assign/vec4 v0x5d8fcffe1d90_0, 0;
    %pushi/vec4 0, 0, 33;
    %assign/vec4 v0x5d8fcffe2250_0, 0;
    %pushi/vec4 0, 0, 33;
    %assign/vec4 v0x5d8fcffe2900_0, 0;
    %jmp T_15.1;
T_15.0 ;
    %load/vec4 v0x5d8fcffe2780_0;
    %addi 1, 0, 33;
    %assign/vec4 v0x5d8fcffe2780_0, 0;
    %load/vec4 v0x5d8fcffe2110_0;
    %load/vec4 v0x5d8fcffe2020_0;
    %and;
    %flag_set/vec4 8;
    %jmp/0xz  T_15.2, 8;
    %load/vec4 v0x5d8fcffe1d90_0;
    %addi 1, 0, 33;
    %assign/vec4 v0x5d8fcffe1d90_0, 0;
T_15.2 ;
    %load/vec4 v0x5d8fcffe2510_0;
    %load/vec4 v0x5d8fcffe2470_0;
    %and;
    %flag_set/vec4 8;
    %jmp/0xz  T_15.4, 8;
    %load/vec4 v0x5d8fcffe2250_0;
    %addi 1, 0, 33;
    %assign/vec4 v0x5d8fcffe2250_0, 0;
T_15.4 ;
    %load/vec4 v0x5d8fcffe2d80_0;
    %load/vec4 v0x5d8fcffe2c90_0;
    %and;
    %flag_set/vec4 8;
    %jmp/0xz  T_15.6, 8;
    %load/vec4 v0x5d8fcffe2900_0;
    %addi 1, 0, 33;
    %assign/vec4 v0x5d8fcffe2900_0, 0;
T_15.6 ;
T_15.1 ;
    %jmp T_15;
    .thread T_15;
    .scope S_0x5d8fcffaa500;
T_16 ;
    %vpi_call/w 3 203 "$display", "\012\012number of sum transfers : %0d per %0d cycles", v0x5d8fcffe2900_0, v0x5d8fcffe2780_0 {0 0 0};
    %load/vec4 v0x5d8fcffe1d90_0;
    %load/vec4 v0x5d8fcffe2250_0;
    %cmp/ne;
    %flag_get/vec4 4;
    %load/vec4 v0x5d8fcffe1d90_0;
    %load/vec4 v0x5d8fcffe2900_0;
    %cmp/ne;
    %flag_get/vec4 4;
    %or;
    %flag_set/vec4 8;
    %jmp/0xz  T_16.0, 8;
    %vpi_call/w 3 207 "$display", "\012ERROR: number of transfers do not match: a: %0d b: %0s sum %0d", v0x5d8fcffe1d90_0, v0x5d8fcffe2250_0, v0x5d8fcffe2900_0 {0 0 0};
T_16.0 ;
    %end;
    .thread T_16, $final;
    .scope S_0x5d8fcffaa500;
T_17 ;
    %vpi_call/w 3 222 "$dumpvars" {0 0 0};
    %pushi/vec4 0, 0, 1;
    %assign/vec4 v0x5d8fcffe2110_0, 0;
    %pushi/vec4 0, 0, 1;
    %assign/vec4 v0x5d8fcffe2510_0, 0;
    %pushi/vec4 0, 0, 1;
    %assign/vec4 v0x5d8fcffe2c90_0, 0;
    %pushi/vec4 3, 0, 32;
T_17.0 %dup/vec4;
    %pushi/vec4 0, 0, 32;
    %cmp/s;
    %jmp/1xz T_17.1, 5;
    %jmp/1 T_17.1, 4;
    %pushi/vec4 1, 0, 32;
    %sub;
    %wait E_0x5d8fcff72ca0;
    %jmp T_17.0;
T_17.1 ;
    %pop/vec4 1;
    %pushi/vec4 1, 0, 1;
    %assign/vec4 v0x5d8fcffe2860_0, 0;
    %pushi/vec4 3, 0, 32;
T_17.2 %dup/vec4;
    %pushi/vec4 0, 0, 32;
    %cmp/s;
    %jmp/1xz T_17.3, 5;
    %jmp/1 T_17.3, 4;
    %pushi/vec4 1, 0, 32;
    %sub;
    %wait E_0x5d8fcff72ca0;
    %jmp T_17.2;
T_17.3 ;
    %pop/vec4 1;
    %pushi/vec4 0, 0, 1;
    %assign/vec4 v0x5d8fcffe2860_0, 0;
    %vpi_call/w 3 242 "$display", "*** Run back-to-back" {0 0 0};
    %pushi/vec4 1, 0, 1;
    %assign/vec4 v0x5d8fcffe2110_0, 0;
    %pushi/vec4 1, 0, 1;
    %assign/vec4 v0x5d8fcffe2510_0, 0;
    %pushi/vec4 1, 0, 1;
    %assign/vec4 v0x5d8fcffe2c90_0, 0;
    %pushi/vec4 20, 0, 32;
T_17.4 %dup/vec4;
    %pushi/vec4 0, 0, 32;
    %cmp/s;
    %jmp/1xz T_17.5, 5;
    %jmp/1 T_17.5, 4;
    %pushi/vec4 1, 0, 32;
    %sub;
    %wait E_0x5d8fcff72ca0;
    %jmp T_17.4;
T_17.5 ;
    %pop/vec4 1;
    %vpi_call/w 3 250 "$display", "*** Supplying only \042a\042" {0 0 0};
T_17.6 ;
    %load/vec4 v0x5d8fcffe2470_0;
    %inv;
    %flag_set/vec4 8;
    %jmp/0xz T_17.7, 8;
    %wait E_0x5d8fcff72ca0;
    %jmp T_17.6;
T_17.7 ;
    %pushi/vec4 0, 0, 1;
    %assign/vec4 v0x5d8fcffe2510_0, 0;
    %pushi/vec4 20, 0, 32;
T_17.8 %dup/vec4;
    %pushi/vec4 0, 0, 32;
    %cmp/s;
    %jmp/1xz T_17.9, 5;
    %jmp/1 T_17.9, 4;
    %pushi/vec4 1, 0, 32;
    %sub;
    %wait E_0x5d8fcff72ca0;
    %jmp T_17.8;
T_17.9 ;
    %pop/vec4 1;
    %vpi_call/w 3 261 "$display", "*** Supplying only \042b\042" {0 0 0};
    %pushi/vec4 1, 0, 1;
    %assign/vec4 v0x5d8fcffe2510_0, 0;
T_17.10 ;
    %load/vec4 v0x5d8fcffe2020_0;
    %inv;
    %flag_set/vec4 8;
    %jmp/0xz T_17.11, 8;
    %wait E_0x5d8fcff72ca0;
    %jmp T_17.10;
T_17.11 ;
    %pushi/vec4 0, 0, 1;
    %assign/vec4 v0x5d8fcffe2110_0, 0;
    %pushi/vec4 20, 0, 32;
T_17.12 %dup/vec4;
    %pushi/vec4 0, 0, 32;
    %cmp/s;
    %jmp/1xz T_17.13, 5;
    %jmp/1 T_17.13, 4;
    %pushi/vec4 1, 0, 32;
    %sub;
    %wait E_0x5d8fcff72ca0;
    %jmp T_17.12;
T_17.13 ;
    %pop/vec4 1;
    %vpi_call/w 3 274 "$display", "*** Applying backpressure" {0 0 0};
    %pushi/vec4 1, 0, 1;
    %assign/vec4 v0x5d8fcffe2110_0, 0;
    %pushi/vec4 1, 0, 1;
    %assign/vec4 v0x5d8fcffe2510_0, 0;
    %pushi/vec4 0, 0, 1;
    %assign/vec4 v0x5d8fcffe2c90_0, 0;
    %pushi/vec4 20, 0, 32;
T_17.14 %dup/vec4;
    %pushi/vec4 0, 0, 32;
    %cmp/s;
    %jmp/1xz T_17.15, 5;
    %jmp/1 T_17.15, 4;
    %pushi/vec4 1, 0, 32;
    %sub;
    %wait E_0x5d8fcff72ca0;
    %jmp T_17.14;
T_17.15 ;
    %pop/vec4 1;
    %vpi_call/w 3 282 "$display", "*** Random" {0 0 0};
T_17.16 ;
    %load/vec4 v0x5d8fcffe2900_0;
    %cmpi/ne 100, 0, 33;
    %jmp/0xz T_17.17, 4;
    %load/vec4 v0x5d8fcffe1d90_0;
    %cmpi/u 100, 0, 33;
    %flag_or 5, 4;
    %jmp/0xz  T_17.18, 5;
    %jmp T_17.19;
T_17.18 ;
    %vpi_call/w 3 287 "$error" {0 0 0};
T_17.19 ;
    %load/vec4 v0x5d8fcffe1d90_0;
    %pushi/vec4 100, 0, 33;
    %cmp/e;
    %flag_get/vec4 4;
    %load/vec4 v0x5d8fcffe1d90_0;
    %pushi/vec4 99, 0, 33;
    %cmp/e;
    %flag_get/vec4 4;
    %load/vec4 v0x5d8fcffe2110_0;
    %and;
    %load/vec4 v0x5d8fcffe2020_0;
    %and;
    %or;
    %flag_set/vec4 8;
    %jmp/0xz  T_17.20, 8;
    %pushi/vec4 0, 0, 1;
    %assign/vec4 v0x5d8fcffe2110_0, 0;
    %jmp T_17.21;
T_17.20 ;
    %load/vec4 v0x5d8fcffe2110_0;
    %inv;
    %load/vec4 v0x5d8fcffe2020_0;
    %or;
    %flag_set/vec4 8;
    %jmp/0xz  T_17.22, 8;
    %vpi_func 3 296 "$urandom" 32 {0 0 0};
    %pad/u 1;
    %assign/vec4 v0x5d8fcffe2110_0, 0;
T_17.22 ;
T_17.21 ;
    %load/vec4 v0x5d8fcffe2250_0;
    %cmpi/u 100, 0, 33;
    %flag_or 5, 4;
    %jmp/0xz  T_17.24, 5;
    %jmp T_17.25;
T_17.24 ;
    %vpi_call/w 3 300 "$error" {0 0 0};
T_17.25 ;
    %load/vec4 v0x5d8fcffe2250_0;
    %pushi/vec4 100, 0, 33;
    %cmp/e;
    %flag_get/vec4 4;
    %load/vec4 v0x5d8fcffe2250_0;
    %pushi/vec4 99, 0, 33;
    %cmp/e;
    %flag_get/vec4 4;
    %load/vec4 v0x5d8fcffe2510_0;
    %and;
    %load/vec4 v0x5d8fcffe2470_0;
    %and;
    %or;
    %flag_set/vec4 8;
    %jmp/0xz  T_17.26, 8;
    %pushi/vec4 0, 0, 1;
    %assign/vec4 v0x5d8fcffe2510_0, 0;
    %jmp T_17.27;
T_17.26 ;
    %load/vec4 v0x5d8fcffe2510_0;
    %inv;
    %load/vec4 v0x5d8fcffe2470_0;
    %or;
    %flag_set/vec4 8;
    %jmp/0xz  T_17.28, 8;
    %vpi_func 3 309 "$urandom" 32 {0 0 0};
    %pad/u 1;
    %assign/vec4 v0x5d8fcffe2510_0, 0;
T_17.28 ;
T_17.27 ;
    %vpi_func 3 312 "$urandom" 32 {0 0 0};
    %pad/u 1;
    %assign/vec4 v0x5d8fcffe2c90_0, 0;
    %wait E_0x5d8fcff72ca0;
    %jmp T_17.16;
T_17.17 ;
    %vpi_call/w 3 317 "$display", "*** Draining the results" {0 0 0};
    %pushi/vec4 1, 0, 1;
    %assign/vec4 v0x5d8fcffe2c90_0, 0;
    %pushi/vec4 11, 0, 32;
T_17.30 %dup/vec4;
    %pushi/vec4 0, 0, 32;
    %cmp/s;
    %jmp/1xz T_17.31, 5;
    %jmp/1 T_17.31, 4;
    %pushi/vec4 1, 0, 32;
    %sub;
    %wait E_0x5d8fcff72ca0;
    %jmp T_17.30;
T_17.31 ;
    %pop/vec4 1;
    %vpi_call/w 3 322 "$display", "%s PASS", "./tb.sv" {0 0 0};
    %vpi_call/w 3 323 "$finish" {0 0 0};
    %end;
    .thread T_17;
    .scope S_0x5d8fcffaa500;
T_18 ;
    %wait E_0x5d8fcff72ca0;
    %load/vec4 v0x5d8fcffe2860_0;
    %flag_set/vec4 8;
    %jmp/0xz  T_18.0, 8;
    %pushi/vec4 0, 0, 4;
    %assign/vec4 v0x5d8fcffe1e90_0, 0;
    %jmp T_18.1;
T_18.0 ;
    %load/vec4 v0x5d8fcffe2110_0;
    %load/vec4 v0x5d8fcffe2020_0;
    %and;
    %flag_set/vec4 8;
    %jmp/0xz  T_18.2, 8;
    %vpi_func 3 333 "$urandom" 32 {0 0 0};
    %pad/u 4;
    %assign/vec4 v0x5d8fcffe1e90_0, 0;
T_18.2 ;
T_18.1 ;
    %jmp T_18;
    .thread T_18;
    .scope S_0x5d8fcffaa500;
T_19 ;
    %wait E_0x5d8fcff72ca0;
    %load/vec4 v0x5d8fcffe2860_0;
    %flag_set/vec4 8;
    %jmp/0xz  T_19.0, 8;
    %pushi/vec4 0, 0, 4;
    %assign/vec4 v0x5d8fcffe2310_0, 0;
    %jmp T_19.1;
T_19.0 ;
    %load/vec4 v0x5d8fcffe2510_0;
    %load/vec4 v0x5d8fcffe2470_0;
    %and;
    %flag_set/vec4 8;
    %jmp/0xz  T_19.2, 8;
    %vpi_func 3 339 "$urandom" 32 {0 0 0};
    %pad/u 4;
    %assign/vec4 v0x5d8fcffe2310_0, 0;
T_19.2 ;
T_19.1 ;
    %jmp T_19;
    .thread T_19;
# The file index is used to find the file name in the following table.
:file_names 7;
    "N/A";
    "<interactive>";
    "-";
    "./tb.sv";
    "./a_plus_b_using_fifos.sv";
    "./ff_fifo_wrapped_in_valid_ready.sv";
    "./flip_flop_fifo.sv";
