#! /usr/bin/vvp
:ivl_version "12.0 (stable)";
:ivl_delay_selection "TYPICAL";
:vpi_time_precision + 0;
:vpi_module "/usr/lib/x86_64-linux-gnu/ivl/system.vpi";
:vpi_module "/usr/lib/x86_64-linux-gnu/ivl/vhdl_sys.vpi";
:vpi_module "/usr/lib/x86_64-linux-gnu/ivl/vhdl_textio.vpi";
:vpi_module "/usr/lib/x86_64-linux-gnu/ivl/v2005_math.vpi";
:vpi_module "/usr/lib/x86_64-linux-gnu/ivl/va_math.vpi";
:vpi_module "/usr/lib/x86_64-linux-gnu/ivl/v2009.vpi";
S_0x63a150c3c540 .scope package, "$unit" "$unit" 2 1;
 .timescale 0 0;
S_0x63a150c41070 .scope module, "tb" "tb" 3 1;
 .timescale 0 0;
P_0x63a150c34700 .param/l "depth" 0 3 3, +C4<00000000000000000000000000000100>;
P_0x63a150c34740 .param/l "max_transfers" 1 3 214, +C4<00000000000000000000000001100100>;
P_0x63a150c34780 .param/l "width" 0 3 3, +C4<00000000000000000000000000000100>;
v0x63a150c8ef90_0 .var "a_count", 32 0;
v0x63a150c8f050_0 .var "a_data", 3 0;
v0x63a150c8f110_0 .var/queue "a_queue", 4;
v0x63a150c8f1b0_0 .net "a_ready", 0 0, v0x63a150c8bf00_0;  1 drivers
v0x63a150c8f2a0_0 .var "a_valid", 0 0;
v0x63a150c8f3e0_0 .var "b_count", 32 0;
v0x63a150c8f4a0_0 .var "b_data", 3 0;
v0x63a150c8f5b0_0 .var/queue "b_queue", 4;
v0x63a150c8f650_0 .net "b_ready", 0 0, v0x63a150c8cb60_0;  1 drivers
v0x63a150c8f6f0_0 .var "b_valid", 0 0;
v0x63a150c8f7e0_0 .var "clk", 0 0;
v0x63a150c8f880_0 .var/2u "cycle", 31 0;
v0x63a150c8f960_0 .var "n_cycles", 32 0;
v0x63a150c8fa40_0 .var "rst", 0 0;
v0x63a150c8fae0_0 .var "sum_count", 32 0;
v0x63a150c8fbc0_0 .net "sum_data", 3 0, v0x63a150c8d450_0;  1 drivers
v0x63a150c8fc80_0 .var "sum_data_expected", 3 0;
v0x63a150c8fe70_0 .var "sum_ready", 0 0;
v0x63a150c8ff10_0 .net "sum_valid", 0 0, v0x63a150c8d620_0;  1 drivers
v0x63a150c90000_0 .var "was_reset", 0 0;
S_0x63a150c412a0 .scope begin, "$ivl_for_loop0" "$ivl_for_loop0" 3 160, 3 160 0, S_0x63a150c41070;
 .timescale 0 0;
v0x63a150c6de40_0 .var/2s "i", 31 0;
S_0x63a150c8b250 .scope begin, "$ivl_for_loop1" "$ivl_for_loop1" 3 170, 3 170 0, S_0x63a150c41070;
 .timescale 0 0;
v0x63a150c32b20_0 .var/2s "i", 31 0;
S_0x63a150c8b490 .scope module, "dut" "a_plus_b_using_double_buffers" 3 35, 4 1 0, S_0x63a150c41070;
 .timescale 0 0;
    .port_info 0 /INPUT 1 "clk";
    .port_info 1 /INPUT 1 "rst";
    .port_info 2 /INPUT 1 "a_valid";
    .port_info 3 /OUTPUT 1 "a_ready";
    .port_info 4 /INPUT 4 "a_data";
    .port_info 5 /INPUT 1 "b_valid";
    .port_info 6 /OUTPUT 1 "b_ready";
    .port_info 7 /INPUT 4 "b_data";
    .port_info 8 /OUTPUT 1 "sum_valid";
    .port_info 9 /INPUT 1 "sum_ready";
    .port_info 10 /OUTPUT 4 "sum_data";
P_0x63a150c8b670 .param/l "width" 0 4 3, +C4<00000000000000000000000000000100>;
L_0x63a150c6cd40 .functor AND 1, v0x63a150c8bca0_0, v0x63a150c8c940_0, C4<1>, C4<1>;
L_0x63a150c6d6c0 .functor NOT 1, v0x63a150c8bca0_0, C4<0>, C4<0>, C4<0>;
L_0x63a150c6dd20 .functor OR 1, L_0x63a150c6d6c0, v0x63a150c8c940_0, C4<0>, C4<0>;
L_0x63a150c32a00 .functor AND 1, v0x63a150c8d8b0_0, L_0x63a150c6dd20, C4<1>, C4<1>;
L_0x63a150c336d0 .functor NOT 1, v0x63a150c8c940_0, C4<0>, C4<0>, C4<0>;
L_0x63a150c2f330 .functor OR 1, v0x63a150c8bca0_0, L_0x63a150c336d0, C4<0>, C4<0>;
L_0x63a150c2ffb0 .functor AND 1, v0x63a150c8d8b0_0, L_0x63a150c2f330, C4<1>, C4<1>;
v0x63a150c8db30_0 .net *"_ivl_10", 0 0, L_0x63a150c336d0;  1 drivers
v0x63a150c8dc30_0 .net *"_ivl_12", 0 0, L_0x63a150c2f330;  1 drivers
v0x63a150c8dd10_0 .net *"_ivl_4", 0 0, L_0x63a150c6d6c0;  1 drivers
v0x63a150c8ddd0_0 .net *"_ivl_6", 0 0, L_0x63a150c6dd20;  1 drivers
v0x63a150c8deb0_0 .net "a_data", 3 0, v0x63a150c8f050_0;  1 drivers
v0x63a150c8df70_0 .net "a_down_data", 3 0, v0x63a150c300d0_0;  1 drivers
v0x63a150c8e010_0 .net "a_down_ready", 0 0, L_0x63a150c32a00;  1 drivers
v0x63a150c8e0b0_0 .net "a_down_valid", 0 0, v0x63a150c8bca0_0;  1 drivers
v0x63a150c8e180_0 .net "a_ready", 0 0, v0x63a150c8bf00_0;  alias, 1 drivers
v0x63a150c8e250_0 .net "a_valid", 0 0, v0x63a150c8f2a0_0;  1 drivers
v0x63a150c8e320_0 .net "b_data", 3 0, v0x63a150c8f4a0_0;  1 drivers
v0x63a150c8e3f0_0 .net "b_down_data", 3 0, v0x63a150c8c790_0;  1 drivers
v0x63a150c8e4c0_0 .net "b_down_ready", 0 0, L_0x63a150c2ffb0;  1 drivers
v0x63a150c8e590_0 .net "b_down_valid", 0 0, v0x63a150c8c940_0;  1 drivers
v0x63a150c8e660_0 .net "b_ready", 0 0, v0x63a150c8cb60_0;  alias, 1 drivers
v0x63a150c8e730_0 .net "b_valid", 0 0, v0x63a150c8f6f0_0;  1 drivers
v0x63a150c8e800_0 .net "clk", 0 0, v0x63a150c8f7e0_0;  1 drivers
v0x63a150c8e9b0_0 .net "rst", 0 0, v0x63a150c8fa40_0;  1 drivers
v0x63a150c8ea50_0 .net "sum_data", 3 0, v0x63a150c8d450_0;  alias, 1 drivers
v0x63a150c8eb20_0 .net "sum_ready", 0 0, v0x63a150c8fe70_0;  1 drivers
v0x63a150c8ebf0_0 .net "sum_up_data", 3 0, L_0x63a150c901f0;  1 drivers
v0x63a150c8ecc0_0 .net "sum_up_ready", 0 0, v0x63a150c8d8b0_0;  1 drivers
v0x63a150c8ed90_0 .net "sum_up_valid", 0 0, L_0x63a150c6cd40;  1 drivers
v0x63a150c8ee60_0 .net "sum_valid", 0 0, v0x63a150c8d620_0;  alias, 1 drivers
L_0x63a150c901f0 .arith/sum 4, v0x63a150c300d0_0, v0x63a150c8c790_0;
S_0x63a150c8b710 .scope module, "buffer_a" "double_buffer_from_dally_harting" 4 30, 5 8 0, S_0x63a150c8b490;
 .timescale 0 0;
    .port_info 0 /INPUT 1 "clk";
    .port_info 1 /INPUT 1 "rst";
    .port_info 2 /INPUT 1 "up_valid";
    .port_info 3 /OUTPUT 1 "up_ready";
    .port_info 4 /INPUT 4 "up_data";
    .port_info 5 /OUTPUT 1 "down_valid";
    .port_info 6 /INPUT 1 "down_ready";
    .port_info 7 /OUTPUT 4 "down_data";
P_0x63a150c8b8f0 .param/l "width" 0 5 10, +C4<00000000000000000000000000000100>;
v0x63a150c337f0_0 .var "buf_data", 3 0;
v0x63a150c338c0_0 .var "buf_valid", 0 0;
v0x63a150c2f450_0 .net "clk", 0 0, v0x63a150c8f7e0_0;  alias, 1 drivers
v0x63a150c300d0_0 .var "down_data", 3 0;
v0x63a150c301a0_0 .net "down_ready", 0 0, L_0x63a150c32a00;  alias, 1 drivers
v0x63a150c8bca0_0 .var "down_valid", 0 0;
v0x63a150c8bd60_0 .net "rst", 0 0, v0x63a150c8fa40_0;  alias, 1 drivers
v0x63a150c8be20_0 .net "up_data", 3 0, v0x63a150c8f050_0;  alias, 1 drivers
v0x63a150c8bf00_0 .var "up_ready", 0 0;
v0x63a150c8bfc0_0 .net "up_valid", 0 0, v0x63a150c8f2a0_0;  alias, 1 drivers
E_0x63a150c3a980 .event posedge, v0x63a150c8bd60_0, v0x63a150c2f450_0;
E_0x63a150c3a740 .event posedge, v0x63a150c2f450_0;
S_0x63a150c8c180 .scope module, "buffer_b" "double_buffer_from_dally_harting" 4 52, 5 8 0, S_0x63a150c8b490;
 .timescale 0 0;
    .port_info 0 /INPUT 1 "clk";
    .port_info 1 /INPUT 1 "rst";
    .port_info 2 /INPUT 1 "up_valid";
    .port_info 3 /OUTPUT 1 "up_ready";
    .port_info 4 /INPUT 4 "up_data";
    .port_info 5 /OUTPUT 1 "down_valid";
    .port_info 6 /INPUT 1 "down_ready";
    .port_info 7 /OUTPUT 4 "down_data";
P_0x63a150c8c330 .param/l "width" 0 5 10, +C4<00000000000000000000000000000100>;
v0x63a150c8c4f0_0 .var "buf_data", 3 0;
v0x63a150c8c5d0_0 .var "buf_valid", 0 0;
v0x63a150c8c690_0 .net "clk", 0 0, v0x63a150c8f7e0_0;  alias, 1 drivers
v0x63a150c8c790_0 .var "down_data", 3 0;
v0x63a150c8c830_0 .net "down_ready", 0 0, L_0x63a150c2ffb0;  alias, 1 drivers
v0x63a150c8c940_0 .var "down_valid", 0 0;
v0x63a150c8ca00_0 .net "rst", 0 0, v0x63a150c8fa40_0;  alias, 1 drivers
v0x63a150c8caa0_0 .net "up_data", 3 0, v0x63a150c8f4a0_0;  alias, 1 drivers
v0x63a150c8cb60_0 .var "up_ready", 0 0;
v0x63a150c8cc20_0 .net "up_valid", 0 0, v0x63a150c8f6f0_0;  alias, 1 drivers
S_0x63a150c8cde0 .scope module, "buffer_sum" "double_buffer_from_dally_harting" 4 80, 5 8 0, S_0x63a150c8b490;
 .timescale 0 0;
    .port_info 0 /INPUT 1 "clk";
    .port_info 1 /INPUT 1 "rst";
    .port_info 2 /INPUT 1 "up_valid";
    .port_info 3 /OUTPUT 1 "up_ready";
    .port_info 4 /INPUT 4 "up_data";
    .port_info 5 /OUTPUT 1 "down_valid";
    .port_info 6 /INPUT 1 "down_ready";
    .port_info 7 /OUTPUT 4 "down_data";
P_0x63a150c8cfa0 .param/l "width" 0 5 10, +C4<00000000000000000000000000000100>;
v0x63a150c8d190_0 .var "buf_data", 3 0;
v0x63a150c8d270_0 .var "buf_valid", 0 0;
v0x63a150c8d330_0 .net "clk", 0 0, v0x63a150c8f7e0_0;  alias, 1 drivers
v0x63a150c8d450_0 .var "down_data", 3 0;
v0x63a150c8d510_0 .net "down_ready", 0 0, v0x63a150c8fe70_0;  alias, 1 drivers
v0x63a150c8d620_0 .var "down_valid", 0 0;
v0x63a150c8d6e0_0 .net "rst", 0 0, v0x63a150c8fa40_0;  alias, 1 drivers
v0x63a150c8d7d0_0 .net "up_data", 3 0, L_0x63a150c901f0;  alias, 1 drivers
v0x63a150c8d8b0_0 .var "up_ready", 0 0;
v0x63a150c8d970_0 .net "up_valid", 0 0, L_0x63a150c6cd40;  alias, 1 drivers
    .scope S_0x63a150c8b710;
T_0 ;
    %wait E_0x63a150c3a740;
    %load/vec4 v0x63a150c8bf00_0;
    %load/vec4 v0x63a150c301a0_0;
    %inv;
    %and;
    %flag_set/vec4 8;
    %jmp/0xz  T_0.0, 8;
    %load/vec4 v0x63a150c8be20_0;
    %assign/vec4 v0x63a150c337f0_0, 0;
T_0.0 ;
    %load/vec4 v0x63a150c301a0_0;
    %flag_set/vec4 8;
    %jmp/0xz  T_0.2, 8;
    %load/vec4 v0x63a150c8bf00_0;
    %flag_set/vec4 8;
    %jmp/0 T_0.4, 8;
    %load/vec4 v0x63a150c8be20_0;
    %jmp/1 T_0.5, 8;
T_0.4 ; End of true expr.
    %load/vec4 v0x63a150c337f0_0;
    %jmp/0 T_0.5, 8;
 ; End of false expr.
    %blend;
T_0.5;
    %assign/vec4 v0x63a150c300d0_0, 0;
T_0.2 ;
    %jmp T_0;
    .thread T_0;
    .scope S_0x63a150c8b710;
T_1 ;
    %wait E_0x63a150c3a980;
    %load/vec4 v0x63a150c8bd60_0;
    %flag_set/vec4 8;
    %jmp/0xz  T_1.0, 8;
    %pushi/vec4 0, 0, 1;
    %assign/vec4 v0x63a150c338c0_0, 0;
    %pushi/vec4 0, 0, 1;
    %assign/vec4 v0x63a150c8bca0_0, 0;
    %pushi/vec4 1, 0, 1;
    %assign/vec4 v0x63a150c8bf00_0, 0;
    %jmp T_1.1;
T_1.0 ;
    %load/vec4 v0x63a150c8bf00_0;
    %load/vec4 v0x63a150c301a0_0;
    %inv;
    %and;
    %flag_set/vec4 8;
    %jmp/0xz  T_1.2, 8;
    %load/vec4 v0x63a150c8bfc0_0;
    %assign/vec4 v0x63a150c338c0_0, 0;
T_1.2 ;
    %load/vec4 v0x63a150c301a0_0;
    %flag_set/vec4 8;
    %jmp/0xz  T_1.4, 8;
    %load/vec4 v0x63a150c8bf00_0;
    %flag_set/vec4 8;
    %jmp/0 T_1.6, 8;
    %load/vec4 v0x63a150c8bfc0_0;
    %jmp/1 T_1.7, 8;
T_1.6 ; End of true expr.
    %load/vec4 v0x63a150c338c0_0;
    %jmp/0 T_1.7, 8;
 ; End of false expr.
    %blend;
T_1.7;
    %assign/vec4 v0x63a150c8bca0_0, 0;
T_1.4 ;
    %load/vec4 v0x63a150c301a0_0;
    %assign/vec4 v0x63a150c8bf00_0, 0;
T_1.1 ;
    %jmp T_1;
    .thread T_1;
    .scope S_0x63a150c8c180;
T_2 ;
    %wait E_0x63a150c3a740;
    %load/vec4 v0x63a150c8cb60_0;
    %load/vec4 v0x63a150c8c830_0;
    %inv;
    %and;
    %flag_set/vec4 8;
    %jmp/0xz  T_2.0, 8;
    %load/vec4 v0x63a150c8caa0_0;
    %assign/vec4 v0x63a150c8c4f0_0, 0;
T_2.0 ;
    %load/vec4 v0x63a150c8c830_0;
    %flag_set/vec4 8;
    %jmp/0xz  T_2.2, 8;
    %load/vec4 v0x63a150c8cb60_0;
    %flag_set/vec4 8;
    %jmp/0 T_2.4, 8;
    %load/vec4 v0x63a150c8caa0_0;
    %jmp/1 T_2.5, 8;
T_2.4 ; End of true expr.
    %load/vec4 v0x63a150c8c4f0_0;
    %jmp/0 T_2.5, 8;
 ; End of false expr.
    %blend;
T_2.5;
    %assign/vec4 v0x63a150c8c790_0, 0;
T_2.2 ;
    %jmp T_2;
    .thread T_2;
    .scope S_0x63a150c8c180;
T_3 ;
    %wait E_0x63a150c3a980;
    %load/vec4 v0x63a150c8ca00_0;
    %flag_set/vec4 8;
    %jmp/0xz  T_3.0, 8;
    %pushi/vec4 0, 0, 1;
    %assign/vec4 v0x63a150c8c5d0_0, 0;
    %pushi/vec4 0, 0, 1;
    %assign/vec4 v0x63a150c8c940_0, 0;
    %pushi/vec4 1, 0, 1;
    %assign/vec4 v0x63a150c8cb60_0, 0;
    %jmp T_3.1;
T_3.0 ;
    %load/vec4 v0x63a150c8cb60_0;
    %load/vec4 v0x63a150c8c830_0;
    %inv;
    %and;
    %flag_set/vec4 8;
    %jmp/0xz  T_3.2, 8;
    %load/vec4 v0x63a150c8cc20_0;
    %assign/vec4 v0x63a150c8c5d0_0, 0;
T_3.2 ;
    %load/vec4 v0x63a150c8c830_0;
    %flag_set/vec4 8;
    %jmp/0xz  T_3.4, 8;
    %load/vec4 v0x63a150c8cb60_0;
    %flag_set/vec4 8;
    %jmp/0 T_3.6, 8;
    %load/vec4 v0x63a150c8cc20_0;
    %jmp/1 T_3.7, 8;
T_3.6 ; End of true expr.
    %load/vec4 v0x63a150c8c5d0_0;
    %jmp/0 T_3.7, 8;
 ; End of false expr.
    %blend;
T_3.7;
    %assign/vec4 v0x63a150c8c940_0, 0;
T_3.4 ;
    %load/vec4 v0x63a150c8c830_0;
    %assign/vec4 v0x63a150c8cb60_0, 0;
T_3.1 ;
    %jmp T_3;
    .thread T_3;
    .scope S_0x63a150c8cde0;
T_4 ;
    %wait E_0x63a150c3a740;
    %load/vec4 v0x63a150c8d8b0_0;
    %load/vec4 v0x63a150c8d510_0;
    %inv;
    %and;
    %flag_set/vec4 8;
    %jmp/0xz  T_4.0, 8;
    %load/vec4 v0x63a150c8d7d0_0;
    %assign/vec4 v0x63a150c8d190_0, 0;
T_4.0 ;
    %load/vec4 v0x63a150c8d510_0;
    %flag_set/vec4 8;
    %jmp/0xz  T_4.2, 8;
    %load/vec4 v0x63a150c8d8b0_0;
    %flag_set/vec4 8;
    %jmp/0 T_4.4, 8;
    %load/vec4 v0x63a150c8d7d0_0;
    %jmp/1 T_4.5, 8;
T_4.4 ; End of true expr.
    %load/vec4 v0x63a150c8d190_0;
    %jmp/0 T_4.5, 8;
 ; End of false expr.
    %blend;
T_4.5;
    %assign/vec4 v0x63a150c8d450_0, 0;
T_4.2 ;
    %jmp T_4;
    .thread T_4;
    .scope S_0x63a150c8cde0;
T_5 ;
    %wait E_0x63a150c3a980;
    %load/vec4 v0x63a150c8d6e0_0;
    %flag_set/vec4 8;
    %jmp/0xz  T_5.0, 8;
    %pushi/vec4 0, 0, 1;
    %assign/vec4 v0x63a150c8d270_0, 0;
    %pushi/vec4 0, 0, 1;
    %assign/vec4 v0x63a150c8d620_0, 0;
    %pushi/vec4 1, 0, 1;
    %assign/vec4 v0x63a150c8d8b0_0, 0;
    %jmp T_5.1;
T_5.0 ;
    %load/vec4 v0x63a150c8d8b0_0;
    %load/vec4 v0x63a150c8d510_0;
    %inv;
    %and;
    %flag_set/vec4 8;
    %jmp/0xz  T_5.2, 8;
    %load/vec4 v0x63a150c8d970_0;
    %assign/vec4 v0x63a150c8d270_0, 0;
T_5.2 ;
    %load/vec4 v0x63a150c8d510_0;
    %flag_set/vec4 8;
    %jmp/0xz  T_5.4, 8;
    %load/vec4 v0x63a150c8d8b0_0;
    %flag_set/vec4 8;
    %jmp/0 T_5.6, 8;
    %load/vec4 v0x63a150c8d970_0;
    %jmp/1 T_5.7, 8;
T_5.6 ; End of true expr.
    %load/vec4 v0x63a150c8d270_0;
    %jmp/0 T_5.7, 8;
 ; End of false expr.
    %blend;
T_5.7;
    %assign/vec4 v0x63a150c8d620_0, 0;
T_5.4 ;
    %load/vec4 v0x63a150c8d510_0;
    %assign/vec4 v0x63a150c8d8b0_0, 0;
T_5.1 ;
    %jmp T_5;
    .thread T_5;
    .scope S_0x63a150c41070;
T_6 ;
    %pushi/vec4 0, 0, 32;
    %store/vec4 v0x63a150c8f880_0, 0, 32;
    %pushi/vec4 0, 0, 1;
    %store/vec4 v0x63a150c90000_0, 0, 1;
    %end;
    .thread T_6, $init;
    .scope S_0x63a150c41070;
T_7 ;
    %pushi/vec4 1, 0, 1;
    %store/vec4 v0x63a150c8f7e0_0, 0, 1;
T_7.0 ;
    %delay 5, 0;
    %load/vec4 v0x63a150c8f7e0_0;
    %inv;
    %store/vec4 v0x63a150c8f7e0_0, 0, 1;
    %jmp T_7.0;
    %end;
    .thread T_7;
    .scope S_0x63a150c41070;
T_8 ;
    %pushi/vec4 10000, 0, 32;
T_8.0 %dup/vec4;
    %pushi/vec4 0, 0, 32;
    %cmp/s;
    %jmp/1xz T_8.1, 5;
    %jmp/1 T_8.1, 4;
    %pushi/vec4 1, 0, 32;
    %sub;
    %wait E_0x63a150c3a740;
    %jmp T_8.0;
T_8.1 ;
    %pop/vec4 1;
    %vpi_call/w 3 49 "$display", "Timeout!" {0 0 0};
    %vpi_call/w 3 50 "$finish" {0 0 0};
    %end;
    .thread T_8;
    .scope S_0x63a150c41070;
T_9 ;
    %wait E_0x63a150c3a740;
    %vpi_call/w 3 60 "$write", "time %7d cycle %5d", $time, v0x63a150c8f880_0 {0 0 0};
    %load/vec4 v0x63a150c8f880_0;
    %addi 1, 0, 32;
    %cast2;
    %assign/vec4 v0x63a150c8f880_0, 0;
    %load/vec4 v0x63a150c8fa40_0;
    %flag_set/vec4 8;
    %jmp/0xz  T_9.0, 8;
    %vpi_call/w 3 63 "$write", " rst" {0 0 0};
    %jmp T_9.1;
T_9.0 ;
    %vpi_call/w 3 63 "$write", "    " {0 0 0};
T_9.1 ;
    %load/vec4 v0x63a150c8f2a0_0;
    %flag_set/vec4 8;
    %jmp/0xz  T_9.2, 8;
    %vpi_call/w 3 65 "$write", " a_valid" {0 0 0};
    %jmp T_9.3;
T_9.2 ;
    %vpi_call/w 3 65 "$write", "        " {0 0 0};
T_9.3 ;
    %load/vec4 v0x63a150c8f1b0_0;
    %flag_set/vec4 8;
    %jmp/0xz  T_9.4, 8;
    %vpi_call/w 3 66 "$write", " a_ready" {0 0 0};
    %jmp T_9.5;
T_9.4 ;
    %vpi_call/w 3 66 "$write", "        " {0 0 0};
T_9.5 ;
    %load/vec4 v0x63a150c8f2a0_0;
    %load/vec4 v0x63a150c8f1b0_0;
    %and;
    %flag_set/vec4 8;
    %jmp/0xz  T_9.6, 8;
    %vpi_call/w 3 69 "$write", " %h", v0x63a150c8f050_0 {0 0 0};
    %jmp T_9.7;
T_9.6 ;
    %vpi_call/w 3 71 "$write", "  " {0 0 0};
T_9.7 ;
    %load/vec4 v0x63a150c8f6f0_0;
    %flag_set/vec4 8;
    %jmp/0xz  T_9.8, 8;
    %vpi_call/w 3 73 "$write", " b_valid" {0 0 0};
    %jmp T_9.9;
T_9.8 ;
    %vpi_call/w 3 73 "$write", "        " {0 0 0};
T_9.9 ;
    %load/vec4 v0x63a150c8f650_0;
    %flag_set/vec4 8;
    %jmp/0xz  T_9.10, 8;
    %vpi_call/w 3 74 "$write", " b_ready" {0 0 0};
    %jmp T_9.11;
T_9.10 ;
    %vpi_call/w 3 74 "$write", "        " {0 0 0};
T_9.11 ;
    %load/vec4 v0x63a150c8f6f0_0;
    %load/vec4 v0x63a150c8f650_0;
    %and;
    %flag_set/vec4 8;
    %jmp/0xz  T_9.12, 8;
    %vpi_call/w 3 77 "$write", " %h", v0x63a150c8f4a0_0 {0 0 0};
    %jmp T_9.13;
T_9.12 ;
    %vpi_call/w 3 79 "$write", "  " {0 0 0};
T_9.13 ;
    %load/vec4 v0x63a150c8ff10_0;
    %flag_set/vec4 8;
    %jmp/0xz  T_9.14, 8;
    %vpi_call/w 3 81 "$write", " sum_valid" {0 0 0};
    %jmp T_9.15;
T_9.14 ;
    %vpi_call/w 3 81 "$write", "          " {0 0 0};
T_9.15 ;
    %load/vec4 v0x63a150c8fe70_0;
    %flag_set/vec4 8;
    %jmp/0xz  T_9.16, 8;
    %vpi_call/w 3 82 "$write", " sum_ready" {0 0 0};
    %jmp T_9.17;
T_9.16 ;
    %vpi_call/w 3 82 "$write", "          " {0 0 0};
T_9.17 ;
    %load/vec4 v0x63a150c8ff10_0;
    %load/vec4 v0x63a150c8fe70_0;
    %and;
    %flag_set/vec4 8;
    %jmp/0xz  T_9.18, 8;
    %vpi_call/w 3 85 "$write", " %h", v0x63a150c8fbc0_0 {0 0 0};
    %jmp T_9.19;
T_9.18 ;
    %vpi_call/w 3 87 "$write", "  " {0 0 0};
T_9.19 ;
    %vpi_call/w 3 89 "$display" {0 0 0};
    %jmp T_9;
    .thread T_9;
    .scope S_0x63a150c41070;
T_10 ;
    %wait E_0x63a150c3a740;
    %load/vec4 v0x63a150c8fa40_0;
    %flag_set/vec4 8;
    %jmp/0xz  T_10.0, 8;
    %ix/load 4, 0, 0;
    %null;
    %store/obj v0x63a150c8f110_0;
    %ix/load 4, 0, 0;
    %null;
    %store/obj v0x63a150c8f5b0_0;
    %pushi/vec4 1, 0, 1;
    %store/vec4 v0x63a150c90000_0, 0, 1;
    %jmp T_10.1;
T_10.0 ;
    %load/vec4 v0x63a150c90000_0;
    %flag_set/vec4 8;
    %jmp/0xz  T_10.2, 8;
    %load/vec4 v0x63a150c8f2a0_0;
    %load/vec4 v0x63a150c8f1b0_0;
    %and;
    %flag_set/vec4 8;
    %jmp/0xz  T_10.4, 8;
    %ix/load 4, 0, 0;
    %load/vec4 v0x63a150c8f050_0;
    %store/qb/v v0x63a150c8f110_0, 4, 4;
T_10.4 ;
    %load/vec4 v0x63a150c8f6f0_0;
    %load/vec4 v0x63a150c8f650_0;
    %and;
    %flag_set/vec4 8;
    %jmp/0xz  T_10.6, 8;
    %ix/load 4, 0, 0;
    %load/vec4 v0x63a150c8f4a0_0;
    %store/qb/v v0x63a150c8f5b0_0, 4, 4;
T_10.6 ;
    %load/vec4 v0x63a150c8ff10_0;
    %load/vec4 v0x63a150c8fe70_0;
    %and;
    %flag_set/vec4 8;
    %jmp/0xz  T_10.8, 8;
    %vpi_func 3 125 "$size" 32, v0x63a150c8f110_0 {0 0 0};
    %cmpi/e 0, 0, 32;
    %jmp/1 T_10.12, 4;
    %flag_mov 8, 4;
    %vpi_func 3 125 "$size" 32, v0x63a150c8f5b0_0 {0 0 0};
    %cmpi/e 0, 0, 32;
    %flag_or 4, 8;
T_10.12;
    %jmp/0xz  T_10.10, 4;
    %vpi_call/w 3 127 "$display", "\012ERROR: unexpected sum %h", v0x63a150c8fbc0_0 {0 0 0};
    %jmp T_10.11;
T_10.10 ;
    %ix/load 3, 0, 0;
    %flag_set/imm 4, 0;
    %load/dar/vec4 v0x63a150c8f110_0;
    %ix/load 3, 0, 0;
    %flag_set/imm 4, 0;
    %load/dar/vec4 v0x63a150c8f5b0_0;
    %add;
    %store/vec4 v0x63a150c8fc80_0, 0, 4;
    %ix/load 3, 0, 0;
    %flag_set/imm 4, 0;
    %delete/elem v0x63a150c8f110_0;
    %ix/load 3, 0, 0;
    %flag_set/imm 4, 0;
    %delete/elem v0x63a150c8f5b0_0;
    %load/vec4 v0x63a150c8fc80_0;
    %load/vec4 v0x63a150c8fbc0_0;
    %cmp/ne;
    %jmp/0xz  T_10.13, 6;
    %vpi_call/w 3 142 "$display", "\012ERROR: downstream data mismatch. Expected %h, actual %h", v0x63a150c8fc80_0, v0x63a150c8fbc0_0 {0 0 0};
T_10.13 ;
T_10.11 ;
T_10.8 ;
T_10.2 ;
T_10.1 ;
    %jmp T_10;
    .thread T_10;
    .scope S_0x63a150c41070;
T_11 ;
    %vpi_func 3 156 "$size" 32, v0x63a150c8f110_0 {0 0 0};
    %cmpi/ne 0, 0, 32;
    %jmp/0xz  T_11.0, 4;
    %vpi_call/w 3 158 "$write", "\012ERROR: data is left sitting in the model a_queue:" {0 0 0};
    %fork t_1, S_0x63a150c412a0;
    %jmp t_0;
    .scope S_0x63a150c412a0;
t_1 ;
    %pushi/vec4 0, 0, 32;
    %store/vec4 v0x63a150c6de40_0, 0, 32;
T_11.2 ;
    %load/vec4 v0x63a150c6de40_0;
    %vpi_func 3 160 "$size" 32, v0x63a150c8f110_0 {0 0 0};
    %cmp/s;
    %jmp/0xz T_11.3, 5;
    %vpi_func 3 161 "$size" 32, v0x63a150c8f110_0 {0 0 0};
    %load/vec4 v0x63a150c6de40_0;
    %sub;
    %subi 1, 0, 32;
    %ix/vec4/s 3;
    %load/dar/vec4 v0x63a150c8f110_0;
    %vpi_call/w 3 161 "$write", " %h", S<0,vec4,u4> {1 0 0};
    ; show_stmt_assign_vector: Get l-value for compressed += operand
    %load/vec4 v0x63a150c6de40_0;
    %pushi/vec4 1, 0, 32;
    %add;
    %cast2;
    %store/vec4 v0x63a150c6de40_0, 0, 32;
    %jmp T_11.2;
T_11.3 ;
    %end;
    .scope S_0x63a150c41070;
t_0 %join;
    %vpi_call/w 3 163 "$display" {0 0 0};
T_11.0 ;
    %vpi_func 3 166 "$size" 32, v0x63a150c8f5b0_0 {0 0 0};
    %cmpi/ne 0, 0, 32;
    %jmp/0xz  T_11.4, 4;
    %vpi_call/w 3 168 "$write", "\012ERROR: data is left sitting in the model b_queue:" {0 0 0};
    %fork t_3, S_0x63a150c8b250;
    %jmp t_2;
    .scope S_0x63a150c8b250;
t_3 ;
    %pushi/vec4 0, 0, 32;
    %store/vec4 v0x63a150c32b20_0, 0, 32;
T_11.6 ;
    %load/vec4 v0x63a150c32b20_0;
    %vpi_func 3 170 "$size" 32, v0x63a150c8f5b0_0 {0 0 0};
    %cmp/s;
    %jmp/0xz T_11.7, 5;
    %vpi_func 3 171 "$size" 32, v0x63a150c8f5b0_0 {0 0 0};
    %load/vec4 v0x63a150c32b20_0;
    %sub;
    %subi 1, 0, 32;
    %ix/vec4/s 3;
    %load/dar/vec4 v0x63a150c8f5b0_0;
    %vpi_call/w 3 171 "$write", " %h", S<0,vec4,u4> {1 0 0};
    ; show_stmt_assign_vector: Get l-value for compressed += operand
    %load/vec4 v0x63a150c32b20_0;
    %pushi/vec4 1, 0, 32;
    %add;
    %cast2;
    %store/vec4 v0x63a150c32b20_0, 0, 32;
    %jmp T_11.6;
T_11.7 ;
    %end;
    .scope S_0x63a150c41070;
t_2 %join;
    %vpi_call/w 3 173 "$display" {0 0 0};
T_11.4 ;
    %end;
    .thread T_11, $final;
    .scope S_0x63a150c41070;
T_12 ;
    %wait E_0x63a150c3a740;
    %load/vec4 v0x63a150c8fa40_0;
    %flag_set/vec4 8;
    %jmp/0xz  T_12.0, 8;
    %pushi/vec4 0, 0, 33;
    %assign/vec4 v0x63a150c8f960_0, 0;
    %pushi/vec4 0, 0, 33;
    %assign/vec4 v0x63a150c8ef90_0, 0;
    %pushi/vec4 0, 0, 33;
    %assign/vec4 v0x63a150c8f3e0_0, 0;
    %pushi/vec4 0, 0, 33;
    %assign/vec4 v0x63a150c8fae0_0, 0;
    %jmp T_12.1;
T_12.0 ;
    %load/vec4 v0x63a150c8f960_0;
    %addi 1, 0, 33;
    %assign/vec4 v0x63a150c8f960_0, 0;
    %load/vec4 v0x63a150c8f2a0_0;
    %load/vec4 v0x63a150c8f1b0_0;
    %and;
    %flag_set/vec4 8;
    %jmp/0xz  T_12.2, 8;
    %load/vec4 v0x63a150c8ef90_0;
    %addi 1, 0, 33;
    %assign/vec4 v0x63a150c8ef90_0, 0;
T_12.2 ;
    %load/vec4 v0x63a150c8f6f0_0;
    %load/vec4 v0x63a150c8f650_0;
    %and;
    %flag_set/vec4 8;
    %jmp/0xz  T_12.4, 8;
    %load/vec4 v0x63a150c8f3e0_0;
    %addi 1, 0, 33;
    %assign/vec4 v0x63a150c8f3e0_0, 0;
T_12.4 ;
    %load/vec4 v0x63a150c8ff10_0;
    %load/vec4 v0x63a150c8fe70_0;
    %and;
    %flag_set/vec4 8;
    %jmp/0xz  T_12.6, 8;
    %load/vec4 v0x63a150c8fae0_0;
    %addi 1, 0, 33;
    %assign/vec4 v0x63a150c8fae0_0, 0;
T_12.6 ;
T_12.1 ;
    %jmp T_12;
    .thread T_12;
    .scope S_0x63a150c41070;
T_13 ;
    %vpi_call/w 3 203 "$display", "\012\012number of sum transfers : %0d per %0d cycles", v0x63a150c8fae0_0, v0x63a150c8f960_0 {0 0 0};
    %load/vec4 v0x63a150c8ef90_0;
    %load/vec4 v0x63a150c8f3e0_0;
    %cmp/ne;
    %flag_get/vec4 4;
    %load/vec4 v0x63a150c8ef90_0;
    %load/vec4 v0x63a150c8fae0_0;
    %cmp/ne;
    %flag_get/vec4 4;
    %or;
    %flag_set/vec4 8;
    %jmp/0xz  T_13.0, 8;
    %vpi_call/w 3 207 "$display", "\012ERROR: number of transfers do not match: a: %0d b: %0s sum %0d", v0x63a150c8ef90_0, v0x63a150c8f3e0_0, v0x63a150c8fae0_0 {0 0 0};
T_13.0 ;
    %end;
    .thread T_13, $final;
    .scope S_0x63a150c41070;
T_14 ;
    %vpi_call/w 3 222 "$dumpvars" {0 0 0};
    %pushi/vec4 0, 0, 1;
    %assign/vec4 v0x63a150c8f2a0_0, 0;
    %pushi/vec4 0, 0, 1;
    %assign/vec4 v0x63a150c8f6f0_0, 0;
    %pushi/vec4 0, 0, 1;
    %assign/vec4 v0x63a150c8fe70_0, 0;
    %pushi/vec4 3, 0, 32;
T_14.0 %dup/vec4;
    %pushi/vec4 0, 0, 32;
    %cmp/s;
    %jmp/1xz T_14.1, 5;
    %jmp/1 T_14.1, 4;
    %pushi/vec4 1, 0, 32;
    %sub;
    %wait E_0x63a150c3a740;
    %jmp T_14.0;
T_14.1 ;
    %pop/vec4 1;
    %pushi/vec4 1, 0, 1;
    %assign/vec4 v0x63a150c8fa40_0, 0;
    %pushi/vec4 3, 0, 32;
T_14.2 %dup/vec4;
    %pushi/vec4 0, 0, 32;
    %cmp/s;
    %jmp/1xz T_14.3, 5;
    %jmp/1 T_14.3, 4;
    %pushi/vec4 1, 0, 32;
    %sub;
    %wait E_0x63a150c3a740;
    %jmp T_14.2;
T_14.3 ;
    %pop/vec4 1;
    %pushi/vec4 0, 0, 1;
    %assign/vec4 v0x63a150c8fa40_0, 0;
    %vpi_call/w 3 242 "$display", "*** Run back-to-back" {0 0 0};
    %pushi/vec4 1, 0, 1;
    %assign/vec4 v0x63a150c8f2a0_0, 0;
    %pushi/vec4 1, 0, 1;
    %assign/vec4 v0x63a150c8f6f0_0, 0;
    %pushi/vec4 1, 0, 1;
    %assign/vec4 v0x63a150c8fe70_0, 0;
    %pushi/vec4 20, 0, 32;
T_14.4 %dup/vec4;
    %pushi/vec4 0, 0, 32;
    %cmp/s;
    %jmp/1xz T_14.5, 5;
    %jmp/1 T_14.5, 4;
    %pushi/vec4 1, 0, 32;
    %sub;
    %wait E_0x63a150c3a740;
    %jmp T_14.4;
T_14.5 ;
    %pop/vec4 1;
    %vpi_call/w 3 250 "$display", "*** Supplying only \042a\042" {0 0 0};
T_14.6 ;
    %load/vec4 v0x63a150c8f650_0;
    %inv;
    %flag_set/vec4 8;
    %jmp/0xz T_14.7, 8;
    %wait E_0x63a150c3a740;
    %jmp T_14.6;
T_14.7 ;
    %pushi/vec4 0, 0, 1;
    %assign/vec4 v0x63a150c8f6f0_0, 0;
    %pushi/vec4 20, 0, 32;
T_14.8 %dup/vec4;
    %pushi/vec4 0, 0, 32;
    %cmp/s;
    %jmp/1xz T_14.9, 5;
    %jmp/1 T_14.9, 4;
    %pushi/vec4 1, 0, 32;
    %sub;
    %wait E_0x63a150c3a740;
    %jmp T_14.8;
T_14.9 ;
    %pop/vec4 1;
    %vpi_call/w 3 261 "$display", "*** Supplying only \042b\042" {0 0 0};
    %pushi/vec4 1, 0, 1;
    %assign/vec4 v0x63a150c8f6f0_0, 0;
T_14.10 ;
    %load/vec4 v0x63a150c8f1b0_0;
    %inv;
    %flag_set/vec4 8;
    %jmp/0xz T_14.11, 8;
    %wait E_0x63a150c3a740;
    %jmp T_14.10;
T_14.11 ;
    %pushi/vec4 0, 0, 1;
    %assign/vec4 v0x63a150c8f2a0_0, 0;
    %pushi/vec4 20, 0, 32;
T_14.12 %dup/vec4;
    %pushi/vec4 0, 0, 32;
    %cmp/s;
    %jmp/1xz T_14.13, 5;
    %jmp/1 T_14.13, 4;
    %pushi/vec4 1, 0, 32;
    %sub;
    %wait E_0x63a150c3a740;
    %jmp T_14.12;
T_14.13 ;
    %pop/vec4 1;
    %vpi_call/w 3 274 "$display", "*** Applying backpressure" {0 0 0};
    %pushi/vec4 1, 0, 1;
    %assign/vec4 v0x63a150c8f2a0_0, 0;
    %pushi/vec4 1, 0, 1;
    %assign/vec4 v0x63a150c8f6f0_0, 0;
    %pushi/vec4 0, 0, 1;
    %assign/vec4 v0x63a150c8fe70_0, 0;
    %pushi/vec4 20, 0, 32;
T_14.14 %dup/vec4;
    %pushi/vec4 0, 0, 32;
    %cmp/s;
    %jmp/1xz T_14.15, 5;
    %jmp/1 T_14.15, 4;
    %pushi/vec4 1, 0, 32;
    %sub;
    %wait E_0x63a150c3a740;
    %jmp T_14.14;
T_14.15 ;
    %pop/vec4 1;
    %vpi_call/w 3 282 "$display", "*** Random" {0 0 0};
T_14.16 ;
    %load/vec4 v0x63a150c8fae0_0;
    %cmpi/ne 100, 0, 33;
    %jmp/0xz T_14.17, 4;
    %load/vec4 v0x63a150c8ef90_0;
    %cmpi/u 100, 0, 33;
    %flag_or 5, 4;
    %jmp/0xz  T_14.18, 5;
    %jmp T_14.19;
T_14.18 ;
    %vpi_call/w 3 287 "$error" {0 0 0};
T_14.19 ;
    %load/vec4 v0x63a150c8ef90_0;
    %pushi/vec4 100, 0, 33;
    %cmp/e;
    %flag_get/vec4 4;
    %load/vec4 v0x63a150c8ef90_0;
    %pushi/vec4 99, 0, 33;
    %cmp/e;
    %flag_get/vec4 4;
    %load/vec4 v0x63a150c8f2a0_0;
    %and;
    %load/vec4 v0x63a150c8f1b0_0;
    %and;
    %or;
    %flag_set/vec4 8;
    %jmp/0xz  T_14.20, 8;
    %pushi/vec4 0, 0, 1;
    %assign/vec4 v0x63a150c8f2a0_0, 0;
    %jmp T_14.21;
T_14.20 ;
    %load/vec4 v0x63a150c8f2a0_0;
    %inv;
    %load/vec4 v0x63a150c8f1b0_0;
    %or;
    %flag_set/vec4 8;
    %jmp/0xz  T_14.22, 8;
    %vpi_func 3 296 "$urandom" 32 {0 0 0};
    %pad/u 1;
    %assign/vec4 v0x63a150c8f2a0_0, 0;
T_14.22 ;
T_14.21 ;
    %load/vec4 v0x63a150c8f3e0_0;
    %cmpi/u 100, 0, 33;
    %flag_or 5, 4;
    %jmp/0xz  T_14.24, 5;
    %jmp T_14.25;
T_14.24 ;
    %vpi_call/w 3 300 "$error" {0 0 0};
T_14.25 ;
    %load/vec4 v0x63a150c8f3e0_0;
    %pushi/vec4 100, 0, 33;
    %cmp/e;
    %flag_get/vec4 4;
    %load/vec4 v0x63a150c8f3e0_0;
    %pushi/vec4 99, 0, 33;
    %cmp/e;
    %flag_get/vec4 4;
    %load/vec4 v0x63a150c8f6f0_0;
    %and;
    %load/vec4 v0x63a150c8f650_0;
    %and;
    %or;
    %flag_set/vec4 8;
    %jmp/0xz  T_14.26, 8;
    %pushi/vec4 0, 0, 1;
    %assign/vec4 v0x63a150c8f6f0_0, 0;
    %jmp T_14.27;
T_14.26 ;
    %load/vec4 v0x63a150c8f6f0_0;
    %inv;
    %load/vec4 v0x63a150c8f650_0;
    %or;
    %flag_set/vec4 8;
    %jmp/0xz  T_14.28, 8;
    %vpi_func 3 309 "$urandom" 32 {0 0 0};
    %pad/u 1;
    %assign/vec4 v0x63a150c8f6f0_0, 0;
T_14.28 ;
T_14.27 ;
    %vpi_func 3 312 "$urandom" 32 {0 0 0};
    %pad/u 1;
    %assign/vec4 v0x63a150c8fe70_0, 0;
    %wait E_0x63a150c3a740;
    %jmp T_14.16;
T_14.17 ;
    %vpi_call/w 3 317 "$display", "*** Draining the results" {0 0 0};
    %pushi/vec4 1, 0, 1;
    %assign/vec4 v0x63a150c8fe70_0, 0;
    %pushi/vec4 11, 0, 32;
T_14.30 %dup/vec4;
    %pushi/vec4 0, 0, 32;
    %cmp/s;
    %jmp/1xz T_14.31, 5;
    %jmp/1 T_14.31, 4;
    %pushi/vec4 1, 0, 32;
    %sub;
    %wait E_0x63a150c3a740;
    %jmp T_14.30;
T_14.31 ;
    %pop/vec4 1;
    %vpi_call/w 3 322 "$display", "%s PASS", "./tb.sv" {0 0 0};
    %vpi_call/w 3 323 "$finish" {0 0 0};
    %end;
    .thread T_14;
    .scope S_0x63a150c41070;
T_15 ;
    %wait E_0x63a150c3a740;
    %load/vec4 v0x63a150c8fa40_0;
    %flag_set/vec4 8;
    %jmp/0xz  T_15.0, 8;
    %pushi/vec4 0, 0, 4;
    %assign/vec4 v0x63a150c8f050_0, 0;
    %jmp T_15.1;
T_15.0 ;
    %load/vec4 v0x63a150c8f2a0_0;
    %load/vec4 v0x63a150c8f1b0_0;
    %and;
    %flag_set/vec4 8;
    %jmp/0xz  T_15.2, 8;
    %vpi_func 3 333 "$urandom" 32 {0 0 0};
    %pad/u 4;
    %assign/vec4 v0x63a150c8f050_0, 0;
T_15.2 ;
T_15.1 ;
    %jmp T_15;
    .thread T_15;
    .scope S_0x63a150c41070;
T_16 ;
    %wait E_0x63a150c3a740;
    %load/vec4 v0x63a150c8fa40_0;
    %flag_set/vec4 8;
    %jmp/0xz  T_16.0, 8;
    %pushi/vec4 0, 0, 4;
    %assign/vec4 v0x63a150c8f4a0_0, 0;
    %jmp T_16.1;
T_16.0 ;
    %load/vec4 v0x63a150c8f6f0_0;
    %load/vec4 v0x63a150c8f650_0;
    %and;
    %flag_set/vec4 8;
    %jmp/0xz  T_16.2, 8;
    %vpi_func 3 339 "$urandom" 32 {0 0 0};
    %pad/u 4;
    %assign/vec4 v0x63a150c8f4a0_0, 0;
T_16.2 ;
T_16.1 ;
    %jmp T_16;
    .thread T_16;
# The file index is used to find the file name in the following table.
:file_names 6;
    "N/A";
    "<interactive>";
    "-";
    "./tb.sv";
    "./a_plus_b_using_double_buffers.sv";
    "./double_buffer_from_dally_harting.sv";
