#! /usr/bin/vvp
:ivl_version "12.0 (stable)";
:ivl_delay_selection "TYPICAL";
:vpi_time_precision + 0;
:vpi_module "/usr/lib/x86_64-linux-gnu/ivl/system.vpi";
:vpi_module "/usr/lib/x86_64-linux-gnu/ivl/vhdl_sys.vpi";
:vpi_module "/usr/lib/x86_64-linux-gnu/ivl/vhdl_textio.vpi";
:vpi_module "/usr/lib/x86_64-linux-gnu/ivl/v2005_math.vpi";
:vpi_module "/usr/lib/x86_64-linux-gnu/ivl/va_math.vpi";
:vpi_module "/usr/lib/x86_64-linux-gnu/ivl/v2009.vpi";
S_0x5a073b8893a0 .scope package, "$unit" "$unit" 2 1;
 .timescale 0 0;
S_0x5a073b8ca640 .scope module, "tb" "tb" 3 13;
 .timescale 0 0;
P_0x5a073b8cbc50 .param/l "ADDR_W" 1 3 25, +C4<00000000000000000000000000001010>;
P_0x5a073b8cbc90 .param/l "ROM_SIZE" 1 3 24, +C4<00000000000000000000010000000000>;
v0x5a073b8f22a0_0 .var "clk", 0 0;
v0x5a073b8f2340_0 .var/2u "cycle", 31 0;
v0x5a073b8f2420_0 .net "imAddr", 31 0, L_0x5a073b9030b0;  1 drivers
v0x5a073b8f2520_0 .net "imData", 31 0, L_0x5a073b8cffd0;  1 drivers
v0x5a073b8f2610_0 .var "prevImAddr", 31 0;
v0x5a073b8f2740_0 .var "prevRegData", 31 0;
v0x5a073b8f2820_0 .var "regAddr", 4 0;
v0x5a073b8f2930_0 .net "regData", 31 0, L_0x5a073b9050e0;  1 drivers
v0x5a073b8f29f0_0 .var "rst", 0 0;
v0x5a073b8f2a90_0 .var/2u "wasRst", 0 0;
E_0x5a073b854f00 .event negedge, v0x5a073b8ee790_0;
L_0x5a073b905400 .part L_0x5a073b9030b0, 0, 10;
S_0x5a073b8c6ea0 .scope module, "cpu" "sr_cpu" 3 27, 4 15 0, S_0x5a073b8ca640;
 .timescale 0 0;
    .port_info 0 /INPUT 1 "clk";
    .port_info 1 /INPUT 1 "rst";
    .port_info 2 /OUTPUT 32 "imAddr";
    .port_info 3 /INPUT 32 "imData";
    .port_info 4 /INPUT 5 "regAddr";
    .port_info 5 /OUTPUT 32 "regData";
L_0x5a073b8cce00 .functor BUFZ 32, L_0x5a073b8cffd0, C4<00000000000000000000000000000000>, C4<00000000000000000000000000000000>, C4<00000000000000000000000000000000>;
v0x5a073b8ef7a0_0 .net *"_ivl_10", 29 0, L_0x5a073b902f50;  1 drivers
L_0x7caaad957060 .functor BUFT 1, C4<00>, C4<0>, C4<0>, C4<0>;
v0x5a073b8ef8a0_0 .net *"_ivl_12", 1 0, L_0x7caaad957060;  1 drivers
L_0x7caaad957018 .functor BUFT 1, C4<00000000000000000000000000000100>, C4<0>, C4<0>, C4<0>;
v0x5a073b8ef980_0 .net/2u *"_ivl_2", 31 0, L_0x7caaad957018;  1 drivers
L_0x7caaad957450 .functor BUFT 1, C4<00000>, C4<0>, C4<0>, C4<0>;
v0x5a073b8efa70_0 .net/2u *"_ivl_20", 4 0, L_0x7caaad957450;  1 drivers
v0x5a073b8efb50_0 .net *"_ivl_22", 0 0, L_0x5a073b904fa0;  1 drivers
v0x5a073b8efc10_0 .net "aluControl", 2 0, v0x5a073b8eedc0_0;  1 drivers
v0x5a073b8efd20_0 .net "aluResult", 31 0, v0x5a073b8ccfa0_0;  1 drivers
v0x5a073b8efde0_0 .net "aluSrc", 0 0, v0x5a073b8eee80_0;  1 drivers
v0x5a073b8efe80_0 .net "aluZero", 0 0, L_0x5a073b904c40;  1 drivers
v0x5a073b8effb0_0 .net "clk", 0 0, v0x5a073b8f22a0_0;  1 drivers
v0x5a073b8f00a0_0 .net "cmdF3", 2 0, L_0x5a073b903430;  1 drivers
v0x5a073b8f0190_0 .net "cmdF7", 6 0, L_0x5a073b903610;  1 drivers
v0x5a073b8f0280_0 .net "cmdOp", 6 0, L_0x5a073b903240;  1 drivers
v0x5a073b8f0390_0 .net "imAddr", 31 0, L_0x5a073b9030b0;  alias, 1 drivers
v0x5a073b8f0470_0 .net "imData", 31 0, L_0x5a073b8cffd0;  alias, 1 drivers
v0x5a073b8f0550_0 .net "immB", 31 0, v0x5a073b8edc40_0;  1 drivers
v0x5a073b8f0610_0 .net "immI", 31 0, v0x5a073b8edd20_0;  1 drivers
v0x5a073b8f06b0_0 .net "immU", 31 0, v0x5a073b8ede50_0;  1 drivers
v0x5a073b8f0750_0 .net "instr", 31 0, L_0x5a073b8cce00;  1 drivers
v0x5a073b8f07f0_0 .net "pc", 31 0, v0x5a073b8ee6a0_0;  1 drivers
v0x5a073b8f0890_0 .net "pcBranch", 31 0, L_0x5a073b8f2b30;  1 drivers
v0x5a073b8f0950_0 .net "pcNext", 31 0, L_0x5a073b902d70;  1 drivers
v0x5a073b8f0a40_0 .net "pcPlus4", 31 0, L_0x5a073b902c80;  1 drivers
v0x5a073b8f0b00_0 .net "pcSrc", 0 0, L_0x5a073b8cd710;  1 drivers
v0x5a073b8f0bd0_0 .net "rd", 4 0, L_0x5a073b903300;  1 drivers
v0x5a073b8f0cc0_0 .net "rd0", 31 0, L_0x5a073b903ab0;  1 drivers
v0x5a073b8f0d80_0 .net "rd1", 31 0, L_0x5a073b904200;  1 drivers
v0x5a073b8f0e70_0 .net "rd2", 31 0, L_0x5a073b904890;  1 drivers
v0x5a073b8f0f30_0 .net "regAddr", 4 0, v0x5a073b8f2820_0;  1 drivers
v0x5a073b8f1000_0 .net "regData", 31 0, L_0x5a073b9050e0;  alias, 1 drivers
v0x5a073b8f10c0_0 .net "regWrite", 0 0, v0x5a073b8ef510_0;  1 drivers
v0x5a073b8f11b0_0 .net "rs1", 4 0, L_0x5a073b9034d0;  1 drivers
v0x5a073b8f12c0_0 .net "rs2", 4 0, L_0x5a073b903570;  1 drivers
v0x5a073b8f15e0_0 .net "rst", 0 0, v0x5a073b8f29f0_0;  1 drivers
v0x5a073b8f1680_0 .net "srcB", 31 0, L_0x5a073b904a70;  1 drivers
v0x5a073b8f1720_0 .net "wd3", 31 0, L_0x5a073b904d80;  1 drivers
v0x5a073b8f17c0_0 .net "wdSrc", 0 0, v0x5a073b8ef5e0_0;  1 drivers
L_0x5a073b8f2b30 .arith/sum 32, v0x5a073b8ee6a0_0, v0x5a073b8edc40_0;
L_0x5a073b902c80 .arith/sum 32, v0x5a073b8ee6a0_0, L_0x7caaad957018;
L_0x5a073b902d70 .functor MUXZ 32, L_0x5a073b902c80, L_0x5a073b8f2b30, L_0x5a073b8cd710, C4<>;
L_0x5a073b902f50 .part v0x5a073b8ee6a0_0, 2, 30;
L_0x5a073b9030b0 .concat [ 30 2 0 0], L_0x5a073b902f50, L_0x7caaad957060;
L_0x5a073b904a70 .functor MUXZ 32, L_0x5a073b904890, v0x5a073b8edd20_0, v0x5a073b8eee80_0, C4<>;
L_0x5a073b904d80 .functor MUXZ 32, v0x5a073b8ccfa0_0, v0x5a073b8ede50_0, v0x5a073b8ef5e0_0, C4<>;
L_0x5a073b904fa0 .cmp/ne 5, v0x5a073b8f2820_0, L_0x7caaad957450;
L_0x5a073b9050e0 .functor MUXZ 32, v0x5a073b8ee6a0_0, L_0x5a073b903ab0, L_0x5a073b904fa0, C4<>;
S_0x5a073b88a710 .scope module, "alu" "sr_alu" 4 103, 5 15 0, S_0x5a073b8c6ea0;
 .timescale 0 0;
    .port_info 0 /INPUT 32 "srcA";
    .port_info 1 /INPUT 32 "srcB";
    .port_info 2 /INPUT 3 "oper";
    .port_info 3 /OUTPUT 1 "zero";
    .port_info 4 /OUTPUT 32 "result";
L_0x7caaad957408 .functor BUFT 1, C4<00000000000000000000000000000000>, C4<0>, C4<0>, C4<0>;
v0x5a073b8b4a70_0 .net/2u *"_ivl_0", 31 0, L_0x7caaad957408;  1 drivers
v0x5a073b8ccba0_0 .net "oper", 2 0, v0x5a073b8eedc0_0;  alias, 1 drivers
v0x5a073b8ccfa0_0 .var "result", 31 0;
v0x5a073b8cd870_0 .net "srcA", 31 0, L_0x5a073b904200;  alias, 1 drivers
v0x5a073b8d0ed0_0 .net "srcB", 31 0, L_0x5a073b904a70;  alias, 1 drivers
v0x5a073b888500_0 .net "zero", 0 0, L_0x5a073b904c40;  alias, 1 drivers
E_0x5a073b88e040 .event anyedge, v0x5a073b8ccba0_0, v0x5a073b8cd870_0, v0x5a073b8d0ed0_0, v0x5a073b8d0ed0_0;
L_0x5a073b904c40 .cmp/eq 32, v0x5a073b8ccfa0_0, L_0x7caaad957408;
S_0x5a073b8eb380 .scope module, "i_rf" "sr_register_file" 4 84, 6 15 0, S_0x5a073b8c6ea0;
 .timescale 0 0;
    .port_info 0 /INPUT 1 "clk";
    .port_info 1 /INPUT 5 "a0";
    .port_info 2 /INPUT 5 "a1";
    .port_info 3 /INPUT 5 "a2";
    .port_info 4 /INPUT 5 "a3";
    .port_info 5 /OUTPUT 32 "rd0";
    .port_info 6 /OUTPUT 32 "rd1";
    .port_info 7 /OUTPUT 32 "rd2";
    .port_info 8 /INPUT 32 "wd3";
    .port_info 9 /INPUT 1 "we3";
v0x5a073b8eb6a0_0 .net *"_ivl_0", 31 0, L_0x5a073b9036f0;  1 drivers
v0x5a073b8eb7a0_0 .net *"_ivl_10", 6 0, L_0x5a073b903970;  1 drivers
L_0x7caaad957138 .functor BUFT 1, C4<00>, C4<0>, C4<0>, C4<0>;
v0x5a073b8eb880_0 .net *"_ivl_13", 1 0, L_0x7caaad957138;  1 drivers
L_0x7caaad957180 .functor BUFT 1, C4<00000000000000000000000000000000>, C4<0>, C4<0>, C4<0>;
v0x5a073b8eb940_0 .net/2u *"_ivl_14", 31 0, L_0x7caaad957180;  1 drivers
v0x5a073b8eba20_0 .net *"_ivl_18", 31 0, L_0x5a073b903c90;  1 drivers
L_0x7caaad9571c8 .functor BUFT 1, C4<000000000000000000000000000>, C4<0>, C4<0>, C4<0>;
v0x5a073b8ebb50_0 .net *"_ivl_21", 26 0, L_0x7caaad9571c8;  1 drivers
L_0x7caaad957210 .functor BUFT 1, C4<00000000000000000000000000000000>, C4<0>, C4<0>, C4<0>;
v0x5a073b8ebc30_0 .net/2u *"_ivl_22", 31 0, L_0x7caaad957210;  1 drivers
v0x5a073b8ebd10_0 .net *"_ivl_24", 0 0, L_0x5a073b903e00;  1 drivers
v0x5a073b8ebdd0_0 .net *"_ivl_26", 31 0, L_0x5a073b903f40;  1 drivers
v0x5a073b8ebf40_0 .net *"_ivl_28", 6 0, L_0x5a073b904030;  1 drivers
L_0x7caaad9570a8 .functor BUFT 1, C4<000000000000000000000000000>, C4<0>, C4<0>, C4<0>;
v0x5a073b8ec020_0 .net *"_ivl_3", 26 0, L_0x7caaad9570a8;  1 drivers
L_0x7caaad957258 .functor BUFT 1, C4<00>, C4<0>, C4<0>, C4<0>;
v0x5a073b8ec100_0 .net *"_ivl_31", 1 0, L_0x7caaad957258;  1 drivers
L_0x7caaad9572a0 .functor BUFT 1, C4<00000000000000000000000000000000>, C4<0>, C4<0>, C4<0>;
v0x5a073b8ec1e0_0 .net/2u *"_ivl_32", 31 0, L_0x7caaad9572a0;  1 drivers
v0x5a073b8ec2c0_0 .net *"_ivl_36", 31 0, L_0x5a073b904350;  1 drivers
L_0x7caaad9572e8 .functor BUFT 1, C4<000000000000000000000000000>, C4<0>, C4<0>, C4<0>;
v0x5a073b8ec3a0_0 .net *"_ivl_39", 26 0, L_0x7caaad9572e8;  1 drivers
L_0x7caaad9570f0 .functor BUFT 1, C4<00000000000000000000000000000000>, C4<0>, C4<0>, C4<0>;
v0x5a073b8ec480_0 .net/2u *"_ivl_4", 31 0, L_0x7caaad9570f0;  1 drivers
L_0x7caaad957330 .functor BUFT 1, C4<00000000000000000000000000000000>, C4<0>, C4<0>, C4<0>;
v0x5a073b8ec560_0 .net/2u *"_ivl_40", 31 0, L_0x7caaad957330;  1 drivers
v0x5a073b8ec640_0 .net *"_ivl_42", 0 0, L_0x5a073b904480;  1 drivers
v0x5a073b8ec700_0 .net *"_ivl_44", 31 0, L_0x5a073b904630;  1 drivers
v0x5a073b8ec7e0_0 .net *"_ivl_46", 6 0, L_0x5a073b9046d0;  1 drivers
L_0x7caaad957378 .functor BUFT 1, C4<00>, C4<0>, C4<0>, C4<0>;
v0x5a073b8ec8c0_0 .net *"_ivl_49", 1 0, L_0x7caaad957378;  1 drivers
L_0x7caaad9573c0 .functor BUFT 1, C4<00000000000000000000000000000000>, C4<0>, C4<0>, C4<0>;
v0x5a073b8ec9a0_0 .net/2u *"_ivl_50", 31 0, L_0x7caaad9573c0;  1 drivers
v0x5a073b8eca80_0 .net *"_ivl_6", 0 0, L_0x5a073b903790;  1 drivers
v0x5a073b8ecb40_0 .net *"_ivl_8", 31 0, L_0x5a073b9038d0;  1 drivers
v0x5a073b8ecc20_0 .net "a0", 4 0, v0x5a073b8f2820_0;  alias, 1 drivers
v0x5a073b8ecd00_0 .net "a1", 4 0, L_0x5a073b9034d0;  alias, 1 drivers
v0x5a073b8ecde0_0 .net "a2", 4 0, L_0x5a073b903570;  alias, 1 drivers
v0x5a073b8ecec0_0 .net "a3", 4 0, L_0x5a073b903300;  alias, 1 drivers
v0x5a073b8ecfa0_0 .net "clk", 0 0, v0x5a073b8f22a0_0;  alias, 1 drivers
v0x5a073b8ed060_0 .net "rd0", 31 0, L_0x5a073b903ab0;  alias, 1 drivers
v0x5a073b8ed140_0 .net "rd1", 31 0, L_0x5a073b904200;  alias, 1 drivers
v0x5a073b8ed200_0 .net "rd2", 31 0, L_0x5a073b904890;  alias, 1 drivers
v0x5a073b8ed2c0 .array "rf", 31 0, 31 0;
v0x5a073b8ed380_0 .net "wd3", 31 0, L_0x5a073b904d80;  alias, 1 drivers
v0x5a073b8ed460_0 .net "we3", 0 0, v0x5a073b8ef510_0;  alias, 1 drivers
E_0x5a073b8788e0 .event posedge, v0x5a073b8ecfa0_0;
L_0x5a073b9036f0 .concat [ 5 27 0 0], v0x5a073b8f2820_0, L_0x7caaad9570a8;
L_0x5a073b903790 .cmp/ne 32, L_0x5a073b9036f0, L_0x7caaad9570f0;
L_0x5a073b9038d0 .array/port v0x5a073b8ed2c0, L_0x5a073b903970;
L_0x5a073b903970 .concat [ 5 2 0 0], v0x5a073b8f2820_0, L_0x7caaad957138;
L_0x5a073b903ab0 .functor MUXZ 32, L_0x7caaad957180, L_0x5a073b9038d0, L_0x5a073b903790, C4<>;
L_0x5a073b903c90 .concat [ 5 27 0 0], L_0x5a073b9034d0, L_0x7caaad9571c8;
L_0x5a073b903e00 .cmp/ne 32, L_0x5a073b903c90, L_0x7caaad957210;
L_0x5a073b903f40 .array/port v0x5a073b8ed2c0, L_0x5a073b904030;
L_0x5a073b904030 .concat [ 5 2 0 0], L_0x5a073b9034d0, L_0x7caaad957258;
L_0x5a073b904200 .functor MUXZ 32, L_0x7caaad9572a0, L_0x5a073b903f40, L_0x5a073b903e00, C4<>;
L_0x5a073b904350 .concat [ 5 27 0 0], L_0x5a073b903570, L_0x7caaad9572e8;
L_0x5a073b904480 .cmp/ne 32, L_0x5a073b904350, L_0x7caaad957330;
L_0x5a073b904630 .array/port v0x5a073b8ed2c0, L_0x5a073b9046d0;
L_0x5a073b9046d0 .concat [ 5 2 0 0], L_0x5a073b903570, L_0x7caaad957378;
L_0x5a073b904890 .functor MUXZ 32, L_0x7caaad9573c0, L_0x5a073b904630, L_0x5a073b904480, C4<>;
S_0x5a073b8ed660 .scope module, "id" "sr_decode" 4 63, 7 15 0, S_0x5a073b8c6ea0;
 .timescale 0 0;
    .port_info 0 /INPUT 32 "instr";
    .port_info 1 /OUTPUT 7 "cmdOp";
    .port_info 2 /OUTPUT 5 "rd";
    .port_info 3 /OUTPUT 3 "cmdF3";
    .port_info 4 /OUTPUT 5 "rs1";
    .port_info 5 /OUTPUT 5 "rs2";
    .port_info 6 /OUTPUT 7 "cmdF7";
    .port_info 7 /OUTPUT 32 "immI";
    .port_info 8 /OUTPUT 32 "immB";
    .port_info 9 /OUTPUT 32 "immU";
v0x5a073b8ed9a0_0 .net "cmdF3", 2 0, L_0x5a073b903430;  alias, 1 drivers
v0x5a073b8edaa0_0 .net "cmdF7", 6 0, L_0x5a073b903610;  alias, 1 drivers
v0x5a073b8edb80_0 .net "cmdOp", 6 0, L_0x5a073b903240;  alias, 1 drivers
v0x5a073b8edc40_0 .var "immB", 31 0;
v0x5a073b8edd20_0 .var "immI", 31 0;
v0x5a073b8ede50_0 .var "immU", 31 0;
v0x5a073b8edf30_0 .net "instr", 31 0, L_0x5a073b8cce00;  alias, 1 drivers
v0x5a073b8ee010_0 .net "rd", 4 0, L_0x5a073b903300;  alias, 1 drivers
v0x5a073b8ee0d0_0 .net "rs1", 4 0, L_0x5a073b9034d0;  alias, 1 drivers
v0x5a073b8ee170_0 .net "rs2", 4 0, L_0x5a073b903570;  alias, 1 drivers
E_0x5a073b8d0b80 .event anyedge, v0x5a073b8edf30_0;
E_0x5a073b8d00f0 .event anyedge, v0x5a073b8edf30_0, v0x5a073b8edf30_0, v0x5a073b8edf30_0, v0x5a073b8edf30_0;
E_0x5a073b8ed940 .event anyedge, v0x5a073b8edf30_0, v0x5a073b8edf30_0;
L_0x5a073b903240 .part L_0x5a073b8cce00, 0, 7;
L_0x5a073b903300 .part L_0x5a073b8cce00, 7, 5;
L_0x5a073b903430 .part L_0x5a073b8cce00, 12, 3;
L_0x5a073b9034d0 .part L_0x5a073b8cce00, 15, 5;
L_0x5a073b903570 .part L_0x5a073b8cce00, 20, 5;
L_0x5a073b903610 .part L_0x5a073b8cce00, 25, 7;
S_0x5a073b8ee390 .scope module, "r_pc" "register_with_rst" 4 54, 8 13 0, S_0x5a073b8c6ea0;
 .timescale 0 0;
    .port_info 0 /INPUT 1 "clk";
    .port_info 1 /INPUT 1 "rst";
    .port_info 2 /INPUT 32 "d";
    .port_info 3 /OUTPUT 32 "q";
v0x5a073b8ee520_0 .net "clk", 0 0, v0x5a073b8f22a0_0;  alias, 1 drivers
v0x5a073b8ee5e0_0 .net "d", 31 0, L_0x5a073b902d70;  alias, 1 drivers
v0x5a073b8ee6a0_0 .var "q", 31 0;
v0x5a073b8ee790_0 .net "rst", 0 0, v0x5a073b8f29f0_0;  alias, 1 drivers
S_0x5a073b8ee900 .scope module, "sm_control" "sr_control" 4 116, 9 15 0, S_0x5a073b8c6ea0;
 .timescale 0 0;
    .port_info 0 /INPUT 7 "cmdOp";
    .port_info 1 /INPUT 3 "cmdF3";
    .port_info 2 /INPUT 7 "cmdF7";
    .port_info 3 /INPUT 1 "aluZero";
    .port_info 4 /OUTPUT 1 "pcSrc";
    .port_info 5 /OUTPUT 1 "regWrite";
    .port_info 6 /OUTPUT 1 "aluSrc";
    .port_info 7 /OUTPUT 1 "wdSrc";
    .port_info 8 /OUTPUT 3 "aluControl";
L_0x5a073b9045c0 .functor XNOR 1, L_0x5a073b904c40, v0x5a073b8ef320_0, C4<0>, C4<0>;
L_0x5a073b8cd710 .functor AND 1, v0x5a073b8eeff0_0, L_0x5a073b9045c0, C4<1>, C4<1>;
v0x5a073b8eece0_0 .net *"_ivl_0", 0 0, L_0x5a073b9045c0;  1 drivers
v0x5a073b8eedc0_0 .var "aluControl", 2 0;
v0x5a073b8eee80_0 .var "aluSrc", 0 0;
v0x5a073b8eef20_0 .net "aluZero", 0 0, L_0x5a073b904c40;  alias, 1 drivers
v0x5a073b8eeff0_0 .var "branch", 0 0;
v0x5a073b8ef0e0_0 .net "cmdF3", 2 0, L_0x5a073b903430;  alias, 1 drivers
v0x5a073b8ef180_0 .net "cmdF7", 6 0, L_0x5a073b903610;  alias, 1 drivers
v0x5a073b8ef250_0 .net "cmdOp", 6 0, L_0x5a073b903240;  alias, 1 drivers
v0x5a073b8ef320_0 .var "condZero", 0 0;
v0x5a073b8ef450_0 .net "pcSrc", 0 0, L_0x5a073b8cd710;  alias, 1 drivers
v0x5a073b8ef510_0 .var "regWrite", 0 0;
v0x5a073b8ef5e0_0 .var "wdSrc", 0 0;
E_0x5a073b8eec60 .event anyedge, v0x5a073b8edaa0_0, v0x5a073b8ed9a0_0, v0x5a073b8edb80_0;
S_0x5a073b8f1950 .scope module, "i_rom" "instruction_rom" 3 39, 10 13 0, S_0x5a073b8ca640;
 .timescale 0 0;
    .port_info 0 /INPUT 10 "a";
    .port_info 1 /OUTPUT 32 "rd";
P_0x5a073b8eff20 .param/l "ADDR_W" 0 10 16, +C4<00000000000000000000000000001010>;
P_0x5a073b8eff60 .param/l "SIZE" 0 10 15, +C4<00000000000000000000010000000000>;
L_0x5a073b8cffd0 .functor BUFZ 32, L_0x5a073b905220, C4<00000000000000000000000000000000>, C4<00000000000000000000000000000000>, C4<00000000000000000000000000000000>;
v0x5a073b8f1ce0_0 .net *"_ivl_0", 31 0, L_0x5a073b905220;  1 drivers
v0x5a073b8f1de0_0 .net *"_ivl_2", 11 0, L_0x5a073b9052c0;  1 drivers
L_0x7caaad957498 .functor BUFT 1, C4<00>, C4<0>, C4<0>, C4<0>;
v0x5a073b8f1ec0_0 .net *"_ivl_5", 1 0, L_0x7caaad957498;  1 drivers
v0x5a073b8f1fb0_0 .net "a", 9 0, L_0x5a073b905400;  1 drivers
v0x5a073b8f2090_0 .net "rd", 31 0, L_0x5a073b8cffd0;  alias, 1 drivers
v0x5a073b8f21a0 .array "rom", 1023 0, 31 0;
L_0x5a073b905220 .array/port v0x5a073b8f21a0, L_0x5a073b9052c0;
L_0x5a073b9052c0 .concat [ 10 2 0 0], L_0x5a073b905400, L_0x7caaad957498;
    .scope S_0x5a073b8ee390;
T_0 ;
    %wait E_0x5a073b8788e0;
    %load/vec4 v0x5a073b8ee790_0;
    %flag_set/vec4 8;
    %jmp/0xz  T_0.0, 8;
    %pushi/vec4 0, 0, 32;
    %assign/vec4 v0x5a073b8ee6a0_0, 0;
    %jmp T_0.1;
T_0.0 ;
    %load/vec4 v0x5a073b8ee5e0_0;
    %assign/vec4 v0x5a073b8ee6a0_0, 0;
T_0.1 ;
    %jmp T_0;
    .thread T_0;
    .scope S_0x5a073b8ed660;
T_1 ;
Ewait_0 .event/or E_0x5a073b8ed940, E_0x0;
    %wait Ewait_0;
    %load/vec4 v0x5a073b8edf30_0;
    %parti/s 11, 20, 6;
    %ix/load 4, 0, 0;
    %flag_set/imm 4, 0;
    %store/vec4 v0x5a073b8edd20_0, 4, 11;
    %load/vec4 v0x5a073b8edf30_0;
    %parti/s 1, 31, 6;
    %replicate 21;
    %ix/load 4, 11, 0;
    %flag_set/imm 4, 0;
    %store/vec4 v0x5a073b8edd20_0, 4, 21;
    %jmp T_1;
    .thread T_1, $push;
    .scope S_0x5a073b8ed660;
T_2 ;
Ewait_1 .event/or E_0x5a073b8d00f0, E_0x0;
    %wait Ewait_1;
    %pushi/vec4 0, 0, 1;
    %ix/load 4, 0, 0;
    %flag_set/imm 4, 0;
    %store/vec4 v0x5a073b8edc40_0, 4, 1;
    %load/vec4 v0x5a073b8edf30_0;
    %parti/s 4, 8, 5;
    %ix/load 4, 1, 0;
    %flag_set/imm 4, 0;
    %store/vec4 v0x5a073b8edc40_0, 4, 4;
    %load/vec4 v0x5a073b8edf30_0;
    %parti/s 6, 25, 6;
    %ix/load 4, 5, 0;
    %flag_set/imm 4, 0;
    %store/vec4 v0x5a073b8edc40_0, 4, 6;
    %load/vec4 v0x5a073b8edf30_0;
    %parti/s 1, 7, 4;
    %ix/load 4, 11, 0;
    %flag_set/imm 4, 0;
    %store/vec4 v0x5a073b8edc40_0, 4, 1;
    %load/vec4 v0x5a073b8edf30_0;
    %parti/s 1, 31, 6;
    %replicate 20;
    %ix/load 4, 12, 0;
    %flag_set/imm 4, 0;
    %store/vec4 v0x5a073b8edc40_0, 4, 20;
    %jmp T_2;
    .thread T_2, $push;
    .scope S_0x5a073b8ed660;
T_3 ;
Ewait_2 .event/or E_0x5a073b8d0b80, E_0x0;
    %wait Ewait_2;
    %pushi/vec4 0, 0, 12;
    %ix/load 4, 0, 0;
    %flag_set/imm 4, 0;
    %store/vec4 v0x5a073b8ede50_0, 4, 12;
    %load/vec4 v0x5a073b8edf30_0;
    %parti/s 20, 12, 5;
    %ix/load 4, 12, 0;
    %flag_set/imm 4, 0;
    %store/vec4 v0x5a073b8ede50_0, 4, 20;
    %jmp T_3;
    .thread T_3, $push;
    .scope S_0x5a073b8eb380;
T_4 ;
    %wait E_0x5a073b8788e0;
    %load/vec4 v0x5a073b8ed460_0;
    %flag_set/vec4 8;
    %jmp/0xz  T_4.0, 8;
    %load/vec4 v0x5a073b8ed380_0;
    %load/vec4 v0x5a073b8ecec0_0;
    %pad/u 7;
    %ix/vec4 3;
    %ix/load 4, 0, 0; Constant delay
    %assign/vec4/a/d v0x5a073b8ed2c0, 0, 4;
T_4.0 ;
    %jmp T_4;
    .thread T_4;
    .scope S_0x5a073b88a710;
T_5 ;
Ewait_3 .event/or E_0x5a073b88e040, E_0x0;
    %wait Ewait_3;
    %load/vec4 v0x5a073b8ccba0_0;
    %dup/vec4;
    %pushi/vec4 0, 0, 3;
    %cmp/u;
    %jmp/1 T_5.1, 6;
    %dup/vec4;
    %pushi/vec4 1, 0, 3;
    %cmp/u;
    %jmp/1 T_5.2, 6;
    %dup/vec4;
    %pushi/vec4 2, 0, 3;
    %cmp/u;
    %jmp/1 T_5.3, 6;
    %dup/vec4;
    %pushi/vec4 3, 0, 3;
    %cmp/u;
    %jmp/1 T_5.4, 6;
    %dup/vec4;
    %pushi/vec4 4, 0, 3;
    %cmp/u;
    %jmp/1 T_5.5, 6;
    %load/vec4 v0x5a073b8cd870_0;
    %load/vec4 v0x5a073b8d0ed0_0;
    %add;
    %store/vec4 v0x5a073b8ccfa0_0, 0, 32;
    %jmp T_5.6;
T_5.1 ;
    %load/vec4 v0x5a073b8cd870_0;
    %load/vec4 v0x5a073b8d0ed0_0;
    %add;
    %store/vec4 v0x5a073b8ccfa0_0, 0, 32;
    %jmp T_5.6;
T_5.2 ;
    %load/vec4 v0x5a073b8cd870_0;
    %load/vec4 v0x5a073b8d0ed0_0;
    %or;
    %store/vec4 v0x5a073b8ccfa0_0, 0, 32;
    %jmp T_5.6;
T_5.3 ;
    %load/vec4 v0x5a073b8cd870_0;
    %load/vec4 v0x5a073b8d0ed0_0;
    %parti/s 5, 0, 2;
    %ix/vec4 4;
    %shiftr 4;
    %store/vec4 v0x5a073b8ccfa0_0, 0, 32;
    %jmp T_5.6;
T_5.4 ;
    %load/vec4 v0x5a073b8cd870_0;
    %load/vec4 v0x5a073b8d0ed0_0;
    %cmp/u;
    %flag_mov 8, 5;
    %jmp/0 T_5.7, 8;
    %pushi/vec4 1, 0, 32;
    %jmp/1 T_5.8, 8;
T_5.7 ; End of true expr.
    %pushi/vec4 0, 0, 32;
    %jmp/0 T_5.8, 8;
 ; End of false expr.
    %blend;
T_5.8;
    %store/vec4 v0x5a073b8ccfa0_0, 0, 32;
    %jmp T_5.6;
T_5.5 ;
    %load/vec4 v0x5a073b8cd870_0;
    %load/vec4 v0x5a073b8d0ed0_0;
    %sub;
    %store/vec4 v0x5a073b8ccfa0_0, 0, 32;
    %jmp T_5.6;
T_5.6 ;
    %pop/vec4 1;
    %jmp T_5;
    .thread T_5, $push;
    .scope S_0x5a073b8ee900;
T_6 ;
Ewait_4 .event/or E_0x5a073b8eec60, E_0x0;
    %wait Ewait_4;
    %pushi/vec4 0, 0, 1;
    %store/vec4 v0x5a073b8eeff0_0, 0, 1;
    %pushi/vec4 0, 0, 1;
    %store/vec4 v0x5a073b8ef320_0, 0, 1;
    %pushi/vec4 0, 0, 1;
    %store/vec4 v0x5a073b8ef510_0, 0, 1;
    %pushi/vec4 0, 0, 1;
    %store/vec4 v0x5a073b8eee80_0, 0, 1;
    %pushi/vec4 0, 0, 1;
    %store/vec4 v0x5a073b8ef5e0_0, 0, 1;
    %pushi/vec4 0, 0, 3;
    %store/vec4 v0x5a073b8eedc0_0, 0, 3;
    %load/vec4 v0x5a073b8ef180_0;
    %load/vec4 v0x5a073b8ef0e0_0;
    %concat/vec4; draw_concat_vec4
    %load/vec4 v0x5a073b8ef250_0;
    %concat/vec4; draw_concat_vec4
    %dup/vec4;
    %pushi/vec4 51, 0, 17;
    %cmp/z;
    %jmp/1 T_6.0, 4;
    %dup/vec4;
    %pushi/vec4 819, 0, 17;
    %cmp/z;
    %jmp/1 T_6.1, 4;
    %dup/vec4;
    %pushi/vec4 691, 0, 17;
    %cmp/z;
    %jmp/1 T_6.2, 4;
    %dup/vec4;
    %pushi/vec4 435, 0, 17;
    %cmp/z;
    %jmp/1 T_6.3, 4;
    %dup/vec4;
    %pushi/vec4 32819, 0, 17;
    %cmp/z;
    %jmp/1 T_6.4, 4;
    %dup/vec4;
    %pushi/vec4 19, 130048, 17;
    %cmp/z;
    %jmp/1 T_6.5, 4;
    %dup/vec4;
    %pushi/vec4 55, 130944, 17;
    %cmp/z;
    %jmp/1 T_6.6, 4;
    %dup/vec4;
    %pushi/vec4 99, 130048, 17;
    %cmp/z;
    %jmp/1 T_6.7, 4;
    %dup/vec4;
    %pushi/vec4 227, 130048, 17;
    %cmp/z;
    %jmp/1 T_6.8, 4;
    %jmp T_6.9;
T_6.0 ;
    %pushi/vec4 1, 0, 1;
    %store/vec4 v0x5a073b8ef510_0, 0, 1;
    %pushi/vec4 0, 0, 3;
    %store/vec4 v0x5a073b8eedc0_0, 0, 3;
    %jmp T_6.9;
T_6.1 ;
    %pushi/vec4 1, 0, 1;
    %store/vec4 v0x5a073b8ef510_0, 0, 1;
    %pushi/vec4 1, 0, 3;
    %store/vec4 v0x5a073b8eedc0_0, 0, 3;
    %jmp T_6.9;
T_6.2 ;
    %pushi/vec4 1, 0, 1;
    %store/vec4 v0x5a073b8ef510_0, 0, 1;
    %pushi/vec4 2, 0, 3;
    %store/vec4 v0x5a073b8eedc0_0, 0, 3;
    %jmp T_6.9;
T_6.3 ;
    %pushi/vec4 1, 0, 1;
    %store/vec4 v0x5a073b8ef510_0, 0, 1;
    %pushi/vec4 3, 0, 3;
    %store/vec4 v0x5a073b8eedc0_0, 0, 3;
    %jmp T_6.9;
T_6.4 ;
    %pushi/vec4 1, 0, 1;
    %store/vec4 v0x5a073b8ef510_0, 0, 1;
    %pushi/vec4 4, 0, 3;
    %store/vec4 v0x5a073b8eedc0_0, 0, 3;
    %jmp T_6.9;
T_6.5 ;
    %pushi/vec4 1, 0, 1;
    %store/vec4 v0x5a073b8ef510_0, 0, 1;
    %pushi/vec4 1, 0, 1;
    %store/vec4 v0x5a073b8eee80_0, 0, 1;
    %pushi/vec4 0, 0, 3;
    %store/vec4 v0x5a073b8eedc0_0, 0, 3;
    %jmp T_6.9;
T_6.6 ;
    %pushi/vec4 1, 0, 1;
    %store/vec4 v0x5a073b8ef510_0, 0, 1;
    %pushi/vec4 1, 0, 1;
    %store/vec4 v0x5a073b8ef5e0_0, 0, 1;
    %jmp T_6.9;
T_6.7 ;
    %pushi/vec4 1, 0, 1;
    %store/vec4 v0x5a073b8eeff0_0, 0, 1;
    %pushi/vec4 1, 0, 1;
    %store/vec4 v0x5a073b8ef320_0, 0, 1;
    %pushi/vec4 4, 0, 3;
    %store/vec4 v0x5a073b8eedc0_0, 0, 3;
    %jmp T_6.9;
T_6.8 ;
    %pushi/vec4 1, 0, 1;
    %store/vec4 v0x5a073b8eeff0_0, 0, 1;
    %pushi/vec4 4, 0, 3;
    %store/vec4 v0x5a073b8eedc0_0, 0, 3;
    %jmp T_6.9;
T_6.9 ;
    %pop/vec4 1;
    %jmp T_6;
    .thread T_6, $push;
    .scope S_0x5a073b8f1950;
T_7 ;
    %vpi_call/w 10 25 "$readmemh", "program.hex", v0x5a073b8f21a0 {0 0 0};
    %end;
    .thread T_7;
    .scope S_0x5a073b8ca640;
T_8 ;
    %pushi/vec4 0, 0, 32;
    %store/vec4 v0x5a073b8f2340_0, 0, 32;
    %pushi/vec4 0, 0, 1;
    %store/vec4 v0x5a073b8f2a90_0, 0, 1;
    %end;
    .thread T_8, $init;
    .scope S_0x5a073b8ca640;
T_9 ;
    %pushi/vec4 0, 0, 1;
    %store/vec4 v0x5a073b8f22a0_0, 0, 1;
T_9.0 ;
    %delay 5, 0;
    %load/vec4 v0x5a073b8f22a0_0;
    %inv;
    %store/vec4 v0x5a073b8f22a0_0, 0, 1;
    %jmp T_9.0;
    %end;
    .thread T_9;
    .scope S_0x5a073b8ca640;
T_10 ;
    %pushi/vec4 1, 1, 1;
    %assign/vec4 v0x5a073b8f29f0_0, 0;
    %pushi/vec4 2, 0, 32;
T_10.0 %dup/vec4;
    %pushi/vec4 0, 0, 32;
    %cmp/s;
    %jmp/1xz T_10.1, 5;
    %jmp/1 T_10.1, 4;
    %pushi/vec4 1, 0, 32;
    %sub;
    %wait E_0x5a073b8788e0;
    %jmp T_10.0;
T_10.1 ;
    %pop/vec4 1;
    %pushi/vec4 1, 0, 1;
    %assign/vec4 v0x5a073b8f29f0_0, 0;
    %pushi/vec4 2, 0, 32;
T_10.2 %dup/vec4;
    %pushi/vec4 0, 0, 32;
    %cmp/s;
    %jmp/1xz T_10.3, 5;
    %jmp/1 T_10.3, 4;
    %pushi/vec4 1, 0, 32;
    %sub;
    %wait E_0x5a073b8788e0;
    %jmp T_10.2;
T_10.3 ;
    %pop/vec4 1;
    %pushi/vec4 0, 0, 1;
    %assign/vec4 v0x5a073b8f29f0_0, 0;
    %end;
    .thread T_10;
    .scope S_0x5a073b8ca640;
T_11 ;
    %vpi_call/w 3 74 "$dumpvars" {0 0 0};
    %pushi/vec4 10, 0, 5;
    %assign/vec4 v0x5a073b8f2820_0, 0;
    %wait E_0x5a073b854f00;
    %pushi/vec4 1000, 0, 32;
T_11.0 %dup/vec4;
    %pushi/vec4 0, 0, 32;
    %cmp/s;
    %jmp/1xz T_11.1, 5;
    %jmp/1 T_11.1, 4;
    %pushi/vec4 1, 0, 32;
    %sub;
    %wait E_0x5a073b8788e0;
    %load/vec4 v0x5a073b8f2930_0;
    %pushi/vec4 2178309, 0, 32;
    %cmp/e;
    %flag_get/vec4 4;
    %load/vec4 v0x5a073b8f2930_0;
    %pushi/vec4 479001600, 0, 32;
    %cmp/e;
    %flag_get/vec4 4;
    %or;
    %flag_set/vec4 8;
    %jmp/0xz  T_11.2, 8;
    %vpi_call/w 3 88 "$display", "%s PASS", "./tb.sv" {0 0 0};
    %vpi_call/w 3 89 "$finish" {0 0 0};
T_11.2 ;
    %jmp T_11.0;
T_11.1 ;
    %pop/vec4 1;
    %vpi_call/w 3 93 "$display", "%s FAIL: none of expected register values occured", "./tb.sv" {0 0 0};
    %vpi_call/w 3 96 "$finish" {0 0 0};
    %end;
    .thread T_11;
    .scope S_0x5a073b8ca640;
T_12 ;
    %wait E_0x5a073b8788e0;
    %vpi_call/w 3 109 "$write", "cycle %5d", v0x5a073b8f2340_0 {0 0 0};
    %load/vec4 v0x5a073b8f2340_0;
    %addi 1, 0, 32;
    %cast2;
    %assign/vec4 v0x5a073b8f2340_0, 0;
    %load/vec4 v0x5a073b8f29f0_0;
    %flag_set/vec4 8;
    %jmp/0xz  T_12.0, 8;
    %vpi_call/w 3 114 "$write", " rst" {0 0 0};
    %pushi/vec4 1, 0, 1;
    %assign/vec4 v0x5a073b8f2a90_0, 0;
    %jmp T_12.1;
T_12.0 ;
    %vpi_call/w 3 119 "$write", "    " {0 0 0};
T_12.1 ;
    %load/vec4 v0x5a073b8f2420_0;
    %load/vec4 v0x5a073b8f2610_0;
    %cmp/ne;
    %jmp/0xz  T_12.2, 6;
    %vpi_call/w 3 123 "$write", " %h", v0x5a073b8f2420_0 {0 0 0};
    %jmp T_12.3;
T_12.2 ;
    %vpi_call/w 3 125 "$write", "         " {0 0 0};
T_12.3 ;
    %load/vec4 v0x5a073b8f2a90_0;
    %load/vec4 v0x5a073b8f29f0_0;
    %inv;
    %and;
    %vpi_func 3 127 "$isunknown" 1, v0x5a073b8f2520_0 {0 0 0};
    %and;
    %flag_set/vec4 8;
    %jmp/0xz  T_12.4, 8;
    %vpi_call/w 3 129 "$display", "%s FAIL: fetched instruction at address %x contains Xs: %x", "./tb.sv", v0x5a073b8f2420_0, v0x5a073b8f2520_0 {0 0 0};
    %vpi_call/w 3 132 "$finish" {0 0 0};
T_12.4 ;
    %load/vec4 v0x5a073b8f2930_0;
    %load/vec4 v0x5a073b8f2740_0;
    %cmp/ne;
    %jmp/0xz  T_12.6, 6;
    %vpi_call/w 3 136 "$write", " %h", v0x5a073b8f2930_0 {0 0 0};
    %jmp T_12.7;
T_12.6 ;
    %vpi_call/w 3 138 "$write", "         " {0 0 0};
T_12.7 ;
    %load/vec4 v0x5a073b8f2420_0;
    %assign/vec4 v0x5a073b8f2610_0, 0;
    %load/vec4 v0x5a073b8f2930_0;
    %assign/vec4 v0x5a073b8f2740_0, 0;
    %vpi_call/w 3 143 "$display" {0 0 0};
    %jmp T_12;
    .thread T_12;
# The file index is used to find the file name in the following table.
:file_names 11;
    "N/A";
    "<interactive>";
    "-";
    "./tb.sv";
    "./sr_cpu.sv";
    "./sr_alu.sv";
    "./sr_register_file.sv";
    "./sr_decode.sv";
    "./register_with_rst.sv";
    "./sr_control.sv";
    "./instruction_rom.sv";
