#! /usr/bin/vvp
:ivl_version "12.0 (stable)";
:ivl_delay_selection "TYPICAL";
:vpi_time_precision + 0;
:vpi_module "/usr/lib/x86_64-linux-gnu/ivl/system.vpi";
:vpi_module "/usr/lib/x86_64-linux-gnu/ivl/vhdl_sys.vpi";
:vpi_module "/usr/lib/x86_64-linux-gnu/ivl/vhdl_textio.vpi";
:vpi_module "/usr/lib/x86_64-linux-gnu/ivl/v2005_math.vpi";
:vpi_module "/usr/lib/x86_64-linux-gnu/ivl/va_math.vpi";
:vpi_module "/usr/lib/x86_64-linux-gnu/ivl/v2009.vpi";
S_0x5913c549a3a0 .scope package, "$unit" "$unit" 2 1;
 .timescale 0 0;
S_0x5913c54db550 .scope module, "tb" "tb" 3 13;
 .timescale 0 0;
P_0x5913c54dcb60 .param/l "ADDR_W" 1 3 25, +C4<00000000000000000000000000001010>;
P_0x5913c54dcba0 .param/l "ROM_SIZE" 1 3 24, +C4<00000000000000000000010000000000>;
v0x5913c5503150_0 .var "clk", 0 0;
v0x5913c55031f0_0 .var/2u "cycle", 31 0;
v0x5913c55032d0_0 .net "imAddr", 31 0, L_0x5913c5513f60;  1 drivers
v0x5913c55033d0_0 .net "imData", 31 0, L_0x5913c54e0e80;  1 drivers
v0x5913c55034c0_0 .var "prevImAddr", 31 0;
v0x5913c55035f0_0 .var "prevRegData", 31 0;
v0x5913c55036d0_0 .var "regAddr", 4 0;
v0x5913c55037e0_0 .net "regData", 31 0, L_0x5913c5515f90;  1 drivers
v0x5913c55038a0_0 .var "rst", 0 0;
v0x5913c5503940_0 .var/2u "wasRst", 0 0;
E_0x5913c5465f00 .event negedge, v0x5913c54ff640_0;
L_0x5913c55162b0 .part L_0x5913c5513f60, 0, 10;
S_0x5913c54d7db0 .scope module, "cpu" "sr_cpu" 3 27, 4 15 0, S_0x5913c54db550;
 .timescale 0 0;
    .port_info 0 /INPUT 1 "clk";
    .port_info 1 /INPUT 1 "rst";
    .port_info 2 /OUTPUT 32 "imAddr";
    .port_info 3 /INPUT 32 "imData";
    .port_info 4 /INPUT 5 "regAddr";
    .port_info 5 /OUTPUT 32 "regData";
L_0x5913c54ddd10 .functor BUFZ 32, L_0x5913c54e0e80, C4<00000000000000000000000000000000>, C4<00000000000000000000000000000000>, C4<00000000000000000000000000000000>;
v0x5913c5500650_0 .net *"_ivl_10", 29 0, L_0x5913c5513e00;  1 drivers
L_0x7231d1d29060 .functor BUFT 1, C4<00>, C4<0>, C4<0>, C4<0>;
v0x5913c5500750_0 .net *"_ivl_12", 1 0, L_0x7231d1d29060;  1 drivers
L_0x7231d1d29018 .functor BUFT 1, C4<00000000000000000000000000000100>, C4<0>, C4<0>, C4<0>;
v0x5913c5500830_0 .net/2u *"_ivl_2", 31 0, L_0x7231d1d29018;  1 drivers
L_0x7231d1d29450 .functor BUFT 1, C4<00000>, C4<0>, C4<0>, C4<0>;
v0x5913c5500920_0 .net/2u *"_ivl_20", 4 0, L_0x7231d1d29450;  1 drivers
v0x5913c5500a00_0 .net *"_ivl_22", 0 0, L_0x5913c5515e50;  1 drivers
v0x5913c5500ac0_0 .net "aluControl", 2 0, v0x5913c54ffc70_0;  1 drivers
v0x5913c5500bd0_0 .net "aluResult", 31 0, v0x5913c54ddeb0_0;  1 drivers
v0x5913c5500c90_0 .net "aluSrc", 0 0, v0x5913c54ffd30_0;  1 drivers
v0x5913c5500d30_0 .net "aluZero", 0 0, L_0x5913c5515af0;  1 drivers
v0x5913c5500e60_0 .net "clk", 0 0, v0x5913c5503150_0;  1 drivers
v0x5913c5500f50_0 .net "cmdF3", 2 0, L_0x5913c55142e0;  1 drivers
v0x5913c5501040_0 .net "cmdF7", 6 0, L_0x5913c55144c0;  1 drivers
v0x5913c5501130_0 .net "cmdOp", 6 0, L_0x5913c55140f0;  1 drivers
v0x5913c5501240_0 .net "imAddr", 31 0, L_0x5913c5513f60;  alias, 1 drivers
v0x5913c5501320_0 .net "imData", 31 0, L_0x5913c54e0e80;  alias, 1 drivers
v0x5913c5501400_0 .net "immB", 31 0, v0x5913c54feaf0_0;  1 drivers
v0x5913c55014c0_0 .net "immI", 31 0, v0x5913c54febd0_0;  1 drivers
v0x5913c5501560_0 .net "immU", 31 0, v0x5913c54fed00_0;  1 drivers
v0x5913c5501600_0 .net "instr", 31 0, L_0x5913c54ddd10;  1 drivers
v0x5913c55016a0_0 .net "pc", 31 0, v0x5913c54ff550_0;  1 drivers
v0x5913c5501740_0 .net "pcBranch", 31 0, L_0x5913c55039e0;  1 drivers
v0x5913c5501800_0 .net "pcNext", 31 0, L_0x5913c5513c20;  1 drivers
v0x5913c55018f0_0 .net "pcPlus4", 31 0, L_0x5913c5513b30;  1 drivers
v0x5913c55019b0_0 .net "pcSrc", 0 0, L_0x5913c54de5c0;  1 drivers
v0x5913c5501a80_0 .net "rd", 4 0, L_0x5913c55141b0;  1 drivers
v0x5913c5501b70_0 .net "rd0", 31 0, L_0x5913c5514960;  1 drivers
v0x5913c5501c30_0 .net "rd1", 31 0, L_0x5913c55150b0;  1 drivers
v0x5913c5501d20_0 .net "rd2", 31 0, L_0x5913c5515740;  1 drivers
v0x5913c5501de0_0 .net "regAddr", 4 0, v0x5913c55036d0_0;  1 drivers
v0x5913c5501eb0_0 .net "regData", 31 0, L_0x5913c5515f90;  alias, 1 drivers
v0x5913c5501f70_0 .net "regWrite", 0 0, v0x5913c55003c0_0;  1 drivers
v0x5913c5502060_0 .net "rs1", 4 0, L_0x5913c5514380;  1 drivers
v0x5913c5502170_0 .net "rs2", 4 0, L_0x5913c5514420;  1 drivers
v0x5913c5502490_0 .net "rst", 0 0, v0x5913c55038a0_0;  1 drivers
v0x5913c5502530_0 .net "srcB", 31 0, L_0x5913c5515920;  1 drivers
v0x5913c55025d0_0 .net "wd3", 31 0, L_0x5913c5515c30;  1 drivers
v0x5913c5502670_0 .net "wdSrc", 0 0, v0x5913c5500490_0;  1 drivers
L_0x5913c55039e0 .arith/sum 32, v0x5913c54ff550_0, v0x5913c54feaf0_0;
L_0x5913c5513b30 .arith/sum 32, v0x5913c54ff550_0, L_0x7231d1d29018;
L_0x5913c5513c20 .functor MUXZ 32, L_0x5913c5513b30, L_0x5913c55039e0, L_0x5913c54de5c0, C4<>;
L_0x5913c5513e00 .part v0x5913c54ff550_0, 2, 30;
L_0x5913c5513f60 .concat [ 30 2 0 0], L_0x5913c5513e00, L_0x7231d1d29060;
L_0x5913c5515920 .functor MUXZ 32, L_0x5913c5515740, v0x5913c54febd0_0, v0x5913c54ffd30_0, C4<>;
L_0x5913c5515c30 .functor MUXZ 32, v0x5913c54ddeb0_0, v0x5913c54fed00_0, v0x5913c5500490_0, C4<>;
L_0x5913c5515e50 .cmp/ne 5, v0x5913c55036d0_0, L_0x7231d1d29450;
L_0x5913c5515f90 .functor MUXZ 32, v0x5913c54ff550_0, L_0x5913c5514960, L_0x5913c5515e50, C4<>;
S_0x5913c549b710 .scope module, "alu" "sr_alu" 4 105, 5 15 0, S_0x5913c54d7db0;
 .timescale 0 0;
    .port_info 0 /INPUT 32 "srcA";
    .port_info 1 /INPUT 32 "srcB";
    .port_info 2 /INPUT 3 "oper";
    .port_info 3 /OUTPUT 1 "zero";
    .port_info 4 /OUTPUT 32 "result";
L_0x7231d1d29408 .functor BUFT 1, C4<00000000000000000000000000000000>, C4<0>, C4<0>, C4<0>;
v0x5913c54c5a70_0 .net/2u *"_ivl_0", 31 0, L_0x7231d1d29408;  1 drivers
v0x5913c54ddab0_0 .net "oper", 2 0, v0x5913c54ffc70_0;  alias, 1 drivers
v0x5913c54ddeb0_0 .var "result", 31 0;
v0x5913c54de720_0 .net "srcA", 31 0, L_0x5913c55150b0;  alias, 1 drivers
v0x5913c54e1d80_0 .net "srcB", 31 0, L_0x5913c5515920;  alias, 1 drivers
v0x5913c5499500_0 .net "zero", 0 0, L_0x5913c5515af0;  alias, 1 drivers
E_0x5913c549f040 .event anyedge, v0x5913c54ddab0_0, v0x5913c54de720_0, v0x5913c54e1d80_0, v0x5913c54e1d80_0;
L_0x5913c5515af0 .cmp/eq 32, v0x5913c54ddeb0_0, L_0x7231d1d29408;
S_0x5913c54fc230 .scope module, "i_rf" "sr_register_file" 4 86, 6 15 0, S_0x5913c54d7db0;
 .timescale 0 0;
    .port_info 0 /INPUT 1 "clk";
    .port_info 1 /INPUT 5 "a0";
    .port_info 2 /INPUT 5 "a1";
    .port_info 3 /INPUT 5 "a2";
    .port_info 4 /INPUT 5 "a3";
    .port_info 5 /OUTPUT 32 "rd0";
    .port_info 6 /OUTPUT 32 "rd1";
    .port_info 7 /OUTPUT 32 "rd2";
    .port_info 8 /INPUT 32 "wd3";
    .port_info 9 /INPUT 1 "we3";
v0x5913c54fc550_0 .net *"_ivl_0", 31 0, L_0x5913c55145a0;  1 drivers
v0x5913c54fc650_0 .net *"_ivl_10", 6 0, L_0x5913c5514820;  1 drivers
L_0x7231d1d29138 .functor BUFT 1, C4<00>, C4<0>, C4<0>, C4<0>;
v0x5913c54fc730_0 .net *"_ivl_13", 1 0, L_0x7231d1d29138;  1 drivers
L_0x7231d1d29180 .functor BUFT 1, C4<00000000000000000000000000000000>, C4<0>, C4<0>, C4<0>;
v0x5913c54fc7f0_0 .net/2u *"_ivl_14", 31 0, L_0x7231d1d29180;  1 drivers
v0x5913c54fc8d0_0 .net *"_ivl_18", 31 0, L_0x5913c5514b40;  1 drivers
L_0x7231d1d291c8 .functor BUFT 1, C4<000000000000000000000000000>, C4<0>, C4<0>, C4<0>;
v0x5913c54fca00_0 .net *"_ivl_21", 26 0, L_0x7231d1d291c8;  1 drivers
L_0x7231d1d29210 .functor BUFT 1, C4<00000000000000000000000000000000>, C4<0>, C4<0>, C4<0>;
v0x5913c54fcae0_0 .net/2u *"_ivl_22", 31 0, L_0x7231d1d29210;  1 drivers
v0x5913c54fcbc0_0 .net *"_ivl_24", 0 0, L_0x5913c5514cb0;  1 drivers
v0x5913c54fcc80_0 .net *"_ivl_26", 31 0, L_0x5913c5514df0;  1 drivers
v0x5913c54fcdf0_0 .net *"_ivl_28", 6 0, L_0x5913c5514ee0;  1 drivers
L_0x7231d1d290a8 .functor BUFT 1, C4<000000000000000000000000000>, C4<0>, C4<0>, C4<0>;
v0x5913c54fced0_0 .net *"_ivl_3", 26 0, L_0x7231d1d290a8;  1 drivers
L_0x7231d1d29258 .functor BUFT 1, C4<00>, C4<0>, C4<0>, C4<0>;
v0x5913c54fcfb0_0 .net *"_ivl_31", 1 0, L_0x7231d1d29258;  1 drivers
L_0x7231d1d292a0 .functor BUFT 1, C4<00000000000000000000000000000000>, C4<0>, C4<0>, C4<0>;
v0x5913c54fd090_0 .net/2u *"_ivl_32", 31 0, L_0x7231d1d292a0;  1 drivers
v0x5913c54fd170_0 .net *"_ivl_36", 31 0, L_0x5913c5515200;  1 drivers
L_0x7231d1d292e8 .functor BUFT 1, C4<000000000000000000000000000>, C4<0>, C4<0>, C4<0>;
v0x5913c54fd250_0 .net *"_ivl_39", 26 0, L_0x7231d1d292e8;  1 drivers
L_0x7231d1d290f0 .functor BUFT 1, C4<00000000000000000000000000000000>, C4<0>, C4<0>, C4<0>;
v0x5913c54fd330_0 .net/2u *"_ivl_4", 31 0, L_0x7231d1d290f0;  1 drivers
L_0x7231d1d29330 .functor BUFT 1, C4<00000000000000000000000000000000>, C4<0>, C4<0>, C4<0>;
v0x5913c54fd410_0 .net/2u *"_ivl_40", 31 0, L_0x7231d1d29330;  1 drivers
v0x5913c54fd4f0_0 .net *"_ivl_42", 0 0, L_0x5913c5515330;  1 drivers
v0x5913c54fd5b0_0 .net *"_ivl_44", 31 0, L_0x5913c55154e0;  1 drivers
v0x5913c54fd690_0 .net *"_ivl_46", 6 0, L_0x5913c5515580;  1 drivers
L_0x7231d1d29378 .functor BUFT 1, C4<00>, C4<0>, C4<0>, C4<0>;
v0x5913c54fd770_0 .net *"_ivl_49", 1 0, L_0x7231d1d29378;  1 drivers
L_0x7231d1d293c0 .functor BUFT 1, C4<00000000000000000000000000000000>, C4<0>, C4<0>, C4<0>;
v0x5913c54fd850_0 .net/2u *"_ivl_50", 31 0, L_0x7231d1d293c0;  1 drivers
v0x5913c54fd930_0 .net *"_ivl_6", 0 0, L_0x5913c5514640;  1 drivers
v0x5913c54fd9f0_0 .net *"_ivl_8", 31 0, L_0x5913c5514780;  1 drivers
v0x5913c54fdad0_0 .net "a0", 4 0, v0x5913c55036d0_0;  alias, 1 drivers
v0x5913c54fdbb0_0 .net "a1", 4 0, L_0x5913c5514380;  alias, 1 drivers
v0x5913c54fdc90_0 .net "a2", 4 0, L_0x5913c5514420;  alias, 1 drivers
v0x5913c54fdd70_0 .net "a3", 4 0, L_0x5913c55141b0;  alias, 1 drivers
v0x5913c54fde50_0 .net "clk", 0 0, v0x5913c5503150_0;  alias, 1 drivers
v0x5913c54fdf10_0 .net "rd0", 31 0, L_0x5913c5514960;  alias, 1 drivers
v0x5913c54fdff0_0 .net "rd1", 31 0, L_0x5913c55150b0;  alias, 1 drivers
v0x5913c54fe0b0_0 .net "rd2", 31 0, L_0x5913c5515740;  alias, 1 drivers
v0x5913c54fe170 .array "rf", 31 0, 31 0;
v0x5913c54fe230_0 .net "wd3", 31 0, L_0x5913c5515c30;  alias, 1 drivers
v0x5913c54fe310_0 .net "we3", 0 0, v0x5913c55003c0_0;  alias, 1 drivers
E_0x5913c54898e0 .event posedge, v0x5913c54fde50_0;
L_0x5913c55145a0 .concat [ 5 27 0 0], v0x5913c55036d0_0, L_0x7231d1d290a8;
L_0x5913c5514640 .cmp/ne 32, L_0x5913c55145a0, L_0x7231d1d290f0;
L_0x5913c5514780 .array/port v0x5913c54fe170, L_0x5913c5514820;
L_0x5913c5514820 .concat [ 5 2 0 0], v0x5913c55036d0_0, L_0x7231d1d29138;
L_0x5913c5514960 .functor MUXZ 32, L_0x7231d1d29180, L_0x5913c5514780, L_0x5913c5514640, C4<>;
L_0x5913c5514b40 .concat [ 5 27 0 0], L_0x5913c5514380, L_0x7231d1d291c8;
L_0x5913c5514cb0 .cmp/ne 32, L_0x5913c5514b40, L_0x7231d1d29210;
L_0x5913c5514df0 .array/port v0x5913c54fe170, L_0x5913c5514ee0;
L_0x5913c5514ee0 .concat [ 5 2 0 0], L_0x5913c5514380, L_0x7231d1d29258;
L_0x5913c55150b0 .functor MUXZ 32, L_0x7231d1d292a0, L_0x5913c5514df0, L_0x5913c5514cb0, C4<>;
L_0x5913c5515200 .concat [ 5 27 0 0], L_0x5913c5514420, L_0x7231d1d292e8;
L_0x5913c5515330 .cmp/ne 32, L_0x5913c5515200, L_0x7231d1d29330;
L_0x5913c55154e0 .array/port v0x5913c54fe170, L_0x5913c5515580;
L_0x5913c5515580 .concat [ 5 2 0 0], L_0x5913c5514420, L_0x7231d1d29378;
L_0x5913c5515740 .functor MUXZ 32, L_0x7231d1d293c0, L_0x5913c55154e0, L_0x5913c5515330, C4<>;
S_0x5913c54fe510 .scope module, "id" "sr_decode" 4 65, 7 15 0, S_0x5913c54d7db0;
 .timescale 0 0;
    .port_info 0 /INPUT 32 "instr";
    .port_info 1 /OUTPUT 7 "cmdOp";
    .port_info 2 /OUTPUT 5 "rd";
    .port_info 3 /OUTPUT 3 "cmdF3";
    .port_info 4 /OUTPUT 5 "rs1";
    .port_info 5 /OUTPUT 5 "rs2";
    .port_info 6 /OUTPUT 7 "cmdF7";
    .port_info 7 /OUTPUT 32 "immI";
    .port_info 8 /OUTPUT 32 "immB";
    .port_info 9 /OUTPUT 32 "immU";
v0x5913c54fe850_0 .net "cmdF3", 2 0, L_0x5913c55142e0;  alias, 1 drivers
v0x5913c54fe950_0 .net "cmdF7", 6 0, L_0x5913c55144c0;  alias, 1 drivers
v0x5913c54fea30_0 .net "cmdOp", 6 0, L_0x5913c55140f0;  alias, 1 drivers
v0x5913c54feaf0_0 .var "immB", 31 0;
v0x5913c54febd0_0 .var "immI", 31 0;
v0x5913c54fed00_0 .var "immU", 31 0;
v0x5913c54fede0_0 .net "instr", 31 0, L_0x5913c54ddd10;  alias, 1 drivers
v0x5913c54feec0_0 .net "rd", 4 0, L_0x5913c55141b0;  alias, 1 drivers
v0x5913c54fef80_0 .net "rs1", 4 0, L_0x5913c5514380;  alias, 1 drivers
v0x5913c54ff020_0 .net "rs2", 4 0, L_0x5913c5514420;  alias, 1 drivers
E_0x5913c54e1a30 .event anyedge, v0x5913c54fede0_0;
E_0x5913c54e0fa0 .event anyedge, v0x5913c54fede0_0, v0x5913c54fede0_0, v0x5913c54fede0_0, v0x5913c54fede0_0;
E_0x5913c54fe7f0 .event anyedge, v0x5913c54fede0_0, v0x5913c54fede0_0;
L_0x5913c55140f0 .part L_0x5913c54ddd10, 0, 7;
L_0x5913c55141b0 .part L_0x5913c54ddd10, 7, 5;
L_0x5913c55142e0 .part L_0x5913c54ddd10, 12, 3;
L_0x5913c5514380 .part L_0x5913c54ddd10, 15, 5;
L_0x5913c5514420 .part L_0x5913c54ddd10, 20, 5;
L_0x5913c55144c0 .part L_0x5913c54ddd10, 25, 7;
S_0x5913c54ff240 .scope module, "r_pc" "register_with_rst" 4 56, 8 13 0, S_0x5913c54d7db0;
 .timescale 0 0;
    .port_info 0 /INPUT 1 "clk";
    .port_info 1 /INPUT 1 "rst";
    .port_info 2 /INPUT 32 "d";
    .port_info 3 /OUTPUT 32 "q";
v0x5913c54ff3d0_0 .net "clk", 0 0, v0x5913c5503150_0;  alias, 1 drivers
v0x5913c54ff490_0 .net "d", 31 0, L_0x5913c5513c20;  alias, 1 drivers
v0x5913c54ff550_0 .var "q", 31 0;
v0x5913c54ff640_0 .net "rst", 0 0, v0x5913c55038a0_0;  alias, 1 drivers
S_0x5913c54ff7b0 .scope module, "sm_control" "sr_control" 4 120, 9 15 0, S_0x5913c54d7db0;
 .timescale 0 0;
    .port_info 0 /INPUT 7 "cmdOp";
    .port_info 1 /INPUT 3 "cmdF3";
    .port_info 2 /INPUT 7 "cmdF7";
    .port_info 3 /INPUT 1 "aluZero";
    .port_info 4 /OUTPUT 1 "pcSrc";
    .port_info 5 /OUTPUT 1 "regWrite";
    .port_info 6 /OUTPUT 1 "aluSrc";
    .port_info 7 /OUTPUT 1 "wdSrc";
    .port_info 8 /OUTPUT 3 "aluControl";
L_0x5913c5515470 .functor XNOR 1, L_0x5913c5515af0, v0x5913c55001d0_0, C4<0>, C4<0>;
L_0x5913c54de5c0 .functor AND 1, v0x5913c54ffea0_0, L_0x5913c5515470, C4<1>, C4<1>;
v0x5913c54ffb90_0 .net *"_ivl_0", 0 0, L_0x5913c5515470;  1 drivers
v0x5913c54ffc70_0 .var "aluControl", 2 0;
v0x5913c54ffd30_0 .var "aluSrc", 0 0;
v0x5913c54ffdd0_0 .net "aluZero", 0 0, L_0x5913c5515af0;  alias, 1 drivers
v0x5913c54ffea0_0 .var "branch", 0 0;
v0x5913c54fff90_0 .net "cmdF3", 2 0, L_0x5913c55142e0;  alias, 1 drivers
v0x5913c5500030_0 .net "cmdF7", 6 0, L_0x5913c55144c0;  alias, 1 drivers
v0x5913c5500100_0 .net "cmdOp", 6 0, L_0x5913c55140f0;  alias, 1 drivers
v0x5913c55001d0_0 .var "condZero", 0 0;
v0x5913c5500300_0 .net "pcSrc", 0 0, L_0x5913c54de5c0;  alias, 1 drivers
v0x5913c55003c0_0 .var "regWrite", 0 0;
v0x5913c5500490_0 .var "wdSrc", 0 0;
E_0x5913c54ffb10 .event anyedge, v0x5913c54fe950_0, v0x5913c54fe850_0, v0x5913c54fea30_0;
S_0x5913c5502800 .scope module, "i_rom" "instruction_rom" 3 39, 10 13 0, S_0x5913c54db550;
 .timescale 0 0;
    .port_info 0 /INPUT 10 "a";
    .port_info 1 /OUTPUT 32 "rd";
P_0x5913c5500dd0 .param/l "ADDR_W" 0 10 16, +C4<00000000000000000000000000001010>;
P_0x5913c5500e10 .param/l "SIZE" 0 10 15, +C4<00000000000000000000010000000000>;
L_0x5913c54e0e80 .functor BUFZ 32, L_0x5913c55160d0, C4<00000000000000000000000000000000>, C4<00000000000000000000000000000000>, C4<00000000000000000000000000000000>;
v0x5913c5502b90_0 .net *"_ivl_0", 31 0, L_0x5913c55160d0;  1 drivers
v0x5913c5502c90_0 .net *"_ivl_2", 11 0, L_0x5913c5516170;  1 drivers
L_0x7231d1d29498 .functor BUFT 1, C4<00>, C4<0>, C4<0>, C4<0>;
v0x5913c5502d70_0 .net *"_ivl_5", 1 0, L_0x7231d1d29498;  1 drivers
v0x5913c5502e60_0 .net "a", 9 0, L_0x5913c55162b0;  1 drivers
v0x5913c5502f40_0 .net "rd", 31 0, L_0x5913c54e0e80;  alias, 1 drivers
v0x5913c5503050 .array "rom", 1023 0, 31 0;
L_0x5913c55160d0 .array/port v0x5913c5503050, L_0x5913c5516170;
L_0x5913c5516170 .concat [ 10 2 0 0], L_0x5913c55162b0, L_0x7231d1d29498;
    .scope S_0x5913c54ff240;
T_0 ;
    %wait E_0x5913c54898e0;
    %load/vec4 v0x5913c54ff640_0;
    %flag_set/vec4 8;
    %jmp/0xz  T_0.0, 8;
    %pushi/vec4 0, 0, 32;
    %assign/vec4 v0x5913c54ff550_0, 0;
    %jmp T_0.1;
T_0.0 ;
    %load/vec4 v0x5913c54ff490_0;
    %assign/vec4 v0x5913c54ff550_0, 0;
T_0.1 ;
    %jmp T_0;
    .thread T_0;
    .scope S_0x5913c54fe510;
T_1 ;
Ewait_0 .event/or E_0x5913c54fe7f0, E_0x0;
    %wait Ewait_0;
    %load/vec4 v0x5913c54fede0_0;
    %parti/s 11, 20, 6;
    %ix/load 4, 0, 0;
    %flag_set/imm 4, 0;
    %store/vec4 v0x5913c54febd0_0, 4, 11;
    %load/vec4 v0x5913c54fede0_0;
    %parti/s 1, 31, 6;
    %replicate 21;
    %ix/load 4, 11, 0;
    %flag_set/imm 4, 0;
    %store/vec4 v0x5913c54febd0_0, 4, 21;
    %jmp T_1;
    .thread T_1, $push;
    .scope S_0x5913c54fe510;
T_2 ;
Ewait_1 .event/or E_0x5913c54e0fa0, E_0x0;
    %wait Ewait_1;
    %pushi/vec4 0, 0, 1;
    %ix/load 4, 0, 0;
    %flag_set/imm 4, 0;
    %store/vec4 v0x5913c54feaf0_0, 4, 1;
    %load/vec4 v0x5913c54fede0_0;
    %parti/s 4, 8, 5;
    %ix/load 4, 1, 0;
    %flag_set/imm 4, 0;
    %store/vec4 v0x5913c54feaf0_0, 4, 4;
    %load/vec4 v0x5913c54fede0_0;
    %parti/s 6, 25, 6;
    %ix/load 4, 5, 0;
    %flag_set/imm 4, 0;
    %store/vec4 v0x5913c54feaf0_0, 4, 6;
    %load/vec4 v0x5913c54fede0_0;
    %parti/s 1, 7, 4;
    %ix/load 4, 11, 0;
    %flag_set/imm 4, 0;
    %store/vec4 v0x5913c54feaf0_0, 4, 1;
    %load/vec4 v0x5913c54fede0_0;
    %parti/s 1, 31, 6;
    %replicate 20;
    %ix/load 4, 12, 0;
    %flag_set/imm 4, 0;
    %store/vec4 v0x5913c54feaf0_0, 4, 20;
    %jmp T_2;
    .thread T_2, $push;
    .scope S_0x5913c54fe510;
T_3 ;
Ewait_2 .event/or E_0x5913c54e1a30, E_0x0;
    %wait Ewait_2;
    %pushi/vec4 0, 0, 12;
    %ix/load 4, 0, 0;
    %flag_set/imm 4, 0;
    %store/vec4 v0x5913c54fed00_0, 4, 12;
    %load/vec4 v0x5913c54fede0_0;
    %parti/s 20, 12, 5;
    %ix/load 4, 12, 0;
    %flag_set/imm 4, 0;
    %store/vec4 v0x5913c54fed00_0, 4, 20;
    %jmp T_3;
    .thread T_3, $push;
    .scope S_0x5913c54fc230;
T_4 ;
    %wait E_0x5913c54898e0;
    %load/vec4 v0x5913c54fe310_0;
    %flag_set/vec4 8;
    %jmp/0xz  T_4.0, 8;
    %load/vec4 v0x5913c54fe230_0;
    %load/vec4 v0x5913c54fdd70_0;
    %pad/u 7;
    %ix/vec4 3;
    %ix/load 4, 0, 0; Constant delay
    %assign/vec4/a/d v0x5913c54fe170, 0, 4;
T_4.0 ;
    %jmp T_4;
    .thread T_4;
    .scope S_0x5913c549b710;
T_5 ;
Ewait_3 .event/or E_0x5913c549f040, E_0x0;
    %wait Ewait_3;
    %load/vec4 v0x5913c54ddab0_0;
    %dup/vec4;
    %pushi/vec4 0, 0, 3;
    %cmp/u;
    %jmp/1 T_5.1, 6;
    %dup/vec4;
    %pushi/vec4 1, 0, 3;
    %cmp/u;
    %jmp/1 T_5.2, 6;
    %dup/vec4;
    %pushi/vec4 2, 0, 3;
    %cmp/u;
    %jmp/1 T_5.3, 6;
    %dup/vec4;
    %pushi/vec4 3, 0, 3;
    %cmp/u;
    %jmp/1 T_5.4, 6;
    %dup/vec4;
    %pushi/vec4 4, 0, 3;
    %cmp/u;
    %jmp/1 T_5.5, 6;
    %load/vec4 v0x5913c54de720_0;
    %load/vec4 v0x5913c54e1d80_0;
    %add;
    %store/vec4 v0x5913c54ddeb0_0, 0, 32;
    %jmp T_5.6;
T_5.1 ;
    %load/vec4 v0x5913c54de720_0;
    %load/vec4 v0x5913c54e1d80_0;
    %add;
    %store/vec4 v0x5913c54ddeb0_0, 0, 32;
    %jmp T_5.6;
T_5.2 ;
    %load/vec4 v0x5913c54de720_0;
    %load/vec4 v0x5913c54e1d80_0;
    %or;
    %store/vec4 v0x5913c54ddeb0_0, 0, 32;
    %jmp T_5.6;
T_5.3 ;
    %load/vec4 v0x5913c54de720_0;
    %load/vec4 v0x5913c54e1d80_0;
    %parti/s 5, 0, 2;
    %ix/vec4 4;
    %shiftr 4;
    %store/vec4 v0x5913c54ddeb0_0, 0, 32;
    %jmp T_5.6;
T_5.4 ;
    %load/vec4 v0x5913c54de720_0;
    %load/vec4 v0x5913c54e1d80_0;
    %cmp/u;
    %flag_mov 8, 5;
    %jmp/0 T_5.7, 8;
    %pushi/vec4 1, 0, 32;
    %jmp/1 T_5.8, 8;
T_5.7 ; End of true expr.
    %pushi/vec4 0, 0, 32;
    %jmp/0 T_5.8, 8;
 ; End of false expr.
    %blend;
T_5.8;
    %store/vec4 v0x5913c54ddeb0_0, 0, 32;
    %jmp T_5.6;
T_5.5 ;
    %load/vec4 v0x5913c54de720_0;
    %load/vec4 v0x5913c54e1d80_0;
    %sub;
    %store/vec4 v0x5913c54ddeb0_0, 0, 32;
    %jmp T_5.6;
T_5.6 ;
    %pop/vec4 1;
    %jmp T_5;
    .thread T_5, $push;
    .scope S_0x5913c54ff7b0;
T_6 ;
Ewait_4 .event/or E_0x5913c54ffb10, E_0x0;
    %wait Ewait_4;
    %pushi/vec4 0, 0, 1;
    %store/vec4 v0x5913c54ffea0_0, 0, 1;
    %pushi/vec4 0, 0, 1;
    %store/vec4 v0x5913c55001d0_0, 0, 1;
    %pushi/vec4 0, 0, 1;
    %store/vec4 v0x5913c55003c0_0, 0, 1;
    %pushi/vec4 0, 0, 1;
    %store/vec4 v0x5913c54ffd30_0, 0, 1;
    %pushi/vec4 0, 0, 1;
    %store/vec4 v0x5913c5500490_0, 0, 1;
    %pushi/vec4 0, 0, 3;
    %store/vec4 v0x5913c54ffc70_0, 0, 3;
    %load/vec4 v0x5913c5500030_0;
    %load/vec4 v0x5913c54fff90_0;
    %concat/vec4; draw_concat_vec4
    %load/vec4 v0x5913c5500100_0;
    %concat/vec4; draw_concat_vec4
    %dup/vec4;
    %pushi/vec4 51, 0, 17;
    %cmp/z;
    %jmp/1 T_6.0, 4;
    %dup/vec4;
    %pushi/vec4 819, 0, 17;
    %cmp/z;
    %jmp/1 T_6.1, 4;
    %dup/vec4;
    %pushi/vec4 691, 0, 17;
    %cmp/z;
    %jmp/1 T_6.2, 4;
    %dup/vec4;
    %pushi/vec4 435, 0, 17;
    %cmp/z;
    %jmp/1 T_6.3, 4;
    %dup/vec4;
    %pushi/vec4 32819, 0, 17;
    %cmp/z;
    %jmp/1 T_6.4, 4;
    %dup/vec4;
    %pushi/vec4 19, 130048, 17;
    %cmp/z;
    %jmp/1 T_6.5, 4;
    %dup/vec4;
    %pushi/vec4 55, 130944, 17;
    %cmp/z;
    %jmp/1 T_6.6, 4;
    %dup/vec4;
    %pushi/vec4 99, 130048, 17;
    %cmp/z;
    %jmp/1 T_6.7, 4;
    %dup/vec4;
    %pushi/vec4 227, 130048, 17;
    %cmp/z;
    %jmp/1 T_6.8, 4;
    %jmp T_6.9;
T_6.0 ;
    %pushi/vec4 1, 0, 1;
    %store/vec4 v0x5913c55003c0_0, 0, 1;
    %pushi/vec4 0, 0, 3;
    %store/vec4 v0x5913c54ffc70_0, 0, 3;
    %jmp T_6.9;
T_6.1 ;
    %pushi/vec4 1, 0, 1;
    %store/vec4 v0x5913c55003c0_0, 0, 1;
    %pushi/vec4 1, 0, 3;
    %store/vec4 v0x5913c54ffc70_0, 0, 3;
    %jmp T_6.9;
T_6.2 ;
    %pushi/vec4 1, 0, 1;
    %store/vec4 v0x5913c55003c0_0, 0, 1;
    %pushi/vec4 2, 0, 3;
    %store/vec4 v0x5913c54ffc70_0, 0, 3;
    %jmp T_6.9;
T_6.3 ;
    %pushi/vec4 1, 0, 1;
    %store/vec4 v0x5913c55003c0_0, 0, 1;
    %pushi/vec4 3, 0, 3;
    %store/vec4 v0x5913c54ffc70_0, 0, 3;
    %jmp T_6.9;
T_6.4 ;
    %pushi/vec4 1, 0, 1;
    %store/vec4 v0x5913c55003c0_0, 0, 1;
    %pushi/vec4 4, 0, 3;
    %store/vec4 v0x5913c54ffc70_0, 0, 3;
    %jmp T_6.9;
T_6.5 ;
    %pushi/vec4 1, 0, 1;
    %store/vec4 v0x5913c55003c0_0, 0, 1;
    %pushi/vec4 1, 0, 1;
    %store/vec4 v0x5913c54ffd30_0, 0, 1;
    %pushi/vec4 0, 0, 3;
    %store/vec4 v0x5913c54ffc70_0, 0, 3;
    %jmp T_6.9;
T_6.6 ;
    %pushi/vec4 1, 0, 1;
    %store/vec4 v0x5913c55003c0_0, 0, 1;
    %pushi/vec4 1, 0, 1;
    %store/vec4 v0x5913c5500490_0, 0, 1;
    %jmp T_6.9;
T_6.7 ;
    %pushi/vec4 1, 0, 1;
    %store/vec4 v0x5913c54ffea0_0, 0, 1;
    %pushi/vec4 1, 0, 1;
    %store/vec4 v0x5913c55001d0_0, 0, 1;
    %pushi/vec4 4, 0, 3;
    %store/vec4 v0x5913c54ffc70_0, 0, 3;
    %jmp T_6.9;
T_6.8 ;
    %pushi/vec4 1, 0, 1;
    %store/vec4 v0x5913c54ffea0_0, 0, 1;
    %pushi/vec4 4, 0, 3;
    %store/vec4 v0x5913c54ffc70_0, 0, 3;
    %jmp T_6.9;
T_6.9 ;
    %pop/vec4 1;
    %jmp T_6;
    .thread T_6, $push;
    .scope S_0x5913c5502800;
T_7 ;
    %vpi_call/w 10 25 "$readmemh", "program.hex", v0x5913c5503050 {0 0 0};
    %end;
    .thread T_7;
    .scope S_0x5913c54db550;
T_8 ;
    %pushi/vec4 0, 0, 32;
    %store/vec4 v0x5913c55031f0_0, 0, 32;
    %pushi/vec4 0, 0, 1;
    %store/vec4 v0x5913c5503940_0, 0, 1;
    %end;
    .thread T_8, $init;
    .scope S_0x5913c54db550;
T_9 ;
    %pushi/vec4 0, 0, 1;
    %store/vec4 v0x5913c5503150_0, 0, 1;
T_9.0 ;
    %delay 5, 0;
    %load/vec4 v0x5913c5503150_0;
    %inv;
    %store/vec4 v0x5913c5503150_0, 0, 1;
    %jmp T_9.0;
    %end;
    .thread T_9;
    .scope S_0x5913c54db550;
T_10 ;
    %pushi/vec4 1, 1, 1;
    %assign/vec4 v0x5913c55038a0_0, 0;
    %pushi/vec4 2, 0, 32;
T_10.0 %dup/vec4;
    %pushi/vec4 0, 0, 32;
    %cmp/s;
    %jmp/1xz T_10.1, 5;
    %jmp/1 T_10.1, 4;
    %pushi/vec4 1, 0, 32;
    %sub;
    %wait E_0x5913c54898e0;
    %jmp T_10.0;
T_10.1 ;
    %pop/vec4 1;
    %pushi/vec4 1, 0, 1;
    %assign/vec4 v0x5913c55038a0_0, 0;
    %pushi/vec4 2, 0, 32;
T_10.2 %dup/vec4;
    %pushi/vec4 0, 0, 32;
    %cmp/s;
    %jmp/1xz T_10.3, 5;
    %jmp/1 T_10.3, 4;
    %pushi/vec4 1, 0, 32;
    %sub;
    %wait E_0x5913c54898e0;
    %jmp T_10.2;
T_10.3 ;
    %pop/vec4 1;
    %pushi/vec4 0, 0, 1;
    %assign/vec4 v0x5913c55038a0_0, 0;
    %end;
    .thread T_10;
    .scope S_0x5913c54db550;
T_11 ;
    %pushi/vec4 10, 0, 5;
    %assign/vec4 v0x5913c55036d0_0, 0;
    %wait E_0x5913c5465f00;
    %pushi/vec4 1000, 0, 32;
T_11.0 %dup/vec4;
    %pushi/vec4 0, 0, 32;
    %cmp/s;
    %jmp/1xz T_11.1, 5;
    %jmp/1 T_11.1, 4;
    %pushi/vec4 1, 0, 32;
    %sub;
    %wait E_0x5913c54898e0;
    %load/vec4 v0x5913c55037e0_0;
    %pushi/vec4 2178309, 0, 32;
    %cmp/e;
    %flag_get/vec4 4;
    %load/vec4 v0x5913c55037e0_0;
    %pushi/vec4 479001600, 0, 32;
    %cmp/e;
    %flag_get/vec4 4;
    %or;
    %flag_set/vec4 8;
    %jmp/0xz  T_11.2, 8;
    %vpi_call/w 3 88 "$display", "%s PASS", "./tb.sv" {0 0 0};
    %vpi_call/w 3 89 "$finish" {0 0 0};
T_11.2 ;
    %jmp T_11.0;
T_11.1 ;
    %pop/vec4 1;
    %vpi_call/w 3 93 "$display", "%s FAIL: none of expected register values occured", "./tb.sv" {0 0 0};
    %vpi_call/w 3 96 "$finish" {0 0 0};
    %end;
    .thread T_11;
    .scope S_0x5913c54db550;
T_12 ;
    %wait E_0x5913c54898e0;
    %vpi_call/w 3 109 "$write", "cycle %5d", v0x5913c55031f0_0 {0 0 0};
    %load/vec4 v0x5913c55031f0_0;
    %addi 1, 0, 32;
    %cast2;
    %assign/vec4 v0x5913c55031f0_0, 0;
    %load/vec4 v0x5913c55038a0_0;
    %flag_set/vec4 8;
    %jmp/0xz  T_12.0, 8;
    %vpi_call/w 3 114 "$write", " rst" {0 0 0};
    %pushi/vec4 1, 0, 1;
    %assign/vec4 v0x5913c5503940_0, 0;
    %jmp T_12.1;
T_12.0 ;
    %vpi_call/w 3 119 "$write", "    " {0 0 0};
T_12.1 ;
    %load/vec4 v0x5913c55032d0_0;
    %load/vec4 v0x5913c55034c0_0;
    %cmp/ne;
    %jmp/0xz  T_12.2, 6;
    %vpi_call/w 3 123 "$write", " %h", v0x5913c55032d0_0 {0 0 0};
    %jmp T_12.3;
T_12.2 ;
    %vpi_call/w 3 125 "$write", "         " {0 0 0};
T_12.3 ;
    %load/vec4 v0x5913c5503940_0;
    %load/vec4 v0x5913c55038a0_0;
    %inv;
    %and;
    %vpi_func 3 127 "$isunknown" 1, v0x5913c55033d0_0 {0 0 0};
    %and;
    %flag_set/vec4 8;
    %jmp/0xz  T_12.4, 8;
    %vpi_call/w 3 129 "$display", "%s FAIL: fetched instruction at address %x contains Xs: %x", "./tb.sv", v0x5913c55032d0_0, v0x5913c55033d0_0 {0 0 0};
    %vpi_call/w 3 132 "$finish" {0 0 0};
T_12.4 ;
    %load/vec4 v0x5913c55037e0_0;
    %load/vec4 v0x5913c55035f0_0;
    %cmp/ne;
    %jmp/0xz  T_12.6, 6;
    %vpi_call/w 3 136 "$write", " %h", v0x5913c55037e0_0 {0 0 0};
    %jmp T_12.7;
T_12.6 ;
    %vpi_call/w 3 138 "$write", "         " {0 0 0};
T_12.7 ;
    %load/vec4 v0x5913c55032d0_0;
    %assign/vec4 v0x5913c55034c0_0, 0;
    %load/vec4 v0x5913c55037e0_0;
    %assign/vec4 v0x5913c55035f0_0, 0;
    %vpi_call/w 3 143 "$display" {0 0 0};
    %jmp T_12;
    .thread T_12;
# The file index is used to find the file name in the following table.
:file_names 11;
    "N/A";
    "<interactive>";
    "-";
    "./tb.sv";
    "./sr_cpu.sv";
    "./sr_alu.sv";
    "./sr_register_file.sv";
    "./sr_decode.sv";
    "./register_with_rst.sv";
    "./sr_control.sv";
    "./instruction_rom.sv";
