#! /usr/bin/vvp
:ivl_version "12.0 (stable)";
:ivl_delay_selection "TYPICAL";
:vpi_time_precision + 0;
:vpi_module "/usr/lib/x86_64-linux-gnu/ivl/system.vpi";
:vpi_module "/usr/lib/x86_64-linux-gnu/ivl/vhdl_sys.vpi";
:vpi_module "/usr/lib/x86_64-linux-gnu/ivl/vhdl_textio.vpi";
:vpi_module "/usr/lib/x86_64-linux-gnu/ivl/v2005_math.vpi";
:vpi_module "/usr/lib/x86_64-linux-gnu/ivl/va_math.vpi";
:vpi_module "/usr/lib/x86_64-linux-gnu/ivl/v2009.vpi";
S_0x6321dd7c7c40 .scope package, "$unit" "$unit" 2 1;
 .timescale 0 0;
S_0x6321dd7f9cf0 .scope module, "tb" "tb" 3 1;
 .timescale 0 0;
P_0x6321dd7ff8a0 .param/l "depth" 0 3 3, +C4<00000000000000000000000000000100>;
P_0x6321dd7ff8e0 .param/l "max_transfers" 1 3 214, +C4<00000000000000000000000001100100>;
P_0x6321dd7ff920 .param/l "width" 0 3 3, +C4<00000000000000000000000000000100>;
v0x6321dd832160_0 .var "a_count", 32 0;
v0x6321dd832260_0 .var "a_data", 3 0;
v0x6321dd832350_0 .var/queue "a_queue", 4;
v0x6321dd832420_0 .net "a_ready", 0 0, L_0x6321dd7fa1f0;  1 drivers
v0x6321dd8324f0_0 .var "a_valid", 0 0;
v0x6321dd832590_0 .var "b_count", 32 0;
v0x6321dd832630_0 .var "b_data", 3 0;
v0x6321dd832700_0 .var/queue "b_queue", 4;
v0x6321dd8327a0_0 .net "b_ready", 0 0, L_0x6321dd7c65e0;  1 drivers
v0x6321dd832870_0 .var "b_valid", 0 0;
v0x6321dd832940_0 .var "clk", 0 0;
v0x6321dd8329e0_0 .var/2u "cycle", 31 0;
v0x6321dd832a80_0 .var "n_cycles", 32 0;
v0x6321dd832b20_0 .var "rst", 0 0;
v0x6321dd832bc0_0 .var "sum_count", 32 0;
v0x6321dd832ca0_0 .net "sum_data", 3 0, v0x6321dd7c70a0_0;  1 drivers
v0x6321dd832d60_0 .var "sum_data_expected", 3 0;
v0x6321dd832f50_0 .var "sum_ready", 0 0;
v0x6321dd832ff0_0 .net "sum_valid", 0 0, v0x6321dd82d990_0;  1 drivers
v0x6321dd833090_0 .var "was_reset", 0 0;
S_0x6321dd7d1660 .scope begin, "$ivl_for_loop0" "$ivl_for_loop0" 3 160, 3 160 0, S_0x6321dd7f9cf0;
 .timescale 0 0;
v0x6321dd7c57d0_0 .var/2s "i", 31 0;
S_0x6321dd82d030 .scope begin, "$ivl_for_loop1" "$ivl_for_loop1" 3 170, 3 170 0, S_0x6321dd7f9cf0;
 .timescale 0 0;
v0x6321dd7c58d0_0 .var/2s "i", 31 0;
S_0x6321dd82d220 .scope module, "dut" "a_plus_b_using_fifos_and_double_buffer" 3 35, 4 1 0, S_0x6321dd7f9cf0;
 .timescale 0 0;
    .port_info 0 /INPUT 1 "clk";
    .port_info 1 /INPUT 1 "rst";
    .port_info 2 /INPUT 1 "a_valid";
    .port_info 3 /OUTPUT 1 "a_ready";
    .port_info 4 /INPUT 4 "a_data";
    .port_info 5 /INPUT 1 "b_valid";
    .port_info 6 /OUTPUT 1 "b_ready";
    .port_info 7 /INPUT 4 "b_data";
    .port_info 8 /OUTPUT 1 "sum_valid";
    .port_info 9 /INPUT 1 "sum_ready";
    .port_info 10 /OUTPUT 4 "sum_data";
P_0x6321dd80f460 .param/l "depth" 0 4 3, +C4<00000000000000000000000000000100>;
P_0x6321dd80f4a0 .param/l "width" 0 4 3, +C4<00000000000000000000000000000100>;
L_0x6321dd7fa1f0 .functor NOT 1, L_0x6321dd833530, C4<0>, C4<0>, C4<0>;
L_0x6321dd7fab10 .functor AND 1, v0x6321dd8324f0_0, L_0x6321dd7fa1f0, C4<1>, C4<1>;
L_0x6321dd7c5630 .functor BUFZ 4, v0x6321dd832260_0, C4<0000>, C4<0000>, C4<0000>;
L_0x6321dd7c65e0 .functor NOT 1, L_0x6321dd833c90, C4<0>, C4<0>, C4<0>;
L_0x6321dd7c6f00 .functor AND 1, v0x6321dd832870_0, L_0x6321dd7c65e0, C4<1>, C4<1>;
L_0x6321dd833f10 .functor BUFZ 4, v0x6321dd832630_0, C4<0000>, C4<0000>, C4<0000>;
L_0x6321dd834060 .functor NOT 1, L_0x6321dd8333f0, C4<0>, C4<0>, C4<0>;
L_0x6321dd8340d0 .functor NOT 1, L_0x6321dd833b50, C4<0>, C4<0>, C4<0>;
L_0x6321dd834190 .functor AND 1, L_0x6321dd834060, L_0x6321dd8340d0, C4<1>, C4<1>;
L_0x6321dd834390 .functor AND 1, L_0x6321dd834190, v0x6321dd82dbf0_0, C4<1>, C4<1>;
L_0x6321dd834550 .functor AND 1, L_0x6321dd834190, v0x6321dd82dbf0_0, C4<1>, C4<1>;
v0x6321dd830a40_0 .net *"_ivl_12", 0 0, L_0x6321dd834060;  1 drivers
v0x6321dd830b40_0 .net *"_ivl_14", 0 0, L_0x6321dd8340d0;  1 drivers
v0x6321dd830c20_0 .net "a_data", 3 0, v0x6321dd832260_0;  1 drivers
v0x6321dd830ce0_0 .net "a_fifo_empty", 0 0, L_0x6321dd8333f0;  1 drivers
v0x6321dd830d80_0 .net "a_fifo_full", 0 0, L_0x6321dd833530;  1 drivers
v0x6321dd830e20_0 .net "a_fifo_pop", 0 0, L_0x6321dd834390;  1 drivers
v0x6321dd830ec0_0 .net "a_fifo_push", 0 0, L_0x6321dd7fab10;  1 drivers
v0x6321dd830f90_0 .net "a_fifo_read_data", 3 0, L_0x6321dd7f9b50;  1 drivers
v0x6321dd831060_0 .net "a_fifo_write_data", 3 0, L_0x6321dd7c5630;  1 drivers
v0x6321dd831130_0 .net "a_ready", 0 0, L_0x6321dd7fa1f0;  alias, 1 drivers
v0x6321dd8311d0_0 .net "a_valid", 0 0, v0x6321dd8324f0_0;  1 drivers
v0x6321dd831270_0 .net "b_data", 3 0, v0x6321dd832630_0;  1 drivers
v0x6321dd831310_0 .net "b_fifo_empty", 0 0, L_0x6321dd833b50;  1 drivers
v0x6321dd8313e0_0 .net "b_fifo_full", 0 0, L_0x6321dd833c90;  1 drivers
v0x6321dd8314b0_0 .net "b_fifo_pop", 0 0, L_0x6321dd834550;  1 drivers
v0x6321dd831580_0 .net "b_fifo_push", 0 0, L_0x6321dd7c6f00;  1 drivers
v0x6321dd831650_0 .net "b_fifo_read_data", 3 0, L_0x6321dd7c5f40;  1 drivers
v0x6321dd831830_0 .net "b_fifo_write_data", 3 0, L_0x6321dd833f10;  1 drivers
v0x6321dd831900_0 .net "b_ready", 0 0, L_0x6321dd7c65e0;  alias, 1 drivers
v0x6321dd8319a0_0 .net "b_valid", 0 0, v0x6321dd832870_0;  1 drivers
v0x6321dd831a40_0 .net "clk", 0 0, v0x6321dd832940_0;  1 drivers
v0x6321dd831ae0_0 .net "rst", 0 0, v0x6321dd832b20_0;  1 drivers
v0x6321dd831b80_0 .net "sum_data", 3 0, v0x6321dd7c70a0_0;  alias, 1 drivers
v0x6321dd831c50_0 .net "sum_ready", 0 0, v0x6321dd832f50_0;  1 drivers
v0x6321dd831d20_0 .net "sum_up_data", 3 0, L_0x6321dd8342f0;  1 drivers
v0x6321dd831df0_0 .net "sum_up_ready", 0 0, v0x6321dd82dbf0_0;  1 drivers
v0x6321dd831ec0_0 .net "sum_up_valid", 0 0, L_0x6321dd834190;  1 drivers
v0x6321dd831f90_0 .net "sum_valid", 0 0, v0x6321dd82d990_0;  alias, 1 drivers
L_0x6321dd8342f0 .arith/sum 4, L_0x6321dd7f9b50, L_0x6321dd7c5f40;
S_0x6321dd82d4d0 .scope module, "buffer_sum" "double_buffer_from_dally_harting" 4 100, 5 8 0, S_0x6321dd82d220;
 .timescale 0 0;
    .port_info 0 /INPUT 1 "clk";
    .port_info 1 /INPUT 1 "rst";
    .port_info 2 /INPUT 1 "up_valid";
    .port_info 3 /OUTPUT 1 "up_ready";
    .port_info 4 /INPUT 4 "up_data";
    .port_info 5 /OUTPUT 1 "down_valid";
    .port_info 6 /INPUT 1 "down_ready";
    .port_info 7 /OUTPUT 4 "down_data";
P_0x6321dd82d6b0 .param/l "width" 0 5 10, +C4<00000000000000000000000000000100>;
v0x6321dd7c60e0_0 .var "buf_data", 3 0;
v0x6321dd7c61b0_0 .var "buf_valid", 0 0;
v0x6321dd7c6700_0 .net "clk", 0 0, v0x6321dd832940_0;  alias, 1 drivers
v0x6321dd7c70a0_0 .var "down_data", 3 0;
v0x6321dd7c7140_0 .net "down_ready", 0 0, v0x6321dd832f50_0;  alias, 1 drivers
v0x6321dd82d990_0 .var "down_valid", 0 0;
v0x6321dd82da50_0 .net "rst", 0 0, v0x6321dd832b20_0;  alias, 1 drivers
v0x6321dd82db10_0 .net "up_data", 3 0, L_0x6321dd8342f0;  alias, 1 drivers
v0x6321dd82dbf0_0 .var "up_ready", 0 0;
v0x6321dd82dcb0_0 .net "up_valid", 0 0, L_0x6321dd834190;  alias, 1 drivers
E_0x6321dd7cfce0 .event posedge, v0x6321dd82da50_0, v0x6321dd7c6700_0;
E_0x6321dd7cf9f0 .event posedge, v0x6321dd7c6700_0;
S_0x6321dd82de70 .scope module, "fifo_a" "flip_flop_fifo_with_counter" 4 33, 6 1 0, S_0x6321dd82d220;
 .timescale 0 0;
    .port_info 0 /INPUT 1 "clk";
    .port_info 1 /INPUT 1 "rst";
    .port_info 2 /INPUT 1 "push";
    .port_info 3 /INPUT 1 "pop";
    .port_info 4 /INPUT 4 "write_data";
    .port_info 5 /OUTPUT 4 "read_data";
    .port_info 6 /OUTPUT 1 "empty";
    .port_info 7 /OUTPUT 1 "full";
P_0x6321dd802040 .param/l "counter_width" 1 6 19, +C4<00000000000000000000000000000011>;
P_0x6321dd802080 .param/l "depth" 0 6 3, +C4<00000000000000000000000000000100>;
P_0x6321dd8020c0 .param/l "max_ptr" 1 6 21, +C4<11>;
P_0x6321dd802100 .param/l "pointer_width" 1 6 18, +C4<00000000000000000000000000000010>;
P_0x6321dd802140 .param/l "width" 0 6 3, +C4<00000000000000000000000000000100>;
L_0x6321dd7f9b50 .functor BUFZ 4, L_0x6321dd833150, C4<0000>, C4<0000>, C4<0000>;
v0x6321dd82e2b0_0 .net *"_ivl_0", 3 0, L_0x6321dd833150;  1 drivers
L_0x747c0ee6e0a8 .functor BUFT 1, C4<100>, C4<0>, C4<0>, C4<0>;
v0x6321dd82e390_0 .net/2u *"_ivl_12", 2 0, L_0x747c0ee6e0a8;  1 drivers
v0x6321dd82e470_0 .net *"_ivl_2", 3 0, L_0x6321dd833210;  1 drivers
L_0x747c0ee6e018 .functor BUFT 1, C4<00>, C4<0>, C4<0>, C4<0>;
v0x6321dd82e560_0 .net *"_ivl_5", 1 0, L_0x747c0ee6e018;  1 drivers
L_0x747c0ee6e060 .functor BUFT 1, C4<000>, C4<0>, C4<0>, C4<0>;
v0x6321dd82e640_0 .net/2u *"_ivl_8", 2 0, L_0x747c0ee6e060;  1 drivers
v0x6321dd82e770_0 .net "clk", 0 0, v0x6321dd832940_0;  alias, 1 drivers
v0x6321dd82e810_0 .var "cnt", 2 0;
v0x6321dd82e8d0 .array "data", 3 0, 3 0;
v0x6321dd82e990_0 .net "empty", 0 0, L_0x6321dd8333f0;  alias, 1 drivers
v0x6321dd82ea50_0 .net "full", 0 0, L_0x6321dd833530;  alias, 1 drivers
v0x6321dd82eb10_0 .net "pop", 0 0, L_0x6321dd834390;  alias, 1 drivers
v0x6321dd82ebd0_0 .net "push", 0 0, L_0x6321dd7fab10;  alias, 1 drivers
v0x6321dd82ec90_0 .var "rd_ptr", 1 0;
v0x6321dd82ed70_0 .net "read_data", 3 0, L_0x6321dd7f9b50;  alias, 1 drivers
v0x6321dd82ee50_0 .net "rst", 0 0, v0x6321dd832b20_0;  alias, 1 drivers
v0x6321dd82ef20_0 .var "wr_ptr", 1 0;
v0x6321dd82efe0_0 .net "write_data", 3 0, L_0x6321dd7c5630;  alias, 1 drivers
L_0x6321dd833150 .array/port v0x6321dd82e8d0, L_0x6321dd833210;
L_0x6321dd833210 .concat [ 2 2 0 0], v0x6321dd82ec90_0, L_0x747c0ee6e018;
L_0x6321dd8333f0 .cmp/eq 3, v0x6321dd82e810_0, L_0x747c0ee6e060;
L_0x6321dd833530 .cmp/eq 3, v0x6321dd82e810_0, L_0x747c0ee6e0a8;
S_0x6321dd82f2d0 .scope module, "fifo_b" "flip_flop_fifo_with_counter" 4 64, 6 1 0, S_0x6321dd82d220;
 .timescale 0 0;
    .port_info 0 /INPUT 1 "clk";
    .port_info 1 /INPUT 1 "rst";
    .port_info 2 /INPUT 1 "push";
    .port_info 3 /INPUT 1 "pop";
    .port_info 4 /INPUT 4 "write_data";
    .port_info 5 /OUTPUT 4 "read_data";
    .port_info 6 /OUTPUT 1 "empty";
    .port_info 7 /OUTPUT 1 "full";
P_0x6321dd82f490 .param/l "counter_width" 1 6 19, +C4<00000000000000000000000000000011>;
P_0x6321dd82f4d0 .param/l "depth" 0 6 3, +C4<00000000000000000000000000000100>;
P_0x6321dd82f510 .param/l "max_ptr" 1 6 21, +C4<11>;
P_0x6321dd82f550 .param/l "pointer_width" 1 6 18, +C4<00000000000000000000000000000010>;
P_0x6321dd82f590 .param/l "width" 0 6 3, +C4<00000000000000000000000000000100>;
L_0x6321dd7c5f40 .functor BUFZ 4, L_0x6321dd833880, C4<0000>, C4<0000>, C4<0000>;
v0x6321dd82f970_0 .net *"_ivl_0", 3 0, L_0x6321dd833880;  1 drivers
L_0x747c0ee6e180 .functor BUFT 1, C4<100>, C4<0>, C4<0>, C4<0>;
v0x6321dd82fa50_0 .net/2u *"_ivl_12", 2 0, L_0x747c0ee6e180;  1 drivers
v0x6321dd82fb30_0 .net *"_ivl_2", 3 0, L_0x6321dd833920;  1 drivers
L_0x747c0ee6e0f0 .functor BUFT 1, C4<00>, C4<0>, C4<0>, C4<0>;
v0x6321dd82fc20_0 .net *"_ivl_5", 1 0, L_0x747c0ee6e0f0;  1 drivers
L_0x747c0ee6e138 .functor BUFT 1, C4<000>, C4<0>, C4<0>, C4<0>;
v0x6321dd82fd00_0 .net/2u *"_ivl_8", 2 0, L_0x747c0ee6e138;  1 drivers
v0x6321dd82fe30_0 .net "clk", 0 0, v0x6321dd832940_0;  alias, 1 drivers
v0x6321dd82ff20_0 .var "cnt", 2 0;
v0x6321dd830000 .array "data", 3 0, 3 0;
v0x6321dd8300c0_0 .net "empty", 0 0, L_0x6321dd833b50;  alias, 1 drivers
v0x6321dd830180_0 .net "full", 0 0, L_0x6321dd833c90;  alias, 1 drivers
v0x6321dd830240_0 .net "pop", 0 0, L_0x6321dd834550;  alias, 1 drivers
v0x6321dd830300_0 .net "push", 0 0, L_0x6321dd7c6f00;  alias, 1 drivers
v0x6321dd8303c0_0 .var "rd_ptr", 1 0;
v0x6321dd8304a0_0 .net "read_data", 3 0, L_0x6321dd7c5f40;  alias, 1 drivers
v0x6321dd830580_0 .net "rst", 0 0, v0x6321dd832b20_0;  alias, 1 drivers
v0x6321dd830620_0 .var "wr_ptr", 1 0;
v0x6321dd830700_0 .net "write_data", 3 0, L_0x6321dd833f10;  alias, 1 drivers
L_0x6321dd833880 .array/port v0x6321dd830000, L_0x6321dd833920;
L_0x6321dd833920 .concat [ 2 2 0 0], v0x6321dd8303c0_0, L_0x747c0ee6e0f0;
L_0x6321dd833b50 .cmp/eq 3, v0x6321dd82ff20_0, L_0x747c0ee6e138;
L_0x6321dd833c90 .cmp/eq 3, v0x6321dd82ff20_0, L_0x747c0ee6e180;
    .scope S_0x6321dd82de70;
T_0 ;
    %wait E_0x6321dd7cfce0;
    %load/vec4 v0x6321dd82ee50_0;
    %flag_set/vec4 8;
    %jmp/0xz  T_0.0, 8;
    %pushi/vec4 0, 0, 2;
    %assign/vec4 v0x6321dd82ef20_0, 0;
    %jmp T_0.1;
T_0.0 ;
    %load/vec4 v0x6321dd82ebd0_0;
    %flag_set/vec4 8;
    %jmp/0xz  T_0.2, 8;
    %load/vec4 v0x6321dd82ef20_0;
    %cmpi/e 3, 0, 2;
    %flag_mov 8, 4;
    %jmp/0 T_0.4, 8;
    %pushi/vec4 0, 0, 2;
    %jmp/1 T_0.5, 8;
T_0.4 ; End of true expr.
    %load/vec4 v0x6321dd82ef20_0;
    %addi 1, 0, 2;
    %jmp/0 T_0.5, 8;
 ; End of false expr.
    %blend;
T_0.5;
    %assign/vec4 v0x6321dd82ef20_0, 0;
T_0.2 ;
T_0.1 ;
    %jmp T_0;
    .thread T_0;
    .scope S_0x6321dd82de70;
T_1 ;
    %wait E_0x6321dd7cfce0;
    %load/vec4 v0x6321dd82ee50_0;
    %flag_set/vec4 8;
    %jmp/0xz  T_1.0, 8;
    %pushi/vec4 0, 0, 2;
    %assign/vec4 v0x6321dd82ec90_0, 0;
    %jmp T_1.1;
T_1.0 ;
    %load/vec4 v0x6321dd82eb10_0;
    %flag_set/vec4 8;
    %jmp/0xz  T_1.2, 8;
    %load/vec4 v0x6321dd82ec90_0;
    %cmpi/e 3, 0, 2;
    %flag_mov 8, 4;
    %jmp/0 T_1.4, 8;
    %pushi/vec4 0, 0, 2;
    %jmp/1 T_1.5, 8;
T_1.4 ; End of true expr.
    %load/vec4 v0x6321dd82ec90_0;
    %addi 1, 0, 2;
    %jmp/0 T_1.5, 8;
 ; End of false expr.
    %blend;
T_1.5;
    %assign/vec4 v0x6321dd82ec90_0, 0;
T_1.2 ;
T_1.1 ;
    %jmp T_1;
    .thread T_1;
    .scope S_0x6321dd82de70;
T_2 ;
    %wait E_0x6321dd7cf9f0;
    %load/vec4 v0x6321dd82ebd0_0;
    %flag_set/vec4 8;
    %jmp/0xz  T_2.0, 8;
    %load/vec4 v0x6321dd82efe0_0;
    %load/vec4 v0x6321dd82ef20_0;
    %pad/u 4;
    %ix/vec4 3;
    %ix/load 4, 0, 0; Constant delay
    %assign/vec4/a/d v0x6321dd82e8d0, 0, 4;
T_2.0 ;
    %jmp T_2;
    .thread T_2;
    .scope S_0x6321dd82de70;
T_3 ;
    %wait E_0x6321dd7cfce0;
    %load/vec4 v0x6321dd82ee50_0;
    %flag_set/vec4 8;
    %jmp/0xz  T_3.0, 8;
    %pushi/vec4 0, 0, 3;
    %assign/vec4 v0x6321dd82e810_0, 0;
    %jmp T_3.1;
T_3.0 ;
    %load/vec4 v0x6321dd82ebd0_0;
    %load/vec4 v0x6321dd82eb10_0;
    %inv;
    %and;
    %flag_set/vec4 8;
    %jmp/0xz  T_3.2, 8;
    %load/vec4 v0x6321dd82e810_0;
    %addi 1, 0, 3;
    %assign/vec4 v0x6321dd82e810_0, 0;
    %jmp T_3.3;
T_3.2 ;
    %load/vec4 v0x6321dd82eb10_0;
    %load/vec4 v0x6321dd82ebd0_0;
    %inv;
    %and;
    %flag_set/vec4 8;
    %jmp/0xz  T_3.4, 8;
    %load/vec4 v0x6321dd82e810_0;
    %subi 1, 0, 3;
    %assign/vec4 v0x6321dd82e810_0, 0;
T_3.4 ;
T_3.3 ;
T_3.1 ;
    %jmp T_3;
    .thread T_3;
    .scope S_0x6321dd82f2d0;
T_4 ;
    %wait E_0x6321dd7cfce0;
    %load/vec4 v0x6321dd830580_0;
    %flag_set/vec4 8;
    %jmp/0xz  T_4.0, 8;
    %pushi/vec4 0, 0, 2;
    %assign/vec4 v0x6321dd830620_0, 0;
    %jmp T_4.1;
T_4.0 ;
    %load/vec4 v0x6321dd830300_0;
    %flag_set/vec4 8;
    %jmp/0xz  T_4.2, 8;
    %load/vec4 v0x6321dd830620_0;
    %cmpi/e 3, 0, 2;
    %flag_mov 8, 4;
    %jmp/0 T_4.4, 8;
    %pushi/vec4 0, 0, 2;
    %jmp/1 T_4.5, 8;
T_4.4 ; End of true expr.
    %load/vec4 v0x6321dd830620_0;
    %addi 1, 0, 2;
    %jmp/0 T_4.5, 8;
 ; End of false expr.
    %blend;
T_4.5;
    %assign/vec4 v0x6321dd830620_0, 0;
T_4.2 ;
T_4.1 ;
    %jmp T_4;
    .thread T_4;
    .scope S_0x6321dd82f2d0;
T_5 ;
    %wait E_0x6321dd7cfce0;
    %load/vec4 v0x6321dd830580_0;
    %flag_set/vec4 8;
    %jmp/0xz  T_5.0, 8;
    %pushi/vec4 0, 0, 2;
    %assign/vec4 v0x6321dd8303c0_0, 0;
    %jmp T_5.1;
T_5.0 ;
    %load/vec4 v0x6321dd830240_0;
    %flag_set/vec4 8;
    %jmp/0xz  T_5.2, 8;
    %load/vec4 v0x6321dd8303c0_0;
    %cmpi/e 3, 0, 2;
    %flag_mov 8, 4;
    %jmp/0 T_5.4, 8;
    %pushi/vec4 0, 0, 2;
    %jmp/1 T_5.5, 8;
T_5.4 ; End of true expr.
    %load/vec4 v0x6321dd8303c0_0;
    %addi 1, 0, 2;
    %jmp/0 T_5.5, 8;
 ; End of false expr.
    %blend;
T_5.5;
    %assign/vec4 v0x6321dd8303c0_0, 0;
T_5.2 ;
T_5.1 ;
    %jmp T_5;
    .thread T_5;
    .scope S_0x6321dd82f2d0;
T_6 ;
    %wait E_0x6321dd7cf9f0;
    %load/vec4 v0x6321dd830300_0;
    %flag_set/vec4 8;
    %jmp/0xz  T_6.0, 8;
    %load/vec4 v0x6321dd830700_0;
    %load/vec4 v0x6321dd830620_0;
    %pad/u 4;
    %ix/vec4 3;
    %ix/load 4, 0, 0; Constant delay
    %assign/vec4/a/d v0x6321dd830000, 0, 4;
T_6.0 ;
    %jmp T_6;
    .thread T_6;
    .scope S_0x6321dd82f2d0;
T_7 ;
    %wait E_0x6321dd7cfce0;
    %load/vec4 v0x6321dd830580_0;
    %flag_set/vec4 8;
    %jmp/0xz  T_7.0, 8;
    %pushi/vec4 0, 0, 3;
    %assign/vec4 v0x6321dd82ff20_0, 0;
    %jmp T_7.1;
T_7.0 ;
    %load/vec4 v0x6321dd830300_0;
    %load/vec4 v0x6321dd830240_0;
    %inv;
    %and;
    %flag_set/vec4 8;
    %jmp/0xz  T_7.2, 8;
    %load/vec4 v0x6321dd82ff20_0;
    %addi 1, 0, 3;
    %assign/vec4 v0x6321dd82ff20_0, 0;
    %jmp T_7.3;
T_7.2 ;
    %load/vec4 v0x6321dd830240_0;
    %load/vec4 v0x6321dd830300_0;
    %inv;
    %and;
    %flag_set/vec4 8;
    %jmp/0xz  T_7.4, 8;
    %load/vec4 v0x6321dd82ff20_0;
    %subi 1, 0, 3;
    %assign/vec4 v0x6321dd82ff20_0, 0;
T_7.4 ;
T_7.3 ;
T_7.1 ;
    %jmp T_7;
    .thread T_7;
    .scope S_0x6321dd82d4d0;
T_8 ;
    %wait E_0x6321dd7cf9f0;
    %load/vec4 v0x6321dd82dbf0_0;
    %load/vec4 v0x6321dd7c7140_0;
    %inv;
    %and;
    %flag_set/vec4 8;
    %jmp/0xz  T_8.0, 8;
    %load/vec4 v0x6321dd82db10_0;
    %assign/vec4 v0x6321dd7c60e0_0, 0;
T_8.0 ;
    %load/vec4 v0x6321dd7c7140_0;
    %flag_set/vec4 8;
    %jmp/0xz  T_8.2, 8;
    %load/vec4 v0x6321dd82dbf0_0;
    %flag_set/vec4 8;
    %jmp/0 T_8.4, 8;
    %load/vec4 v0x6321dd82db10_0;
    %jmp/1 T_8.5, 8;
T_8.4 ; End of true expr.
    %load/vec4 v0x6321dd7c60e0_0;
    %jmp/0 T_8.5, 8;
 ; End of false expr.
    %blend;
T_8.5;
    %assign/vec4 v0x6321dd7c70a0_0, 0;
T_8.2 ;
    %jmp T_8;
    .thread T_8;
    .scope S_0x6321dd82d4d0;
T_9 ;
    %wait E_0x6321dd7cfce0;
    %load/vec4 v0x6321dd82da50_0;
    %flag_set/vec4 8;
    %jmp/0xz  T_9.0, 8;
    %pushi/vec4 0, 0, 1;
    %assign/vec4 v0x6321dd7c61b0_0, 0;
    %pushi/vec4 0, 0, 1;
    %assign/vec4 v0x6321dd82d990_0, 0;
    %pushi/vec4 1, 0, 1;
    %assign/vec4 v0x6321dd82dbf0_0, 0;
    %jmp T_9.1;
T_9.0 ;
    %load/vec4 v0x6321dd82dbf0_0;
    %load/vec4 v0x6321dd7c7140_0;
    %inv;
    %and;
    %flag_set/vec4 8;
    %jmp/0xz  T_9.2, 8;
    %load/vec4 v0x6321dd82dcb0_0;
    %assign/vec4 v0x6321dd7c61b0_0, 0;
T_9.2 ;
    %load/vec4 v0x6321dd7c7140_0;
    %flag_set/vec4 8;
    %jmp/0xz  T_9.4, 8;
    %load/vec4 v0x6321dd82dbf0_0;
    %flag_set/vec4 8;
    %jmp/0 T_9.6, 8;
    %load/vec4 v0x6321dd82dcb0_0;
    %jmp/1 T_9.7, 8;
T_9.6 ; End of true expr.
    %load/vec4 v0x6321dd7c61b0_0;
    %jmp/0 T_9.7, 8;
 ; End of false expr.
    %blend;
T_9.7;
    %assign/vec4 v0x6321dd82d990_0, 0;
T_9.4 ;
    %load/vec4 v0x6321dd7c7140_0;
    %assign/vec4 v0x6321dd82dbf0_0, 0;
T_9.1 ;
    %jmp T_9;
    .thread T_9;
    .scope S_0x6321dd7f9cf0;
T_10 ;
    %pushi/vec4 0, 0, 32;
    %store/vec4 v0x6321dd8329e0_0, 0, 32;
    %pushi/vec4 0, 0, 1;
    %store/vec4 v0x6321dd833090_0, 0, 1;
    %end;
    .thread T_10, $init;
    .scope S_0x6321dd7f9cf0;
T_11 ;
    %pushi/vec4 1, 0, 1;
    %store/vec4 v0x6321dd832940_0, 0, 1;
T_11.0 ;
    %delay 5, 0;
    %load/vec4 v0x6321dd832940_0;
    %inv;
    %store/vec4 v0x6321dd832940_0, 0, 1;
    %jmp T_11.0;
    %end;
    .thread T_11;
    .scope S_0x6321dd7f9cf0;
T_12 ;
    %pushi/vec4 10000, 0, 32;
T_12.0 %dup/vec4;
    %pushi/vec4 0, 0, 32;
    %cmp/s;
    %jmp/1xz T_12.1, 5;
    %jmp/1 T_12.1, 4;
    %pushi/vec4 1, 0, 32;
    %sub;
    %wait E_0x6321dd7cf9f0;
    %jmp T_12.0;
T_12.1 ;
    %pop/vec4 1;
    %vpi_call/w 3 49 "$display", "Timeout!" {0 0 0};
    %vpi_call/w 3 50 "$finish" {0 0 0};
    %end;
    .thread T_12;
    .scope S_0x6321dd7f9cf0;
T_13 ;
    %wait E_0x6321dd7cf9f0;
    %vpi_call/w 3 60 "$write", "time %7d cycle %5d", $time, v0x6321dd8329e0_0 {0 0 0};
    %load/vec4 v0x6321dd8329e0_0;
    %addi 1, 0, 32;
    %cast2;
    %assign/vec4 v0x6321dd8329e0_0, 0;
    %load/vec4 v0x6321dd832b20_0;
    %flag_set/vec4 8;
    %jmp/0xz  T_13.0, 8;
    %vpi_call/w 3 63 "$write", " rst" {0 0 0};
    %jmp T_13.1;
T_13.0 ;
    %vpi_call/w 3 63 "$write", "    " {0 0 0};
T_13.1 ;
    %load/vec4 v0x6321dd8324f0_0;
    %flag_set/vec4 8;
    %jmp/0xz  T_13.2, 8;
    %vpi_call/w 3 65 "$write", " a_valid" {0 0 0};
    %jmp T_13.3;
T_13.2 ;
    %vpi_call/w 3 65 "$write", "        " {0 0 0};
T_13.3 ;
    %load/vec4 v0x6321dd832420_0;
    %flag_set/vec4 8;
    %jmp/0xz  T_13.4, 8;
    %vpi_call/w 3 66 "$write", " a_ready" {0 0 0};
    %jmp T_13.5;
T_13.4 ;
    %vpi_call/w 3 66 "$write", "        " {0 0 0};
T_13.5 ;
    %load/vec4 v0x6321dd8324f0_0;
    %load/vec4 v0x6321dd832420_0;
    %and;
    %flag_set/vec4 8;
    %jmp/0xz  T_13.6, 8;
    %vpi_call/w 3 69 "$write", " %h", v0x6321dd832260_0 {0 0 0};
    %jmp T_13.7;
T_13.6 ;
    %vpi_call/w 3 71 "$write", "  " {0 0 0};
T_13.7 ;
    %load/vec4 v0x6321dd832870_0;
    %flag_set/vec4 8;
    %jmp/0xz  T_13.8, 8;
    %vpi_call/w 3 73 "$write", " b_valid" {0 0 0};
    %jmp T_13.9;
T_13.8 ;
    %vpi_call/w 3 73 "$write", "        " {0 0 0};
T_13.9 ;
    %load/vec4 v0x6321dd8327a0_0;
    %flag_set/vec4 8;
    %jmp/0xz  T_13.10, 8;
    %vpi_call/w 3 74 "$write", " b_ready" {0 0 0};
    %jmp T_13.11;
T_13.10 ;
    %vpi_call/w 3 74 "$write", "        " {0 0 0};
T_13.11 ;
    %load/vec4 v0x6321dd832870_0;
    %load/vec4 v0x6321dd8327a0_0;
    %and;
    %flag_set/vec4 8;
    %jmp/0xz  T_13.12, 8;
    %vpi_call/w 3 77 "$write", " %h", v0x6321dd832630_0 {0 0 0};
    %jmp T_13.13;
T_13.12 ;
    %vpi_call/w 3 79 "$write", "  " {0 0 0};
T_13.13 ;
    %load/vec4 v0x6321dd832ff0_0;
    %flag_set/vec4 8;
    %jmp/0xz  T_13.14, 8;
    %vpi_call/w 3 81 "$write", " sum_valid" {0 0 0};
    %jmp T_13.15;
T_13.14 ;
    %vpi_call/w 3 81 "$write", "          " {0 0 0};
T_13.15 ;
    %load/vec4 v0x6321dd832f50_0;
    %flag_set/vec4 8;
    %jmp/0xz  T_13.16, 8;
    %vpi_call/w 3 82 "$write", " sum_ready" {0 0 0};
    %jmp T_13.17;
T_13.16 ;
    %vpi_call/w 3 82 "$write", "          " {0 0 0};
T_13.17 ;
    %load/vec4 v0x6321dd832ff0_0;
    %load/vec4 v0x6321dd832f50_0;
    %and;
    %flag_set/vec4 8;
    %jmp/0xz  T_13.18, 8;
    %vpi_call/w 3 85 "$write", " %h", v0x6321dd832ca0_0 {0 0 0};
    %jmp T_13.19;
T_13.18 ;
    %vpi_call/w 3 87 "$write", "  " {0 0 0};
T_13.19 ;
    %vpi_call/w 3 89 "$display" {0 0 0};
    %jmp T_13;
    .thread T_13;
    .scope S_0x6321dd7f9cf0;
T_14 ;
    %wait E_0x6321dd7cf9f0;
    %load/vec4 v0x6321dd832b20_0;
    %flag_set/vec4 8;
    %jmp/0xz  T_14.0, 8;
    %ix/load 4, 0, 0;
    %null;
    %store/obj v0x6321dd832350_0;
    %ix/load 4, 0, 0;
    %null;
    %store/obj v0x6321dd832700_0;
    %pushi/vec4 1, 0, 1;
    %store/vec4 v0x6321dd833090_0, 0, 1;
    %jmp T_14.1;
T_14.0 ;
    %load/vec4 v0x6321dd833090_0;
    %flag_set/vec4 8;
    %jmp/0xz  T_14.2, 8;
    %load/vec4 v0x6321dd8324f0_0;
    %load/vec4 v0x6321dd832420_0;
    %and;
    %flag_set/vec4 8;
    %jmp/0xz  T_14.4, 8;
    %ix/load 4, 0, 0;
    %load/vec4 v0x6321dd832260_0;
    %store/qb/v v0x6321dd832350_0, 4, 4;
T_14.4 ;
    %load/vec4 v0x6321dd832870_0;
    %load/vec4 v0x6321dd8327a0_0;
    %and;
    %flag_set/vec4 8;
    %jmp/0xz  T_14.6, 8;
    %ix/load 4, 0, 0;
    %load/vec4 v0x6321dd832630_0;
    %store/qb/v v0x6321dd832700_0, 4, 4;
T_14.6 ;
    %load/vec4 v0x6321dd832ff0_0;
    %load/vec4 v0x6321dd832f50_0;
    %and;
    %flag_set/vec4 8;
    %jmp/0xz  T_14.8, 8;
    %vpi_func 3 125 "$size" 32, v0x6321dd832350_0 {0 0 0};
    %cmpi/e 0, 0, 32;
    %jmp/1 T_14.12, 4;
    %flag_mov 8, 4;
    %vpi_func 3 125 "$size" 32, v0x6321dd832700_0 {0 0 0};
    %cmpi/e 0, 0, 32;
    %flag_or 4, 8;
T_14.12;
    %jmp/0xz  T_14.10, 4;
    %vpi_call/w 3 127 "$display", "\012ERROR: unexpected sum %h", v0x6321dd832ca0_0 {0 0 0};
    %jmp T_14.11;
T_14.10 ;
    %ix/load 3, 0, 0;
    %flag_set/imm 4, 0;
    %load/dar/vec4 v0x6321dd832350_0;
    %ix/load 3, 0, 0;
    %flag_set/imm 4, 0;
    %load/dar/vec4 v0x6321dd832700_0;
    %add;
    %store/vec4 v0x6321dd832d60_0, 0, 4;
    %ix/load 3, 0, 0;
    %flag_set/imm 4, 0;
    %delete/elem v0x6321dd832350_0;
    %ix/load 3, 0, 0;
    %flag_set/imm 4, 0;
    %delete/elem v0x6321dd832700_0;
    %load/vec4 v0x6321dd832d60_0;
    %load/vec4 v0x6321dd832ca0_0;
    %cmp/ne;
    %jmp/0xz  T_14.13, 6;
    %vpi_call/w 3 142 "$display", "\012ERROR: downstream data mismatch. Expected %h, actual %h", v0x6321dd832d60_0, v0x6321dd832ca0_0 {0 0 0};
T_14.13 ;
T_14.11 ;
T_14.8 ;
T_14.2 ;
T_14.1 ;
    %jmp T_14;
    .thread T_14;
    .scope S_0x6321dd7f9cf0;
T_15 ;
    %vpi_func 3 156 "$size" 32, v0x6321dd832350_0 {0 0 0};
    %cmpi/ne 0, 0, 32;
    %jmp/0xz  T_15.0, 4;
    %vpi_call/w 3 158 "$write", "\012ERROR: data is left sitting in the model a_queue:" {0 0 0};
    %fork t_1, S_0x6321dd7d1660;
    %jmp t_0;
    .scope S_0x6321dd7d1660;
t_1 ;
    %pushi/vec4 0, 0, 32;
    %store/vec4 v0x6321dd7c57d0_0, 0, 32;
T_15.2 ;
    %load/vec4 v0x6321dd7c57d0_0;
    %vpi_func 3 160 "$size" 32, v0x6321dd832350_0 {0 0 0};
    %cmp/s;
    %jmp/0xz T_15.3, 5;
    %vpi_func 3 161 "$size" 32, v0x6321dd832350_0 {0 0 0};
    %load/vec4 v0x6321dd7c57d0_0;
    %sub;
    %subi 1, 0, 32;
    %ix/vec4/s 3;
    %load/dar/vec4 v0x6321dd832350_0;
    %vpi_call/w 3 161 "$write", " %h", S<0,vec4,u4> {1 0 0};
    ; show_stmt_assign_vector: Get l-value for compressed += operand
    %load/vec4 v0x6321dd7c57d0_0;
    %pushi/vec4 1, 0, 32;
    %add;
    %cast2;
    %store/vec4 v0x6321dd7c57d0_0, 0, 32;
    %jmp T_15.2;
T_15.3 ;
    %end;
    .scope S_0x6321dd7f9cf0;
t_0 %join;
    %vpi_call/w 3 163 "$display" {0 0 0};
T_15.0 ;
    %vpi_func 3 166 "$size" 32, v0x6321dd832700_0 {0 0 0};
    %cmpi/ne 0, 0, 32;
    %jmp/0xz  T_15.4, 4;
    %vpi_call/w 3 168 "$write", "\012ERROR: data is left sitting in the model b_queue:" {0 0 0};
    %fork t_3, S_0x6321dd82d030;
    %jmp t_2;
    .scope S_0x6321dd82d030;
t_3 ;
    %pushi/vec4 0, 0, 32;
    %store/vec4 v0x6321dd7c58d0_0, 0, 32;
T_15.6 ;
    %load/vec4 v0x6321dd7c58d0_0;
    %vpi_func 3 170 "$size" 32, v0x6321dd832700_0 {0 0 0};
    %cmp/s;
    %jmp/0xz T_15.7, 5;
    %vpi_func 3 171 "$size" 32, v0x6321dd832700_0 {0 0 0};
    %load/vec4 v0x6321dd7c58d0_0;
    %sub;
    %subi 1, 0, 32;
    %ix/vec4/s 3;
    %load/dar/vec4 v0x6321dd832700_0;
    %vpi_call/w 3 171 "$write", " %h", S<0,vec4,u4> {1 0 0};
    ; show_stmt_assign_vector: Get l-value for compressed += operand
    %load/vec4 v0x6321dd7c58d0_0;
    %pushi/vec4 1, 0, 32;
    %add;
    %cast2;
    %store/vec4 v0x6321dd7c58d0_0, 0, 32;
    %jmp T_15.6;
T_15.7 ;
    %end;
    .scope S_0x6321dd7f9cf0;
t_2 %join;
    %vpi_call/w 3 173 "$display" {0 0 0};
T_15.4 ;
    %end;
    .thread T_15, $final;
    .scope S_0x6321dd7f9cf0;
T_16 ;
    %wait E_0x6321dd7cf9f0;
    %load/vec4 v0x6321dd832b20_0;
    %flag_set/vec4 8;
    %jmp/0xz  T_16.0, 8;
    %pushi/vec4 0, 0, 33;
    %assign/vec4 v0x6321dd832a80_0, 0;
    %pushi/vec4 0, 0, 33;
    %assign/vec4 v0x6321dd832160_0, 0;
    %pushi/vec4 0, 0, 33;
    %assign/vec4 v0x6321dd832590_0, 0;
    %pushi/vec4 0, 0, 33;
    %assign/vec4 v0x6321dd832bc0_0, 0;
    %jmp T_16.1;
T_16.0 ;
    %load/vec4 v0x6321dd832a80_0;
    %addi 1, 0, 33;
    %assign/vec4 v0x6321dd832a80_0, 0;
    %load/vec4 v0x6321dd8324f0_0;
    %load/vec4 v0x6321dd832420_0;
    %and;
    %flag_set/vec4 8;
    %jmp/0xz  T_16.2, 8;
    %load/vec4 v0x6321dd832160_0;
    %addi 1, 0, 33;
    %assign/vec4 v0x6321dd832160_0, 0;
T_16.2 ;
    %load/vec4 v0x6321dd832870_0;
    %load/vec4 v0x6321dd8327a0_0;
    %and;
    %flag_set/vec4 8;
    %jmp/0xz  T_16.4, 8;
    %load/vec4 v0x6321dd832590_0;
    %addi 1, 0, 33;
    %assign/vec4 v0x6321dd832590_0, 0;
T_16.4 ;
    %load/vec4 v0x6321dd832ff0_0;
    %load/vec4 v0x6321dd832f50_0;
    %and;
    %flag_set/vec4 8;
    %jmp/0xz  T_16.6, 8;
    %load/vec4 v0x6321dd832bc0_0;
    %addi 1, 0, 33;
    %assign/vec4 v0x6321dd832bc0_0, 0;
T_16.6 ;
T_16.1 ;
    %jmp T_16;
    .thread T_16;
    .scope S_0x6321dd7f9cf0;
T_17 ;
    %vpi_call/w 3 203 "$display", "\012\012number of sum transfers : %0d per %0d cycles", v0x6321dd832bc0_0, v0x6321dd832a80_0 {0 0 0};
    %load/vec4 v0x6321dd832160_0;
    %load/vec4 v0x6321dd832590_0;
    %cmp/ne;
    %flag_get/vec4 4;
    %load/vec4 v0x6321dd832160_0;
    %load/vec4 v0x6321dd832bc0_0;
    %cmp/ne;
    %flag_get/vec4 4;
    %or;
    %flag_set/vec4 8;
    %jmp/0xz  T_17.0, 8;
    %vpi_call/w 3 207 "$display", "\012ERROR: number of transfers do not match: a: %0d b: %0s sum %0d", v0x6321dd832160_0, v0x6321dd832590_0, v0x6321dd832bc0_0 {0 0 0};
T_17.0 ;
    %end;
    .thread T_17, $final;
    .scope S_0x6321dd7f9cf0;
T_18 ;
    %vpi_call/w 3 222 "$dumpvars" {0 0 0};
    %pushi/vec4 0, 0, 1;
    %assign/vec4 v0x6321dd8324f0_0, 0;
    %pushi/vec4 0, 0, 1;
    %assign/vec4 v0x6321dd832870_0, 0;
    %pushi/vec4 0, 0, 1;
    %assign/vec4 v0x6321dd832f50_0, 0;
    %pushi/vec4 3, 0, 32;
T_18.0 %dup/vec4;
    %pushi/vec4 0, 0, 32;
    %cmp/s;
    %jmp/1xz T_18.1, 5;
    %jmp/1 T_18.1, 4;
    %pushi/vec4 1, 0, 32;
    %sub;
    %wait E_0x6321dd7cf9f0;
    %jmp T_18.0;
T_18.1 ;
    %pop/vec4 1;
    %pushi/vec4 1, 0, 1;
    %assign/vec4 v0x6321dd832b20_0, 0;
    %pushi/vec4 3, 0, 32;
T_18.2 %dup/vec4;
    %pushi/vec4 0, 0, 32;
    %cmp/s;
    %jmp/1xz T_18.3, 5;
    %jmp/1 T_18.3, 4;
    %pushi/vec4 1, 0, 32;
    %sub;
    %wait E_0x6321dd7cf9f0;
    %jmp T_18.2;
T_18.3 ;
    %pop/vec4 1;
    %pushi/vec4 0, 0, 1;
    %assign/vec4 v0x6321dd832b20_0, 0;
    %vpi_call/w 3 242 "$display", "*** Run back-to-back" {0 0 0};
    %pushi/vec4 1, 0, 1;
    %assign/vec4 v0x6321dd8324f0_0, 0;
    %pushi/vec4 1, 0, 1;
    %assign/vec4 v0x6321dd832870_0, 0;
    %pushi/vec4 1, 0, 1;
    %assign/vec4 v0x6321dd832f50_0, 0;
    %pushi/vec4 20, 0, 32;
T_18.4 %dup/vec4;
    %pushi/vec4 0, 0, 32;
    %cmp/s;
    %jmp/1xz T_18.5, 5;
    %jmp/1 T_18.5, 4;
    %pushi/vec4 1, 0, 32;
    %sub;
    %wait E_0x6321dd7cf9f0;
    %jmp T_18.4;
T_18.5 ;
    %pop/vec4 1;
    %vpi_call/w 3 250 "$display", "*** Supplying only \042a\042" {0 0 0};
T_18.6 ;
    %load/vec4 v0x6321dd8327a0_0;
    %inv;
    %flag_set/vec4 8;
    %jmp/0xz T_18.7, 8;
    %wait E_0x6321dd7cf9f0;
    %jmp T_18.6;
T_18.7 ;
    %pushi/vec4 0, 0, 1;
    %assign/vec4 v0x6321dd832870_0, 0;
    %pushi/vec4 20, 0, 32;
T_18.8 %dup/vec4;
    %pushi/vec4 0, 0, 32;
    %cmp/s;
    %jmp/1xz T_18.9, 5;
    %jmp/1 T_18.9, 4;
    %pushi/vec4 1, 0, 32;
    %sub;
    %wait E_0x6321dd7cf9f0;
    %jmp T_18.8;
T_18.9 ;
    %pop/vec4 1;
    %vpi_call/w 3 261 "$display", "*** Supplying only \042b\042" {0 0 0};
    %pushi/vec4 1, 0, 1;
    %assign/vec4 v0x6321dd832870_0, 0;
T_18.10 ;
    %load/vec4 v0x6321dd832420_0;
    %inv;
    %flag_set/vec4 8;
    %jmp/0xz T_18.11, 8;
    %wait E_0x6321dd7cf9f0;
    %jmp T_18.10;
T_18.11 ;
    %pushi/vec4 0, 0, 1;
    %assign/vec4 v0x6321dd8324f0_0, 0;
    %pushi/vec4 20, 0, 32;
T_18.12 %dup/vec4;
    %pushi/vec4 0, 0, 32;
    %cmp/s;
    %jmp/1xz T_18.13, 5;
    %jmp/1 T_18.13, 4;
    %pushi/vec4 1, 0, 32;
    %sub;
    %wait E_0x6321dd7cf9f0;
    %jmp T_18.12;
T_18.13 ;
    %pop/vec4 1;
    %vpi_call/w 3 274 "$display", "*** Applying backpressure" {0 0 0};
    %pushi/vec4 1, 0, 1;
    %assign/vec4 v0x6321dd8324f0_0, 0;
    %pushi/vec4 1, 0, 1;
    %assign/vec4 v0x6321dd832870_0, 0;
    %pushi/vec4 0, 0, 1;
    %assign/vec4 v0x6321dd832f50_0, 0;
    %pushi/vec4 20, 0, 32;
T_18.14 %dup/vec4;
    %pushi/vec4 0, 0, 32;
    %cmp/s;
    %jmp/1xz T_18.15, 5;
    %jmp/1 T_18.15, 4;
    %pushi/vec4 1, 0, 32;
    %sub;
    %wait E_0x6321dd7cf9f0;
    %jmp T_18.14;
T_18.15 ;
    %pop/vec4 1;
    %vpi_call/w 3 282 "$display", "*** Random" {0 0 0};
T_18.16 ;
    %load/vec4 v0x6321dd832bc0_0;
    %cmpi/ne 100, 0, 33;
    %jmp/0xz T_18.17, 4;
    %load/vec4 v0x6321dd832160_0;
    %cmpi/u 100, 0, 33;
    %flag_or 5, 4;
    %jmp/0xz  T_18.18, 5;
    %jmp T_18.19;
T_18.18 ;
    %vpi_call/w 3 287 "$error" {0 0 0};
T_18.19 ;
    %load/vec4 v0x6321dd832160_0;
    %pushi/vec4 100, 0, 33;
    %cmp/e;
    %flag_get/vec4 4;
    %load/vec4 v0x6321dd832160_0;
    %pushi/vec4 99, 0, 33;
    %cmp/e;
    %flag_get/vec4 4;
    %load/vec4 v0x6321dd8324f0_0;
    %and;
    %load/vec4 v0x6321dd832420_0;
    %and;
    %or;
    %flag_set/vec4 8;
    %jmp/0xz  T_18.20, 8;
    %pushi/vec4 0, 0, 1;
    %assign/vec4 v0x6321dd8324f0_0, 0;
    %jmp T_18.21;
T_18.20 ;
    %load/vec4 v0x6321dd8324f0_0;
    %inv;
    %load/vec4 v0x6321dd832420_0;
    %or;
    %flag_set/vec4 8;
    %jmp/0xz  T_18.22, 8;
    %vpi_func 3 296 "$urandom" 32 {0 0 0};
    %pad/u 1;
    %assign/vec4 v0x6321dd8324f0_0, 0;
T_18.22 ;
T_18.21 ;
    %load/vec4 v0x6321dd832590_0;
    %cmpi/u 100, 0, 33;
    %flag_or 5, 4;
    %jmp/0xz  T_18.24, 5;
    %jmp T_18.25;
T_18.24 ;
    %vpi_call/w 3 300 "$error" {0 0 0};
T_18.25 ;
    %load/vec4 v0x6321dd832590_0;
    %pushi/vec4 100, 0, 33;
    %cmp/e;
    %flag_get/vec4 4;
    %load/vec4 v0x6321dd832590_0;
    %pushi/vec4 99, 0, 33;
    %cmp/e;
    %flag_get/vec4 4;
    %load/vec4 v0x6321dd832870_0;
    %and;
    %load/vec4 v0x6321dd8327a0_0;
    %and;
    %or;
    %flag_set/vec4 8;
    %jmp/0xz  T_18.26, 8;
    %pushi/vec4 0, 0, 1;
    %assign/vec4 v0x6321dd832870_0, 0;
    %jmp T_18.27;
T_18.26 ;
    %load/vec4 v0x6321dd832870_0;
    %inv;
    %load/vec4 v0x6321dd8327a0_0;
    %or;
    %flag_set/vec4 8;
    %jmp/0xz  T_18.28, 8;
    %vpi_func 3 309 "$urandom" 32 {0 0 0};
    %pad/u 1;
    %assign/vec4 v0x6321dd832870_0, 0;
T_18.28 ;
T_18.27 ;
    %vpi_func 3 312 "$urandom" 32 {0 0 0};
    %pad/u 1;
    %assign/vec4 v0x6321dd832f50_0, 0;
    %wait E_0x6321dd7cf9f0;
    %jmp T_18.16;
T_18.17 ;
    %vpi_call/w 3 317 "$display", "*** Draining the results" {0 0 0};
    %pushi/vec4 1, 0, 1;
    %assign/vec4 v0x6321dd832f50_0, 0;
    %pushi/vec4 11, 0, 32;
T_18.30 %dup/vec4;
    %pushi/vec4 0, 0, 32;
    %cmp/s;
    %jmp/1xz T_18.31, 5;
    %jmp/1 T_18.31, 4;
    %pushi/vec4 1, 0, 32;
    %sub;
    %wait E_0x6321dd7cf9f0;
    %jmp T_18.30;
T_18.31 ;
    %pop/vec4 1;
    %vpi_call/w 3 322 "$display", "%s PASS", "./tb.sv" {0 0 0};
    %vpi_call/w 3 323 "$finish" {0 0 0};
    %end;
    .thread T_18;
    .scope S_0x6321dd7f9cf0;
T_19 ;
    %wait E_0x6321dd7cf9f0;
    %load/vec4 v0x6321dd832b20_0;
    %flag_set/vec4 8;
    %jmp/0xz  T_19.0, 8;
    %pushi/vec4 0, 0, 4;
    %assign/vec4 v0x6321dd832260_0, 0;
    %jmp T_19.1;
T_19.0 ;
    %load/vec4 v0x6321dd8324f0_0;
    %load/vec4 v0x6321dd832420_0;
    %and;
    %flag_set/vec4 8;
    %jmp/0xz  T_19.2, 8;
    %vpi_func 3 333 "$urandom" 32 {0 0 0};
    %pad/u 4;
    %assign/vec4 v0x6321dd832260_0, 0;
T_19.2 ;
T_19.1 ;
    %jmp T_19;
    .thread T_19;
    .scope S_0x6321dd7f9cf0;
T_20 ;
    %wait E_0x6321dd7cf9f0;
    %load/vec4 v0x6321dd832b20_0;
    %flag_set/vec4 8;
    %jmp/0xz  T_20.0, 8;
    %pushi/vec4 0, 0, 4;
    %assign/vec4 v0x6321dd832630_0, 0;
    %jmp T_20.1;
T_20.0 ;
    %load/vec4 v0x6321dd832870_0;
    %load/vec4 v0x6321dd8327a0_0;
    %and;
    %flag_set/vec4 8;
    %jmp/0xz  T_20.2, 8;
    %vpi_func 3 339 "$urandom" 32 {0 0 0};
    %pad/u 4;
    %assign/vec4 v0x6321dd832630_0, 0;
T_20.2 ;
T_20.1 ;
    %jmp T_20;
    .thread T_20;
# The file index is used to find the file name in the following table.
:file_names 7;
    "N/A";
    "<interactive>";
    "-";
    "./tb.sv";
    "./a_plus_b_using_fifos_and_double_buffer.sv";
    "./double_buffer_from_dally_harting.sv";
    "./flip_flop_fifo_with_counter.sv";
